Component: ARM Compiler 5.06 update 6 (build 750) Tool: armlink [4d35ed]

==============================================================================

Section Cross References

    main.o(i.main) refers to stm32g0xx_hal.o(i.HAL_Init) for HAL_Init
    main.o(i.main) refers to clock.o(i.CLock_Init) for CLock_Init
    main.o(i.main) refers to usart.o(i.U1_Init) for U1_Init
    main.o(i.main) refers to usart.o(i.U3_Init) for U3_Init
    main.o(i.main) refers to usart.o(i.U2_Init) for U2_Init
    main.o(i.main) refers to iic.o(i.IIC_Init) for IIC_Init
    main.o(i.main) refers to w25qxx.o(i.W25Qxx_Init) for W25Qxx_Init
    main.o(i.main) refers to 24c02.o(i.EEprom_ReadInfo) for EEprom_ReadInfo
    main.o(i.main) refers to lora.o(i.LoRa_Init) for LoRa_Init
    main.o(i.main) refers to usart.o(i.u1_printf) for u1_printf
    main.o(i.main) refers to memseta.o(.text) for __aeabi_memclr
    main.o(i.main) refers to memcpya.o(.text) for __aeabi_memcpy
    main.o(i.main) refers to cat1.o(i.U2PassiveEvent) for U2PassiveEvent
    main.o(i.main) refers to stm32g0xx_hal_uart.o(i.HAL_UART_Transmit_DMA) for HAL_UART_Transmit_DMA
    main.o(i.main) refers to lora.o(i.U3PassiveEvent) for U3PassiveEvent
    main.o(i.main) refers to stm32g0xx_hal.o(i.HAL_GetTick) for HAL_GetTick
    main.o(i.main) refers to cat1.o(i.ActiveEvent) for ActiveEvent
    main.o(i.main) refers to usart.o(.bss) for UART2_ControlCB
    stm32g0xx_it.o(i.DMA1_Ch4_7_DMAMUX1_OVR_IRQHandler) refers to stm32g0xx_hal_dma.o(i.HAL_DMA_IRQHandler) for HAL_DMA_IRQHandler
    stm32g0xx_it.o(i.DMA1_Ch4_7_DMAMUX1_OVR_IRQHandler) refers to usart.o(.bss) for UART2_ControlCB
    stm32g0xx_it.o(i.DMA1_Channel1_IRQHandler) refers to stm32g0xx_hal_dma.o(i.HAL_DMA_IRQHandler) for HAL_DMA_IRQHandler
    stm32g0xx_it.o(i.DMA1_Channel1_IRQHandler) refers to usart.o(.bss) for UART3_ControlCB
    stm32g0xx_it.o(i.DMA1_Channel2_3_IRQHandler) refers to stm32g0xx_hal_dma.o(i.HAL_DMA_IRQHandler) for HAL_DMA_IRQHandler
    stm32g0xx_it.o(i.DMA1_Channel2_3_IRQHandler) refers to usart.o(.bss) for UART3_ControlCB
    stm32g0xx_it.o(i.SysTick_Handler) refers to stm32g0xx_hal.o(i.HAL_IncTick) for HAL_IncTick
    stm32g0xx_it.o(i.USART2_IRQHandler) refers to stm32g0xx_hal_uart.o(i.HAL_UART_IRQHandler) for HAL_UART_IRQHandler
    stm32g0xx_it.o(i.USART2_IRQHandler) refers to stm32g0xx_hal_uart.o(i.HAL_UART_AbortReceive_IT) for HAL_UART_AbortReceive_IT
    stm32g0xx_it.o(i.USART2_IRQHandler) refers to usart.o(.bss) for UART2_ControlCB
    stm32g0xx_it.o(i.USART3_4_IRQHandler) refers to stm32g0xx_hal_uart.o(i.HAL_UART_IRQHandler) for HAL_UART_IRQHandler
    stm32g0xx_it.o(i.USART3_4_IRQHandler) refers to stm32g0xx_hal_uart.o(i.HAL_UART_AbortReceive_IT) for HAL_UART_AbortReceive_IT
    stm32g0xx_it.o(i.USART3_4_IRQHandler) refers to usart.o(.bss) for UART3_ControlCB
    usart.o(i.HAL_UART_AbortReceiveCpltCallback) refers to stm32g0xx_hal.o(i.HAL_GetTick) for HAL_GetTick
    usart.o(i.HAL_UART_AbortReceiveCpltCallback) refers to stm32g0xx_hal_uart.o(i.HAL_UART_Receive_DMA) for HAL_UART_Receive_DMA
    usart.o(i.HAL_UART_AbortReceiveCpltCallback) refers to usart.o(.bss) for UART3_ControlCB
    usart.o(i.HAL_UART_MspInit) refers to stm32g0xx_hal_gpio.o(i.HAL_GPIO_Init) for HAL_GPIO_Init
    usart.o(i.HAL_UART_MspInit) refers to stm32g0xx_hal_cortex.o(i.HAL_NVIC_SetPriority) for HAL_NVIC_SetPriority
    usart.o(i.HAL_UART_MspInit) refers to stm32g0xx_hal_cortex.o(i.HAL_NVIC_EnableIRQ) for HAL_NVIC_EnableIRQ
    usart.o(i.HAL_UART_MspInit) refers to stm32g0xx_hal_dma.o(i.HAL_DMA_Init) for HAL_DMA_Init
    usart.o(i.HAL_UART_MspInit) refers to usart.o(.bss) for UART3_ControlCB
    usart.o(i.HAL_UART_RxCpltCallback) refers to stm32g0xx_hal.o(i.HAL_GetTick) for HAL_GetTick
    usart.o(i.HAL_UART_RxCpltCallback) refers to stm32g0xx_hal_uart.o(i.HAL_UART_Receive_DMA) for HAL_UART_Receive_DMA
    usart.o(i.HAL_UART_RxCpltCallback) refers to usart.o(.bss) for UART3_ControlCB
    usart.o(i.HAL_UART_TxCpltCallback) refers to stm32g0xx_hal.o(i.HAL_GetTick) for HAL_GetTick
    usart.o(i.HAL_UART_TxCpltCallback) refers to usart.o(.bss) for UART3_ControlCB
    usart.o(i.U1_Init) refers to stm32g0xx_hal_uart.o(i.HAL_UART_Init) for HAL_UART_Init
    usart.o(i.U1_Init) refers to usart.o(.bss) for UART1_ControlCB
    usart.o(i.U2_Init) refers to stm32g0xx_hal_uart.o(i.HAL_UART_Init) for HAL_UART_Init
    usart.o(i.U2_Init) refers to usart.o(i.u2_BuffInit) for u2_BuffInit
    usart.o(i.U2_Init) refers to usart.o(.bss) for UART2_ControlCB
    usart.o(i.U3_Init) refers to stm32g0xx_hal_uart.o(i.HAL_UART_Init) for HAL_UART_Init
    usart.o(i.U3_Init) refers to usart.o(i.u3_BuffInit) for u3_BuffInit
    usart.o(i.U3_Init) refers to usart.o(.bss) for UART3_ControlCB
    usart.o(i.u1_printf) refers to printfa.o(i.__0vsprintf) for vsprintf
    usart.o(i.u1_printf) refers to strlen.o(.text) for strlen
    usart.o(i.u1_printf) refers to usart.o(.bss) for U1_TxBuff
[...]
    ..\\STM32G0xx_HAL_Driver\\Src\\stm32g0xx_hal_pwr.c 0x00000000   Number         0  stm32g0xx_hal_pwr.o ABSOLUTE
    ..\\STM32G0xx_HAL_Driver\\Src\\stm32g0xx_hal_pwr_ex.c 0x00000000   Number         0  stm32g0xx_hal_pwr_ex.o ABSOLUTE
    ..\\STM32G0xx_HAL_Driver\\Src\\stm32g0xx_hal_rcc.c 0x00000000   Number         0  stm32g0xx_hal_rcc.o ABSOLUTE
    ..\\STM32G0xx_HAL_Driver\\Src\\stm32g0xx_hal_spi.c 0x00000000   Number         0  stm32g0xx_hal_spi.o ABSOLUTE
    ..\\STM32G0xx_HAL_Driver\\Src\\stm32g0xx_hal_spi_ex.c 0x00000000   Number         0  stm32g0xx_hal_spi_ex.o ABSOLUTE
    ..\\STM32G0xx_HAL_Driver\\Src\\stm32g0xx_hal_tim.c 0x00000000   Number         0  stm32g0xx_hal_tim.o ABSOLUTE
    ..\\STM32G0xx_HAL_Driver\\Src\\stm32g0xx_hal_tim_ex.c 0x00000000   Number         0  stm32g0xx_hal_tim_ex.o ABSOLUTE
    ..\\STM32G0xx_HAL_Driver\\Src\\stm32g0xx_hal_uart.c 0x00000000   Number         0  stm32g0xx_hal_uart.o ABSOLUTE
    ..\\STM32G0xx_HAL_Driver\\Src\\stm32g0xx_hal_uart_ex.c 0x00000000   Number         0  stm32g0xx_hal_uart_ex.o ABSOLUTE
    cdcmple.s                                0x00000000   Number         0  cdcmple.o ABSOLUTE
    cdrcmple.s                               0x00000000   Number         0  cdrcmple.o ABSOLUTE
    dc.s                                     0x00000000   Number         0  dc.o ABSOLUTE
    handlers.s                               0x00000000   Number         0  handlers.o ABSOLUTE
    init.s                                   0x00000000   Number         0  init.o ABSOLUTE
    main.c                                   0x00000000   Number         0  main.o ABSOLUTE
    main.c                                   0x00000000   Number         0  main.o ABSOLUTE
    RESET                                    0x08007000   Section      184  startup_stm32g070xx.o(RESET)
    .ARM.Collect$$$$00000000                 0x080070b8   Section        0  entry.o(.ARM.Collect$$$$00000000)
    .ARM.Collect$$$$00000001                 0x080070b8   Section        4  entry2.o(.ARM.Collect$$$$00000001)
    .ARM.Collect$$$$00000004                 0x080070bc   Section        4  entry5.o(.ARM.Collect$$$$00000004)
    .ARM.Collect$$$$00000008                 0x080070c0   Section        0  entry7b.o(.ARM.Collect$$$$00000008)
    .ARM.Collect$$$$0000000A                 0x080070c0   Section        0  entry8b.o(.ARM.Collect$$$$0000000A)
    .ARM.Collect$$$$0000000B                 0x080070c0   Section        8  entry9a.o(.ARM.Collect$$$$0000000B)
    .ARM.Collect$$$$0000000D                 0x080070c8   Section        0  entry10a.o(.ARM.Collect$$$$0000000D)
    .ARM.Collect$$$$0000000F                 0x080070c8   Section        0  entry11a.o(.ARM.Collect$$$$0000000F)
    .ARM.Collect$$$$00002712                 0x080070c8   Section        4  entry2.o(.ARM.Collect$$$$00002712)
    __lit__00000000                          0x080070c8   Data           4  entry2.o(.ARM.Collect$$$$00002712)
    .text                                    0x080070cc   Section       28  startup_stm32g070xx.o(.text)
    .text                                    0x080070e8   Section        0  uidiv.o(.text)
    .text                                    0x08007114   Section        0  memcpya.o(.text)
    .text                                    0x08007138   Section        0  memseta.o(.text)
    .text                                    0x0800715c   Section        0  strstr.o(.text)
    .text                                    0x08007184   Section        0  strlen.o(.text)
    .text                                    0x08007194   Section        0  __0sscanf.o(.text)
    .text                                    0x080071d0   Section        0  _scanf_int.o(.text)
    .text                                    0x0800731a   Section        0  _scanf_str.o(.text)
    .text                                    0x08007404   Section        0  dadd.o(.text)
    .text                                    0x08007568   Section        0  dmul.o(.text)
    .text                                    0x08007638   Section        0  dflti.o(.text)
    .text                                    0x08007660   Section        0  dfixi.o(.text)
    .text                                    0x080076a8   Section        0  uldiv.o(.text)
    .text                                    0x08007708   Section        0  llshl.o(.text)
    .text                                    0x08007728   Section        0  llushr.o(.text)
    .text                                    0x0800774a   Section        0  llsshr.o(.text)
    .text                                    0x08007770   Section        0  _chval.o(.text)
    .text                                    0x08007790   Section        0  scanf_char.o(.text)
    _scanf_char_input                        0x08007791   Thumb Code    12  scanf_char.o(.text)
    .text                                    0x080077bc   Section        0  _sgetc.o(.text)
    .text                                    0x08007800   Section        0  depilogue.o(.text)
    .text                                    0x08007800   Section        0  iusefp.o(.text)
    .text                                    0x080078c0   Section        0  ddiv.o(.text)
    .text                                    0x080079b0   Section        0  dscalb.o(.text)
    .text                                    0x080079dc   Section        0  dfixul.o(.text)
    .text                                    0x08007a1c   Section       40  cdrcmple.o(.text)
    .text                                    0x08007a44   Section       36  init.o(.text)
    .text                                    0x08007a68   Section        0  isspace_c.o(.text)
    .text                                    0x08007a78   Section        0  _scanf.o(.text)
    .text                                    0x08007db0   Section        0  dsqrt.o(.text)
    .text                                    0x08007e54   Section        0  ctype_c.o(.text)
    i.ActiveEvent                            0x08007e78   Section        0  cat1.o(i.ActiveEvent)
    i.CAT1_OTADownload                       0x08008198   Section        0  cat1.o(i.CAT1_OTADownload)
    i.CAT1_PropertyVersion                   0x0800823c   Section        0  cat1.o(i.CAT1_PropertyVersion)
    i.CAT1_Reset                             0x080082d8   Section        0  cat1.o(i.CAT1_Reset)
    i.CAT1_SubDeviceLogin                    0x0800846c   Section        0  cat1.o(i.CAT1_SubDeviceLogin)
    i.CAT1_SubDevicePost                     0x080084c8   Section        0  cat1.o(i.CAT1_SubDevicePost)
    i.CLock_Init                             0x0800852c   Section        0  clock.o(i.CLock_Init)
    i.DMA1_Ch4_7_DMAMUX1_OVR_IRQHandler      0x080085a0   Section        0  stm32g0xx_it.o(i.DMA1_Ch4_7_DMAMUX1_OVR_IRQHandler)
    i.DMA1_Channel1_IRQHandler               0x080085b8   Section        0  stm32g0xx_it.o(i.DMA1_Channel1_IRQHandler)
    i.DMA1_Channel2_3_IRQHandler             0x080085c8   Section        0  stm32g0xx_it.o(i.DMA1_Channel2_3_IRQHandler)
    i.DMA_CalcDMAMUXChannelBaseAndMask       0x080085d8   Section        0  stm32g0xx_hal_dma.o(i.DMA_CalcDMAMUXChannelBaseAndMask)
    DMA_CalcDMAMUXChannelBaseAndMask         0x080085d9   Thumb Code    48  stm32g0xx_hal_dma.o(i.DMA_CalcDMAMUXChannelBaseAndMask)
    i.DMA_CalcDMAMUXRequestGenBaseAndMask    0x0800860c   Section        0  stm32g0xx_hal_dma.o(i.DMA_CalcDMAMUXRequestGenBaseAndMask)
    DMA_CalcDMAMUXRequestGenBaseAndMask      0x0800860d   Thumb Code    36  stm32g0xx_hal_dma.o(i.DMA_CalcDMAMUXRequestGenBaseAndMask)
    i.DMA_SetConfig                          0x08008634   Section        0  stm32g0xx_hal_dma.o(i.DMA_SetConfig)
    DMA_SetConfig                            0x08008635   Thumb Code    70  stm32g0xx_hal_dma.o(i.DMA_SetConfig)
    i.Delay_Us                               0x08008680   Section        0  clock.o(i.Delay_Us)
    i.EEprom_ReadData                        0x080086c8   Section        0  24c02.o(i.EEprom_ReadData)
    i.EEprom_ReadInfo                        0x080086e0   Section        0  24c02.o(i.EEprom_ReadInfo)
    i.EEprom_WriteData                       0x0800886c   Section        0  24c02.o(i.EEprom_WriteData)
    i.HAL_DMA_Abort                          0x08008894   Section        0  stm32g0xx_hal_dma.o(i.HAL_DMA_Abort)
    i.HAL_DMA_Abort_IT                       0x0800892c   Section        0  stm32g0xx_hal_dma.o(i.HAL_DMA_Abort_IT)
    i.HAL_DMA_IRQHandler                     0x080089c0   Section        0  stm32g0xx_hal_dma.o(i.HAL_DMA_IRQHandler)
    i.HAL_DMA_Init                           0x08008ae0   Section        0  stm32g0xx_hal_dma.o(i.HAL_DMA_Init)
    i.HAL_DMA_Start_IT                       0x08008ba0   Section        0  stm32g0xx_hal_dma.o(i.HAL_DMA_Start_IT)
    i.HAL_Delay                              0x08008c6c   Section        0  stm32g0xx_hal.o(i.HAL_Delay)
    i.HAL_GPIO_Init                          0x08008c98   Section        0  stm32g0xx_hal_gpio.o(i.HAL_GPIO_Init)
    i.HAL_GPIO_ReadPin                       0x08008e70   Section        0  stm32g0xx_hal_gpio.o(i.HAL_GPIO_ReadPin)
    i.HAL_GPIO_WritePin                      0x08008e82   Section        0  stm32g0xx_hal_gpio.o(i.HAL_GPIO_WritePin)
    i.HAL_GetTick                            0x08008e90   Section        0  stm32g0xx_hal.o(i.HAL_GetTick)
    i.HAL_IncTick                            0x08008e9c   Section        0  stm32g0xx_hal.o(i.HAL_IncTick)
    i.HAL_Init                               0x08008eb4   Section        0  stm32g0xx_hal.o(i.HAL_Init)
    i.HAL_InitTick                           0x08008ee0   Section        0  stm32g0xx_hal.o(i.HAL_InitTick)
    i.HAL_MspInit                            0x08008f40   Section        0  stm32g0xx_hal.o(i.HAL_MspInit)
    i.HAL_NVIC_EnableIRQ                     0x08008f44   Section        0  stm32g0xx_hal_cortex.o(i.HAL_NVIC_EnableIRQ)
    i.HAL_NVIC_SetPriority                   0x08008f68   Section        0  stm32g0xx_hal_cortex.o(i.HAL_NVIC_SetPriority)
    i.HAL_RCC_ClockConfig                    0x08008f7c   Section        0  stm32g0xx_hal_rcc.o(i.HAL_RCC_ClockConfig)
    i.HAL_RCC_GetHCLKFreq                    0x08009150   Section        0  stm32g0xx_hal_rcc.o(i.HAL_RCC_GetHCLKFreq)
    i.HAL_RCC_GetPCLK1Freq                   0x0800915c   Section        0  stm32g0xx_hal_rcc.o(i.HAL_RCC_GetPCLK1Freq)
    i.HAL_RCC_GetSysClockFreq                0x08009184   Section        0  stm32g0xx_hal_rcc.o(i.HAL_RCC_GetSysClockFreq)
    i.HAL_RCC_OscConfig                      0x08009268   Section        0  stm32g0xx_hal_rcc.o(i.HAL_RCC_OscConfig)
    i.HAL_SPI_Init                           0x0800981c   Section        0  stm32g0xx_hal_spi.o(i.HAL_SPI_Init)
    i.HAL_SPI_MspInit                        0x08009928   Section        0  spi.o(i.HAL_SPI_MspInit)
    i.HAL_SYSTICK_CLKSourceConfig            0x080099a0   Section        0  stm32g0xx_hal_cortex.o(i.HAL_SYSTICK_CLKSourceConfig)
    i.HAL_SYSTICK_Config                     0x080099c4   Section        0  stm32g0xx_hal_cortex.o(i.HAL_SYSTICK_Config)
    i.HAL_UARTEx_RxEventCallback             0x080099fc   Section        0  stm32g0xx_hal_uart.o(i.HAL_UARTEx_RxEventCallback)
    i.HAL_UARTEx_RxFifoFullCallback          0x080099fe   Section        0  stm32g0xx_hal_uart_ex.o(i.HAL_UARTEx_RxFifoFullCallback)
    i.HAL_UARTEx_TxFifoEmptyCallback         0x08009a00   Section        0  stm32g0xx_hal_uart_ex.o(i.HAL_UARTEx_TxFifoEmptyCallback)
    i.HAL_UARTEx_WakeupCallback              0x08009a02   Section        0  stm32g0xx_hal_uart_ex.o(i.HAL_UARTEx_WakeupCallback)
    i.HAL_UART_AbortReceiveCpltCallback      0x08009a04   Section        0  usart.o(i.HAL_UART_AbortReceiveCpltCallback)
    i.HAL_UART_AbortReceive_IT               0x08009b30   Section        0  stm32g0xx_hal_uart.o(i.HAL_UART_AbortReceive_IT)
    i.HAL_UART_ErrorCallback                 0x08009c48   Section        0  stm32g0xx_hal_uart.o(i.HAL_UART_ErrorCallback)
    i.HAL_UART_IRQHandler                    0x08009c4c   Section        0  stm32g0xx_hal_uart.o(i.HAL_UART_IRQHandler)
    i.HAL_UART_Init                          0x0800a07a   Section        0  stm32g0xx_hal_uart.o(i.HAL_UART_Init)
    i.HAL_UART_MspInit                       0x0800a0fc   Section        0  usart.o(i.HAL_UART_MspInit)
    i.HAL_UART_Receive_DMA                   0x0800a3ac   Section        0  stm32g0xx_hal_uart.o(i.HAL_UART_Receive_DMA)
    i.HAL_UART_RxCpltCallback                0x0800a440   Section        0  usart.o(i.HAL_UART_RxCpltCallback)
    i.HAL_UART_RxHalfCpltCallback            0x0800a588   Section        0  stm32g0xx_hal_uart.o(i.HAL_UART_RxHalfCpltCallback)
    i.HAL_UART_Transmit_DMA                  0x0800a58c   Section        0  stm32g0xx_hal_uart.o(i.HAL_UART_Transmit_DMA)
    i.HAL_UART_TxCpltCallback                0x0800a684   Section        0  usart.o(i.HAL_UART_TxCpltCallback)
    i.HAL_UART_TxHalfCpltCallback            0x0800a6c8   Section        0  stm32g0xx_hal_uart.o(i.HAL_UART_TxHalfCpltCallback)
    i.HardFault_Handler                      0x0800a6ca   Section        0  stm32g0xx_it.o(i.HardFault_Handler)
    i.IIC_Init                               0x0800a6cc   Section        0  iic.o(i.IIC_Init)
    i.IIC_Read_Byte                          0x0800a758   Section        0  iic.o(i.IIC_Read_Byte)
    i.IIC_Send_Byte                          0x0800a832   Section        0  iic.o(i.IIC_Send_Byte)
    i.IIC_Start                              0x0800a88e   Section        0  iic.o(i.IIC_Start)
    i.IIC_Stop                               0x0800a8be   Section        0  iic.o(i.IIC_Stop)
    i.IIC_Wait_Ack                           0x0800a8ee   Section        0  iic.o(i.IIC_Wait_Ack)
    i.IoT_Parameter_Init                     0x0800a94c   Section        0  mqtt.o(i.IoT_Parameter_Init)
    i.LoRa_GPIO_Init                         0x0800abd4   Section        0  lora.o(i.LoRa_GPIO_Init)
    i.LoRa_Get                               0x0800ac70   Section        0  lora.o(i.LoRa_Get)
    i.LoRa_Init                              0x0800b188   Section        0  lora.o(i.LoRa_Init)
    i.LoRa_Reset                             0x0800b24c   Section        0  lora.o(i.LoRa_Reset)
    i.LoRa_Set                               0x0800b2b8   Section        0  lora.o(i.LoRa_Set)
    i.M24C02_ReadSequential                  0x0800b354   Section        0  24c02.o(i.M24C02_ReadSequential)
    i.M24C02_WriteOneByte                    0x0800b3ae   Section        0  24c02.o(i.M24C02_WriteOneByte)
    i.MQTT_ConectPack                        0x0800b3e4   Section        0  mqtt.o(i.MQTT_ConectPack)
    i.MQTT_DealPushdatatopic_Qs0             0x0800b604   Section        0  mqtt.o(i.MQTT_DealPushdatatopic_Qs0)
    i.MQTT_PingREQ                           0x0800b6a4   Section        0  mqtt.o(i.MQTT_PingREQ)
    i.MQTT_PublishQs0                        0x0800b6bc   Section        0  mqtt.o(i.MQTT_PublishQs0)
    i.MQTT_PublishQs1                        0x0800b798   Section        0  mqtt.o(i.MQTT_PublishQs1)
    i.MQTT_Subscribe                         0x0800b8cc   Section        0  mqtt.o(i.MQTT_Subscribe)
    i.NMI_Handler                            0x0800ba30   Section        0  stm32g0xx_it.o(i.NMI_Handler)
    i.PendSV_Handler                         0x0800ba32   Section        0  stm32g0xx_it.o(i.PendSV_Handler)
    i.SPI2_Init                              0x0800ba34   Section        0  spi.o(i.SPI2_Init)
    i.SPI2_Read                              0x0800ba88   Section        0  spi.o(i.SPI2_Read)
    i.SPI2_ReadByte                          0x0800baa4   Section        0  spi.o(i.SPI2_ReadByte)
    i.SPI2_ReadWriteByte                     0x0800bae0   Section        0  spi.o(i.SPI2_ReadWriteByte)
    i.SPI2_Write                             0x0800bb1c   Section        0  spi.o(i.SPI2_Write)
    i.SPI2_WriteByte                         0x0800bb38   Section        0  spi.o(i.SPI2_WriteByte)
    i.SPI2_WriteRead                         0x0800bb7c   Section        0  spi.o(i.SPI2_WriteRead)
    i.SVC_Handler                            0x0800bb9a   Section        0  stm32g0xx_it.o(i.SVC_Handler)
    i.SysInit                                0x0800bb9c   Section        0  cat1.o(i.SysInit)
    i.SysTick_Handler                        0x0800bbd4   Section        0  stm32g0xx_it.o(i.SysTick_Handler)
    i.SystemInit                             0x0800bbdc   Section        0  system_stm32g0xx.o(i.SystemInit)
    i.U1_Init                                0x0800bbec   Section        0  usart.o(i.U1_Init)
    i.U2PassiveEvent                         0x0800bc18   Section        0  cat1.o(i.U2PassiveEvent)
    i.U2_Init                                0x0800d41c   Section        0  usart.o(i.U2_Init)
    i.U3PassiveEvent                         0x0800d44c   Section        0  lora.o(i.U3PassiveEvent)
    i.U3_Init                                0x0800e4e0   Section        0  usart.o(i.U3_Init)
    i.UART_AdvFeatureConfig                  0x0800e510   Section        0  stm32g0xx_hal_uart.o(i.UART_AdvFeatureConfig)
    i.UART_CheckIdleState                    0x0800e600   Section        0  stm32g0xx_hal_uart.o(i.UART_CheckIdleState)
    i.UART_DMAAbortOnError                   0x0800e678   Section        0  stm32g0xx_hal_uart.o(i.UART_DMAAbortOnError)
    UART_DMAAbortOnError                     0x0800e679   Thumb Code    24  stm32g0xx_hal_uart.o(i.UART_DMAAbortOnError)
    i.UART_DMAError                          0x0800e690   Section        0  stm32g0xx_hal_uart.o(i.UART_DMAError)
    UART_DMAError                            0x0800e691   Thumb Code    90  stm32g0xx_hal_uart.o(i.UART_DMAError)
    i.UART_DMAReceiveCplt                    0x0800e6ea   Section        0  stm32g0xx_hal_uart.o(i.UART_DMAReceiveCplt)
    UART_DMAReceiveCplt                      0x0800e6eb   Thumb Code   200  stm32g0xx_hal_uart.o(i.UART_DMAReceiveCplt)
    i.UART_DMARxHalfCplt                     0x0800e7b2   Section        0  stm32g0xx_hal_uart.o(i.UART_DMARxHalfCplt)
    UART_DMARxHalfCplt                       0x0800e7b3   Thumb Code    34  stm32g0xx_hal_uart.o(i.UART_DMARxHalfCplt)
    i.UART_DMARxOnlyAbortCallback            0x0800e7d4   Section        0  stm32g0xx_hal_uart.o(i.UART_DMARxOnlyAbortCallback)
    UART_DMARxOnlyAbortCallback              0x0800e7d5   Thumb Code    48  stm32g0xx_hal_uart.o(i.UART_DMARxOnlyAbortCallback)
    i.UART_DMATransmitCplt                   0x0800e804   Section        0  stm32g0xx_hal_uart.o(i.UART_DMATransmitCplt)
    UART_DMATransmitCplt                     0x0800e805   Thumb Code   100  stm32g0xx_hal_uart.o(i.UART_DMATransmitCplt)
    i.UART_DMATxHalfCplt                     0x0800e868   Section        0  stm32g0xx_hal_uart.o(i.UART_DMATxHalfCplt)
    UART_DMATxHalfCplt                       0x0800e869   Thumb Code    14  stm32g0xx_hal_uart.o(i.UART_DMATxHalfCplt)
    i.UART_EndRxTransfer                     0x0800e878   Section        0  stm32g0xx_hal_uart.o(i.UART_EndRxTransfer)
    UART_EndRxTransfer                       0x0800e879   Thumb Code   128  stm32g0xx_hal_uart.o(i.UART_EndRxTransfer)
    i.UART_EndTransmit_IT                    0x0800e8fc   Section        0  stm32g0xx_hal_uart.o(i.UART_EndTransmit_IT)
    UART_EndTransmit_IT                      0x0800e8fd   Thumb Code    56  stm32g0xx_hal_uart.o(i.UART_EndTransmit_IT)
    i.UART_EndTxTransfer                     0x0800e934   Section        0  stm32g0xx_hal_uart.o(i.UART_EndTxTransfer)
    UART_EndTxTransfer                       0x0800e935   Thumb Code    82  stm32g0xx_hal_uart.o(i.UART_EndTxTransfer)
    i.UART_SetConfig                         0x0800e988   Section        0  stm32g0xx_hal_uart.o(i.UART_SetConfig)
    i.UART_Start_Receive_DMA                 0x0800ebb8   Section        0  stm32g0xx_hal_uart.o(i.UART_Start_Receive_DMA)
    i.UART_WaitOnFlagUntilTimeout            0x0800eca0   Section        0  stm32g0xx_hal_uart.o(i.UART_WaitOnFlagUntilTimeout)
    i.USART2_IRQHandler                      0x0800edc0   Section        0  stm32g0xx_it.o(i.USART2_IRQHandler)
    i.USART3_4_IRQHandler                    0x0800ee0c   Section        0  stm32g0xx_it.o(i.USART3_4_IRQHandler)
    i.W25Qxx_Erase_Block                     0x0800ee58   Section        0  w25qxx.o(i.W25Qxx_Erase_Block)
    i.W25Qxx_Init                            0x0800eea8   Section        0  w25qxx.o(i.W25Qxx_Init)
    i.W25Qxx_Read                            0x0800ef14   Section        0  w25qxx.o(i.W25Qxx_Read)
    i.W25Qxx_ReadID                          0x0800ef64   Section        0  w25qxx.o(i.W25Qxx_ReadID)
    i.W25Qxx_Wait_Busy                       0x0800efb0   Section        0  w25qxx.o(i.W25Qxx_Wait_Busy)
    i.W25Qxx_Write_Enable                    0x0800efe4   Section        0  w25qxx.o(i.W25Qxx_Write_Enable)
    i.W25Qxx_Write_Page                      0x0800f00c   Section        0  w25qxx.o(i.W25Qxx_Write_Page)
    i.__0sprintf                             0x0800f060   Section        0  printfa.o(i.__0sprintf)
    i.__0vsprintf                            0x0800f088   Section        0  printfa.o(i.__0vsprintf)
    i.__ARM_clz                              0x0800f0ac   Section        0  depilogue.o(i.__ARM_clz)
    i.__ARM_common_switch8                   0x0800f0da   Section        0  lora.o(i.__ARM_common_switch8)
    i.__ARM_fpclassify                       0x0800f0f8   Section        0  fpclassify.o(i.__ARM_fpclassify)
    i.__NVIC_SetPriority                     0x0800f124   Section        0  stm32g0xx_hal_cortex.o(i.__NVIC_SetPriority)
    __NVIC_SetPriority                       0x0800f125   Thumb Code   110  stm32g0xx_hal_cortex.o(i.__NVIC_SetPriority)
    i.__NVIC_SystemReset                     0x0800f19c   Section        0  clock.o(i.__NVIC_SystemReset)
    __NVIC_SystemReset                       0x0800f19d   Thumb Code    44  clock.o(i.__NVIC_SystemReset)
    i.__NVIC_SystemReset                     0x0800f1d0   Section        0  cat1.o(i.__NVIC_SystemReset)
    __NVIC_SystemReset                       0x0800f1d1   Thumb Code    44  cat1.o(i.__NVIC_SystemReset)
    i.__get_PRIMASK                          0x0800f204   Section        0  stm32g0xx_hal_uart.o(i.__get_PRIMASK)
    __get_PRIMASK                            0x0800f205   Thumb Code     6  stm32g0xx_hal_uart.o(i.__get_PRIMASK)
    i.__kernel_poly                          0x0800f20a   Section        0  poly.o(i.__kernel_poly)
    i.__mathlib_dbl_divzero                  0x0800f2b8   Section        0  dunder.o(i.__mathlib_dbl_divzero)
    i.__mathlib_dbl_infnan2                  0x0800f2cc   Section        0  dunder.o(i.__mathlib_dbl_infnan2)
    i.__mathlib_dbl_invalid                  0x0800f2d4   Section        0  dunder.o(i.__mathlib_dbl_invalid)
    i.__mathlib_dbl_overflow                 0x0800f2e4   Section        0  dunder.o(i.__mathlib_dbl_overflow)
    i.__mathlib_dbl_underflow                0x0800f2f8   Section        0  dunder.o(i.__mathlib_dbl_underflow)
    i.__scatterload_copy                     0x0800f30c   Section       14  handlers.o(i.__scatterload_copy)
    i.__scatterload_null                     0x0800f31a   Section        2  handlers.o(i.__scatterload_null)
    i.__scatterload_zeroinit                 0x0800f31c   Section       14  handlers.o(i.__scatterload_zeroinit)
    i.__set_PRIMASK                          0x0800f32a   Section        0  stm32g0xx_hal_uart.o(i.__set_PRIMASK)
    __set_PRIMASK                            0x0800f32b   Thumb Code     6  stm32g0xx_hal_uart.o(i.__set_PRIMASK)
    i.__set_errno                            0x0800f330   Section        0  errno.o(i.__set_errno)
    i._fp_digits                             0x0800f33c   Section        0  printfa.o(i._fp_digits)
    _fp_digits                               0x0800f33d   Thumb Code   344  printfa.o(i._fp_digits)
    i._printf_core                           0x0800f4b0   Section        0  printfa.o(i._printf_core)
    _printf_core                             0x0800f4b1   Thumb Code  1754  printfa.o(i._printf_core)
    i._printf_post_padding                   0x0800fb9c   Section        0  printfa.o(i._printf_post_padding)
    _printf_post_padding                     0x0800fb9d   Thumb Code    32  printfa.o(i._printf_post_padding)
    i._printf_pre_padding                    0x0800fbbc   Section        0  printfa.o(i._printf_pre_padding)
    _printf_pre_padding                      0x0800fbbd   Thumb Code    44  printfa.o(i._printf_pre_padding)
    i._sputc                                 0x0800fbe8   Section        0  printfa.o(i._sputc)
    _sputc                                   0x0800fbe9   Thumb Code    10  printfa.o(i._sputc)
    i.main                                   0x0800fbf4   Section        0  main.o(i.main)
    i.pow                                    0x0800fe8c   Section        0  pow.o(i.pow)
    i.sqrt                                   0x08010888   Section        0  sqrt.o(i.sqrt)
    i.u1_printf                              0x080108d0   Section        0  usart.o(i.u1_printf)
    i.u2_BuffInit                            0x08010938   Section        0  usart.o(i.u2_BuffInit)
    i.u2_TxDataBuf                           0x080109d4   Section        0  usart.o(i.u2_TxDataBuf)
    i.u2_printf                              0x08010a58   Section        0  usart.o(i.u2_printf)
    i.u3_BuffInit                            0x08010ac0   Section        0  usart.o(i.u3_BuffInit)
    i.u3_TxDataBuf                           0x08010b50   Section        0  usart.o(i.u3_TxDataBuf)
    i.utils_hb2hex                           0x08010bd4   Section        0  utils_md5.o(i.utils_hb2hex)
    i.utils_hmac_sha1                        0x08010bec   Section        0  utils_hmac.o(i.utils_hmac_sha1)
    i.utils_sha1_finish                      0x08010cd0   Section        0  utils_sha1.o(i.utils_sha1_finish)
    i.utils_sha1_init                        0x08010dd4   Section        0  utils_sha1.o(i.utils_sha1_init)
    i.utils_sha1_process                     0x08010de4   Section        0  utils_sha1.o(i.utils_sha1_process)
    i.utils_sha1_starts                      0x080121f0   Section        0  utils_sha1.o(i.utils_sha1_starts)
    i.utils_sha1_update                      0x0801221c   Section        0  utils_sha1.o(i.utils_sha1_update)
    .constdata                               0x0801229e   Section       32  stm32g0xx_hal_uart.o(.constdata)
    CHANNEL_OFFSET_TAB                       0x0801229e   Data           7  stm32g0xx_hal_uart.o(.constdata)
    .constdata                               0x080122c0   Section      104  system_stm32g0xx.o(.constdata)
    CHANNEL_OFFSET_TAB                       0x080122c0   Data           7  system_stm32g0xx.o(.constdata)
    .constdata                               0x08012328   Section       64  utils_sha1.o(.constdata)
    iot_sha1_padding                         0x08012328   Data          64  utils_sha1.o(.constdata)
    .constdata                               0x08012368   Section      136  pow.o(.constdata)
    bp                                       0x08012368   Data          16  pow.o(.constdata)
    dp_h                                     0x08012378   Data          16  pow.o(.constdata)
    dp_l                                     0x08012388   Data          16  pow.o(.constdata)
    L                                        0x08012398   Data          48  pow.o(.constdata)
    P                                        0x080123c8   Data          40  pow.o(.constdata)
    .constdata                               0x080123f0   Section        8  qnan.o(.constdata)
    .constdata                               0x080123f8   Section       64  ctype_c.o(.constdata)
    .conststring                             0x08012438   Section      652  lora.o(.conststring)
    .conststring                             0x080126c4   Section      148  24c02.o(.conststring)
    .conststring                             0x08012758   Section      983  cat1.o(.conststring)
    .data                                    0x20000000   Section       18  lora.o(.data)
    .data                                    0x20000012   Section        1  spi.o(.data)
    .data                                    0x20000013   Section        2  cat1.o(.data)
    .data                                    0x20000018   Section        9  stm32g0xx_hal.o(.data)
    .data                                    0x20000024   Section        4  system_stm32g0xx.o(.data)
    .data                                    0x20000028   Section        4  errno.o(.data)
    _errno                                   0x20000028   Data           4  errno.o(.data)
    .bss                                     0x20000030   Section      688  main.o(.bss)
    .bss                                     0x200002e0   Section    16673  usart.o(.bss)
    .bss                                     0x20004401   Section      768  lora.o(.bss)
    .bss                                     0x20004704   Section      100  spi.o(.bss)
    .bss                                     0x20004768   Section     1744  mqtt.o(.bss)
    .bss                                     0x20004e38   Section      256  cat1.o(.bss)
    STACK                                    0x20004f38   Section     1024  startup_stm32g070xx.o(STACK)

    Global Symbols

    Symbol Name                              Value     Ov Type        Size  Object(Section)

    BuildAttributes$$THM_ISAv3M$S$PE$A:L22$X:L11$S22$IEEE1$IW$USESV6$~STKCKD$USESV7$~SHL$OTIME$ROPI$IEEEX$EBA8$MICROLIB$REQ8$PRES8$EABIv2 0x00000000   Number         0  anon$$obj.o ABSOLUTE
    __ARM_use_no_argv                        0x00000000   Number         0  main.o ABSOLUTE
    _printf_a                                0x00000000   Number         0  stubs.o ABSOLUTE
    _printf_c                                0x00000000   Number         0  stubs.o ABSOLUTE
    _printf_charcount                        0x00000000   Number         0  stubs.o ABSOLUTE
    _printf_d                                0x00000000   Number         0  stubs.o ABSOLUTE
    _printf_e                                0x00000000   Number         0  stubs.o ABSOLUTE
    _printf_f                                0x00000000   Number         0  stubs.o ABSOLUTE
    _printf_flags                            0x00000000   Number         0  stubs.o ABSOLUTE
    _printf_fp_dec                           0x00000000   Number         0  stubs.o ABSOLUTE
    _printf_fp_hex                           0x00000000   Number         0  stubs.o ABSOLUTE
    _printf_g                                0x00000000   Number         0  stubs.o ABSOLUTE
    _printf_i                                0x00000000   Number         0  stubs.o ABSOLUTE
    _printf_int_dec                          0x00000000   Number         0  stubs.o ABSOLUTE
    _printf_l                                0x00000000   Number         0  stubs.o ABSOLUTE
    _printf_lc                               0x00000000   Number         0  stubs.o ABSOLUTE
    _printf_ll                               0x00000000   Number         0  stubs.o ABSOLUTE
    _printf_lld                              0x00000000   Number         0  stubs.o ABSOLUTE
    _printf_lli                              0x00000000   Number         0  stubs.o ABSOLUTE
    _printf_llo                              0x00000000   Number         0  stubs.o ABSOLUTE
    _printf_llu                              0x00000000   Number         0  stubs.o ABSOLUTE
    _printf_llx                              0x00000000   Number         0  stubs.o ABSOLUTE
    _printf_longlong_dec                     0x00000000   Number         0  stubs.o ABSOLUTE
    _printf_longlong_hex                     0x00000000   Number         0  stubs.o ABSOLUTE
    _printf_longlong_oct                     0x00000000   Number         0  stubs.o ABSOLUTE
    _printf_ls                               0x00000000   Number         0  stubs.o ABSOLUTE
    _printf_mbtowc                           0x00000000   Number         0  stubs.o ABSOLUTE
    _printf_n                                0x00000000   Number         0  stubs.o ABSOLUTE
    _printf_o                                0x00000000   Number         0  stubs.o ABSOLUTE
    _printf_p                                0x00000000   Number         0  stubs.o ABSOLUTE
    _printf_percent                          0x00000000   Number         0  stubs.o ABSOLUTE
    _printf_pre_padding                      0x00000000   Number         0  stubs.o ABSOLUTE
    _printf_return_value                     0x00000000   Number         0  stubs.o ABSOLUTE
    _printf_s                                0x00000000   Number         0  stubs.o ABSOLUTE
    _printf_sizespec                         0x00000000   Number         0  stubs.o ABSOLUTE
    _printf_str                              0x00000000   Number         0  stubs.o ABSOLUTE
    _printf_truncate_signed                  0x00000000   Number         0  stubs.o ABSOLUTE
    _printf_truncate_unsigned                0x00000000   Number         0  stubs.o ABSOLUTE
    _printf_u                                0x00000000   Number         0  stubs.o ABSOLUTE
    _printf_wc                               0x00000000   Number         0  stubs.o ABSOLUTE
    _printf_wctomb                           0x00000000   Number         0  stubs.o ABSOLUTE
    _printf_widthprec                        0x00000000   Number         0  stubs.o ABSOLUTE
    _printf_x                                0x00000000   Number         0  stubs.o ABSOLUTE
    __cpp_initialize__aeabi_                  - Undefined Weak Reference
    __cxa_finalize                            - Undefined Weak Reference
    __decompress                              - Undefined Weak Reference
    _clock_init                               - Undefined Weak Reference
    _microlib_exit                            - Undefined Weak Reference
    _scanf_longlong                           - Undefined Weak Reference
    _scanf_real                               - Undefined Weak Reference
    __Vectors_Size                           0x000000b8   Number         0  startup_stm32g070xx.o ABSOLUTE
    __Vectors                                0x08007000   Data           4  startup_stm32g070xx.o(RESET)
    __Vectors_End                            0x080070b8   Data           0  startup_stm32g070xx.o(RESET)
    __main                                   0x080070b9   Thumb Code     0  entry.o(.ARM.Collect$$$$00000000)
    _main_stk                                0x080070b9   Thumb Code     0  entry2.o(.ARM.Collect$$$$00000001)
    _main_scatterload                        0x080070bd   Thumb Code     0  entry5.o(.ARM.Collect$$$$00000004)
    __main_after_scatterload                 0x080070c1   Thumb Code     0  entry5.o(.ARM.Collect$$$$00000004)
    _main_clock                              0x080070c1   Thumb Code     0  entry7b.o(.ARM.Collect$$$$00000008)
    _main_cpp_init                           0x080070c1   Thumb Code     0  entry8b.o(.ARM.Collect$$$$0000000A)
    _main_init                               0x080070c1   Thumb Code     0  entry9a.o(.ARM.Collect$$$$0000000B)
    __rt_final_cpp                           0x080070c9   Thumb Code     0  entry10a.o(.ARM.Collect$$$$0000000D)
    __rt_final_exit                          0x080070c9   Thumb Code     0  entry11a.o(.ARM.Collect$$$$0000000F)
    Reset_Handler                            0x080070cd   Thumb Code     8  startup_stm32g070xx.o(.text)
    ADC1_IRQHandler                          0x080070df   Thumb Code     0  startup_stm32g070xx.o(.text)
    EXTI0_1_IRQHandler                       0x080070df   Thumb Code     0  startup_stm32g070xx.o(.text)
    EXTI2_3_IRQHandler                       0x080070df   Thumb Code     0  startup_stm32g070xx.o(.text)
    EXTI4_15_IRQHandler                      0x080070df   Thumb Code     0  startup_stm32g070xx.o(.text)
    FLASH_IRQHandler                         0x080070df   Thumb Code     0  startup_stm32g070xx.o(.text)
    I2C1_IRQHandler                          0x080070df   Thumb Code     0  startup_stm32g070xx.o(.text)
    I2C2_IRQHandler                          0x080070df   Thumb Code     0  startup_stm32g070xx.o(.text)
    RCC_IRQHandler                           0x080070df   Thumb Code     0  startup_stm32g070xx.o(.text)
    RTC_TAMP_IRQHandler                      0x080070df   Thumb Code     0  startup_stm32g070xx.o(.text)
    SPI1_IRQHandler                          0x080070df   Thumb Code     0  startup_stm32g070xx.o(.text)
    SPI2_IRQHandler                          0x080070df   Thumb Code     0  startup_stm32g070xx.o(.text)
    TIM14_IRQHandler                         0x080070df   Thumb Code     0  startup_stm32g070xx.o(.text)
    TIM15_IRQHandler                         0x080070df   Thumb Code     0  startup_stm32g070xx.o(.text)
    TIM16_IRQHandler                         0x080070df   Thumb Code     0  startup_stm32g070xx.o(.text)
    TIM17_IRQHandler                         0x080070df   Thumb Code     0  startup_stm32g070xx.o(.text)
    TIM1_BRK_UP_TRG_COM_IRQHandler           0x080070df   Thumb Code     0  startup_stm32g070xx.o(.text)
    TIM1_CC_IRQHandler                       0x080070df   Thumb Code     0  startup_stm32g070xx.o(.text)
    TIM3_IRQHandler                          0x080070df   Thumb Code     0  startup_stm32g070xx.o(.text)
    TIM6_IRQHandler                          0x080070df   Thumb Code     0  startup_stm32g070xx.o(.text)
    TIM7_IRQHandler                          0x080070df   Thumb Code     0  startup_stm32g070xx.o(.text)
    USART1_IRQHandler                        0x080070df   Thumb Code     0  startup_stm32g070xx.o(.text)
    WWDG_IRQHandler                          0x080070df   Thumb Code     0  startup_stm32g070xx.o(.text)
    __aeabi_uidiv                            0x080070e9   Thumb Code     0  uidiv.o(.text)
    __aeabi_uidivmod                         0x080070e9   Thumb Code    44  uidiv.o(.text)
    __aeabi_memcpy                           0x08007115   Thumb Code    36  memcpya.o(.text)
    __aeabi_memcpy4                          0x08007115   Thumb Code     0  memcpya.o(.text)
    __aeabi_memcpy8                          0x08007115   Thumb Code     0  memcpya.o(.text)
    __aeabi_memset                           0x08007139   Thumb Code    14  memseta.o(.text)
    __aeabi_memset4                          0x08007139   Thumb Code     0  memseta.o(.text)
    __aeabi_memset8                          0x08007139   Thumb Code     0  memseta.o(.text)
    __aeabi_memclr                           0x08007147   Thumb Code     4  memseta.o(.text)
    __aeabi_memclr4                          0x08007147   Thumb Code     0  memseta.o(.text)
    __aeabi_memclr8                          0x08007147   Thumb Code     0  memseta.o(.text)
    _memset$wrapper                          0x0800714b   Thumb Code    18  memseta.o(.text)
    strstr                                   0x0800715d   Thumb Code    40  strstr.o(.text)
    strlen                                   0x08007185   Thumb Code    14  strlen.o(.text)
    __0sscanf                                0x08007195   Thumb Code    50  __0sscanf.o(.text)
    _scanf_int                               0x080071d1   Thumb Code   330  _scanf_int.o(.text)
    _scanf_string                            0x0800731b   Thumb Code   232  _scanf_str.o(.text)
    __aeabi_dadd                             0x08007405   Thumb Code   328  dadd.o(.text)
    __aeabi_dsub                             0x0800754d   Thumb Code    12  dadd.o(.text)
    __aeabi_drsub                            0x08007559   Thumb Code    12  dadd.o(.text)
    __aeabi_dmul                             0x08007569   Thumb Code   202  dmul.o(.text)
    __aeabi_i2d                              0x08007639   Thumb Code    34  dflti.o(.text)
    __aeabi_d2iz                             0x08007661   Thumb Code    62  dfixi.o(.text)
    __aeabi_uldivmod                         0x080076a9   Thumb Code    96  uldiv.o(.text)
    __aeabi_llsl                             0x08007709   Thumb Code    32  llshl.o(.text)
    _ll_shift_l                              0x08007709   Thumb Code     0  llshl.o(.text)
    __aeabi_llsr                             0x08007729   Thumb Code    34  llushr.o(.text)
    _ll_ushift_r                             0x08007729   Thumb Code     0  llushr.o(.text)
    __aeabi_lasr                             0x0800774b   Thumb Code    38  llsshr.o(.text)
    _ll_sshift_r                             0x0800774b   Thumb Code     0  llsshr.o(.text)
    _chval                                   0x08007771   Thumb Code    30  _chval.o(.text)
    __vfscanf_char                           0x0800779d   Thumb Code    24  scanf_char.o(.text)
    _sgetc                                   0x080077bd   Thumb Code    32  _sgetc.o(.text)
    _sbackspace                              0x080077dd   Thumb Code    36  _sgetc.o(.text)
    __I$use$fp                               0x08007801   Thumb Code     0  iusefp.o(.text)
    _double_round                            0x08007801   Thumb Code    26  depilogue.o(.text)
    _double_epilogue                         0x0800781b   Thumb Code   164  depilogue.o(.text)
    __aeabi_ddiv                             0x080078c1   Thumb Code   234  ddiv.o(.text)
    __ARM_scalbn                             0x080079b1   Thumb Code    44  dscalb.o(.text)
    scalbn                                   0x080079b1   Thumb Code     0  dscalb.o(.text)
    __aeabi_d2ulz                            0x080079dd   Thumb Code    54  dfixul.o(.text)
    __aeabi_cdrcmple                         0x08007a1d   Thumb Code    38  cdrcmple.o(.text)
    __scatterload                            0x08007a45   Thumb Code    28  init.o(.text)
    __scatterload_rt2                        0x08007a45   Thumb Code     0  init.o(.text)
    isspace                                  0x08007a69   Thumb Code    14  isspace_c.o(.text)
    __vfscanf                                0x08007a79   Thumb Code   812  _scanf.o(.text)
    _dsqrt                                   0x08007db1   Thumb Code   162  dsqrt.o(.text)
    __ctype_lookup                           0x08007e55   Thumb Code    32  ctype_c.o(.text)
    ActiveEvent                              0x08007e79   Thumb Code   676  cat1.o(i.ActiveEvent)
    CAT1_OTADownload                         0x08008199   Thumb Code    96  cat1.o(i.CAT1_OTADownload)
    CAT1_PropertyVersion                     0x0800823d   Thumb Code    72  cat1.o(i.CAT1_PropertyVersion)
    CAT1_Reset                               0x080082d9   Thumb Code   268  cat1.o(i.CAT1_Reset)
    CAT1_SubDeviceLogin                      0x0800846d   Thumb Code    50  cat1.o(i.CAT1_SubDeviceLogin)
    CAT1_SubDevicePost                       0x080084c9   Thumb Code    50  cat1.o(i.CAT1_SubDevicePost)
    CLock_Init                               0x0800852d   Thumb Code   110  clock.o(i.CLock_Init)
    DMA1_Ch4_7_DMAMUX1_OVR_IRQHandler        0x080085a1   Thumb Code    18  stm32g0xx_it.o(i.DMA1_Ch4_7_DMAMUX1_OVR_IRQHandler)
    DMA1_Channel1_IRQHandler                 0x080085b9   Thumb Code    10  stm32g0xx_it.o(i.DMA1_Channel1_IRQHandler)
    DMA1_Channel2_3_IRQHandler               0x080085c9   Thumb Code    10  stm32g0xx_it.o(i.DMA1_Channel2_3_IRQHandler)
    Delay_Us                                 0x08008681   Thumb Code    66  clock.o(i.Delay_Us)
    EEprom_ReadData                          0x080086c9   Thumb Code    22  24c02.o(i.EEprom_ReadData)
    EEprom_ReadInfo                          0x080086e1   Thumb Code   182  24c02.o(i.EEprom_ReadInfo)
    EEprom_WriteData                         0x0800886d   Thumb Code    38  24c02.o(i.EEprom_WriteData)
    HAL_DMA_Abort                            0x08008895   Thumb Code   146  stm32g0xx_hal_dma.o(i.HAL_DMA_Abort)
    HAL_DMA_Abort_IT                         0x0800892d   Thumb Code   144  stm32g0xx_hal_dma.o(i.HAL_DMA_Abort_IT)
    HAL_DMA_IRQHandler                       0x080089c1   Thumb Code   282  stm32g0xx_hal_dma.o(i.HAL_DMA_IRQHandler)
    HAL_DMA_Init                             0x08008ae1   Thumb Code   182  stm32g0xx_hal_dma.o(i.HAL_DMA_Init)
    HAL_DMA_Start_IT                         0x08008ba1   Thumb Code   204  stm32g0xx_hal_dma.o(i.HAL_DMA_Start_IT)
    HAL_Delay                                0x08008c6d   Thumb Code    38  stm32g0xx_hal.o(i.HAL_Delay)
    HAL_GPIO_Init                            0x08008c99   Thumb Code   454  stm32g0xx_hal_gpio.o(i.HAL_GPIO_Init)
    HAL_GPIO_ReadPin                         0x08008e71   Thumb Code    18  stm32g0xx_hal_gpio.o(i.HAL_GPIO_ReadPin)
    HAL_GPIO_WritePin                        0x08008e83   Thumb Code    12  stm32g0xx_hal_gpio.o(i.HAL_GPIO_WritePin)
    HAL_GetTick                              0x08008e91   Thumb Code     6  stm32g0xx_hal.o(i.HAL_GetTick)
    HAL_IncTick                              0x08008e9d   Thumb Code    16  stm32g0xx_hal.o(i.HAL_IncTick)
    HAL_Init                                 0x08008eb5   Thumb Code    40  stm32g0xx_hal.o(i.HAL_Init)
    HAL_InitTick                             0x08008ee1   Thumb Code    82  stm32g0xx_hal.o(i.HAL_InitTick)
    HAL_MspInit                              0x08008f41   Thumb Code     2  stm32g0xx_hal.o(i.HAL_MspInit)
    HAL_NVIC_EnableIRQ                       0x08008f45   Thumb Code    30  stm32g0xx_hal_cortex.o(i.HAL_NVIC_EnableIRQ)
    HAL_NVIC_SetPriority                     0x08008f69   Thumb Code    18  stm32g0xx_hal_cortex.o(i.HAL_NVIC_SetPriority)
    HAL_RCC_ClockConfig                      0x08008f7d   Thumb Code   442  stm32g0xx_hal_rcc.o(i.HAL_RCC_ClockConfig)
    HAL_RCC_GetHCLKFreq                      0x08009151   Thumb Code     6  stm32g0xx_hal_rcc.o(i.HAL_RCC_GetHCLKFreq)
    HAL_RCC_GetPCLK1Freq                     0x0800915d   Thumb Code    32  stm32g0xx_hal_rcc.o(i.HAL_RCC_GetPCLK1Freq)
    HAL_RCC_GetSysClockFreq                  0x08009185   Thumb Code   216  stm32g0xx_hal_rcc.o(i.HAL_RCC_GetSysClockFreq)
    HAL_RCC_OscConfig                        0x08009269   Thumb Code  1442  stm32g0xx_hal_rcc.o(i.HAL_RCC_OscConfig)
    HAL_SPI_Init                             0x0800981d   Thumb Code   268  stm32g0xx_hal_spi.o(i.HAL_SPI_Init)
    HAL_SPI_MspInit                          0x08009929   Thumb Code   106  spi.o(i.HAL_SPI_MspInit)
    HAL_SYSTICK_CLKSourceConfig              0x080099a1   Thumb Code    32  stm32g0xx_hal_cortex.o(i.HAL_SYSTICK_CLKSourceConfig)
    HAL_SYSTICK_Config                       0x080099c5   Thumb Code    46  stm32g0xx_hal_cortex.o(i.HAL_SYSTICK_Config)
    HAL_UARTEx_RxEventCallback               0x080099fd   Thumb Code     2  stm32g0xx_hal_uart.o(i.HAL_UARTEx_RxEventCallback)
    HAL_UARTEx_RxFifoFullCallback            0x080099ff   Thumb Code     2  stm32g0xx_hal_uart_ex.o(i.HAL_UARTEx_RxFifoFullCallback)
    HAL_UARTEx_TxFifoEmptyCallback           0x08009a01   Thumb Code     2  stm32g0xx_hal_uart_ex.o(i.HAL_UARTEx_TxFifoEmptyCallback)
    HAL_UARTEx_WakeupCallback                0x08009a03   Thumb Code     2  stm32g0xx_hal_uart_ex.o(i.HAL_UARTEx_WakeupCallback)
    HAL_UART_AbortReceiveCpltCallback        0x08009a05   Thumb Code   268  usart.o(i.HAL_UART_AbortReceiveCpltCallback)
    HAL_UART_AbortReceive_IT                 0x08009b31   Thumb Code   272  stm32g0xx_hal_uart.o(i.HAL_UART_AbortReceive_IT)
    HAL_UART_ErrorCallback                   0x08009c49   Thumb Code     2  stm32g0xx_hal_uart.o(i.HAL_UART_ErrorCallback)
    HAL_UART_IRQHandler                      0x08009c4d   Thumb Code  1070  stm32g0xx_hal_uart.o(i.HAL_UART_IRQHandler)
    HAL_UART_Init                            0x0800a07b   Thumb Code   130  stm32g0xx_hal_uart.o(i.HAL_UART_Init)
    HAL_UART_MspInit                         0x0800a0fd   Thumb Code   654  usart.o(i.HAL_UART_MspInit)
    HAL_UART_Receive_DMA                     0x0800a3ad   Thumb Code   146  stm32g0xx_hal_uart.o(i.HAL_UART_Receive_DMA)
    HAL_UART_RxCpltCallback                  0x0800a441   Thumb Code   294  usart.o(i.HAL_UART_RxCpltCallback)
    HAL_UART_RxHalfCpltCallback              0x0800a589   Thumb Code     2  stm32g0xx_hal_uart.o(i.HAL_UART_RxHalfCpltCallback)
    HAL_UART_Transmit_DMA                    0x0800a58d   Thumb Code   234  stm32g0xx_hal_uart.o(i.HAL_UART_Transmit_DMA)
    HAL_UART_TxCpltCallback                  0x0800a685   Thumb Code    50  usart.o(i.HAL_UART_TxCpltCallback)
    HAL_UART_TxHalfCpltCallback              0x0800a6c9   Thumb Code     2  stm32g0xx_hal_uart.o(i.HAL_UART_TxHalfCpltCallback)
    HardFault_Handler                        0x0800a6cb   Thumb Code     2  stm32g0xx_it.o(i.HardFault_Handler)
    IIC_Init                                 0x0800a6cd   Thumb Code   134  iic.o(i.IIC_Init)
    IIC_Read_Byte                            0x0800a759   Thumb Code   218  iic.o(i.IIC_Read_Byte)
    IIC_Send_Byte                            0x0800a833   Thumb Code    92  iic.o(i.IIC_Send_Byte)
    IIC_Start                                0x0800a88f   Thumb Code    48  iic.o(i.IIC_Start)
    IIC_Stop                                 0x0800a8bf   Thumb Code    48  iic.o(i.IIC_Stop)
    IIC_Wait_Ack                             0x0800a8ef   Thumb Code    92  iic.o(i.IIC_Wait_Ack)
    IoT_Parameter_Init                       0x0800a94d   Thumb Code   228  mqtt.o(i.IoT_Parameter_Init)
    LoRa_GPIO_Init                           0x0800abd5   Thumb Code   142  lora.o(i.LoRa_GPIO_Init)
    LoRa_Get                                 0x0800ac71   Thumb Code   554  lora.o(i.LoRa_Get)
    LoRa_Init                                0x0800b189   Thumb Code   100  lora.o(i.LoRa_Init)
    LoRa_Reset                               0x0800b24d   Thumb Code    90  lora.o(i.LoRa_Reset)
    LoRa_Set                                 0x0800b2b9   Thumb Code   150  lora.o(i.LoRa_Set)
    M24C02_ReadSequential                    0x0800b355   Thumb Code    90  24c02.o(i.M24C02_ReadSequential)
    M24C02_WriteOneByte                      0x0800b3af   Thumb Code    52  24c02.o(i.M24C02_WriteOneByte)
    MQTT_ConectPack                          0x0800b3e5   Thumb Code   530  mqtt.o(i.MQTT_ConectPack)
    MQTT_DealPushdatatopic_Qs0               0x0800b605   Thumb Code   150  mqtt.o(i.MQTT_DealPushdatatopic_Qs0)
    MQTT_PingREQ                             0x0800b6a5   Thumb Code    20  mqtt.o(i.MQTT_PingREQ)
    MQTT_PublishQs0                          0x0800b6bd   Thumb Code   212  mqtt.o(i.MQTT_PublishQs0)
    MQTT_PublishQs1                          0x0800b799   Thumb Code   298  mqtt.o(i.MQTT_PublishQs1)
    MQTT_Subscribe                           0x0800b8cd   Thumb Code   346  mqtt.o(i.MQTT_Subscribe)
    NMI_Handler                              0x0800ba31   Thumb Code     2  stm32g0xx_it.o(i.NMI_Handler)
    PendSV_Handler                           0x0800ba33   Thumb Code     2  stm32g0xx_it.o(i.PendSV_Handler)
    SPI2_Init                                0x0800ba35   Thumb Code    74  spi.o(i.SPI2_Init)
    SPI2_Read                                0x0800ba89   Thumb Code    28  spi.o(i.SPI2_Read)
    SPI2_ReadByte                            0x0800baa5   Thumb Code    56  spi.o(i.SPI2_ReadByte)
    SPI2_ReadWriteByte                       0x0800bae1   Thumb Code    56  spi.o(i.SPI2_ReadWriteByte)
    SPI2_Write                               0x0800bb1d   Thumb Code    26  spi.o(i.SPI2_Write)
    SPI2_WriteByte                           0x0800bb39   Thumb Code    58  spi.o(i.SPI2_WriteByte)
    SPI2_WriteRead                           0x0800bb7d   Thumb Code    30  spi.o(i.SPI2_WriteRead)
    SVC_Handler                              0x0800bb9b   Thumb Code     2  stm32g0xx_it.o(i.SVC_Handler)
    SysInit                                  0x0800bb9d   Thumb Code    38  cat1.o(i.SysInit)
    SysTick_Handler                          0x0800bbd5   Thumb Code     8  stm32g0xx_it.o(i.SysTick_Handler)
    SystemInit                               0x0800bbdd   Thumb Code     8  system_stm32g0xx.o(i.SystemInit)
    U1_Init                                  0x0800bbed   Thumb Code    36  usart.o(i.U1_Init)
    U2PassiveEvent                           0x0800bc19   Thumb Code  6104  cat1.o(i.U2PassiveEvent)
    U2_Init                                  0x0800d41d   Thumb Code    40  usart.o(i.U2_Init)
    U3PassiveEvent                           0x0800d44d   Thumb Code  4204  lora.o(i.U3PassiveEvent)
    U3_Init                                  0x0800e4e1   Thumb Code    40  usart.o(i.U3_Init)
    UART_AdvFeatureConfig                    0x0800e511   Thumb Code   240  stm32g0xx_hal_uart.o(i.UART_AdvFeatureConfig)
    UART_CheckIdleState                      0x0800e601   Thumb Code   116  stm32g0xx_hal_uart.o(i.UART_CheckIdleState)
    UART_SetConfig                           0x0800e989   Thumb Code   518  stm32g0xx_hal_uart.o(i.UART_SetConfig)
    UART_Start_Receive_DMA                   0x0800ebb9   Thumb Code   220  stm32g0xx_hal_uart.o(i.UART_Start_Receive_DMA)
    UART_WaitOnFlagUntilTimeout              0x0800eca1   Thumb Code   288  stm32g0xx_hal_uart.o(i.UART_WaitOnFlagUntilTimeout)
    USART2_IRQHandler                        0x0800edc1   Thumb Code    66  stm32g0xx_it.o(i.USART2_IRQHandler)
    USART3_4_IRQHandler                      0x0800ee0d   Thumb Code    66  stm32g0xx_it.o(i.USART3_4_IRQHandler)
    W25Qxx_Erase_Block                       0x0800ee59   Thumb Code    74  w25qxx.o(i.W25Qxx_Erase_Block)
    W25Qxx_Init                              0x0800eea9   Thumb Code    94  w25qxx.o(i.W25Qxx_Init)
    W25Qxx_Read                              0x0800ef15   Thumb Code    76  w25qxx.o(i.W25Qxx_Read)
    W25Qxx_ReadID                            0x0800ef65   Thumb Code    64  w25qxx.o(i.W25Qxx_ReadID)
    W25Qxx_Wait_Busy                         0x0800efb1   Thumb Code    48  w25qxx.o(i.W25Qxx_Wait_Busy)
    W25Qxx_Write_Enable                      0x0800efe5   Thumb Code    36  w25qxx.o(i.W25Qxx_Write_Enable)
    W25Qxx_Write_Page                        0x0800f00d   Thumb Code    80  w25qxx.o(i.W25Qxx_Write_Page)
    __0sprintf                               0x0800f061   Thumb Code    36  printfa.o(i.__0sprintf)
    __1sprintf                               0x0800f061   Thumb Code     0  printfa.o(i.__0sprintf)
    __2sprintf                               0x0800f061   Thumb Code     0  printfa.o(i.__0sprintf)
    __c89sprintf                             0x0800f061   Thumb Code     0  printfa.o(i.__0sprintf)
    sprintf                                  0x0800f061   Thumb Code     0  printfa.o(i.__0sprintf)
    __0vsprintf                              0x0800f089   Thumb Code    30  printfa.o(i.__0vsprintf)
    __1vsprintf                              0x0800f089   Thumb Code     0  printfa.o(i.__0vsprintf)
    __2vsprintf                              0x0800f089   Thumb Code     0  printfa.o(i.__0vsprintf)
    __c89vsprintf                            0x0800f089   Thumb Code     0  printfa.o(i.__0vsprintf)
    vsprintf                                 0x0800f089   Thumb Code     0  printfa.o(i.__0vsprintf)
    __ARM_clz                                0x0800f0ad   Thumb Code    46  depilogue.o(i.__ARM_clz)
    __ARM_common_switch8                     0x0800f0db   Thumb Code    28  lora.o(i.__ARM_common_switch8)
    __ARM_fpclassify                         0x0800f0f9   Thumb Code    40  fpclassify.o(i.__ARM_fpclassify)
    __kernel_poly                            0x0800f20b   Thumb Code   172  poly.o(i.__kernel_poly)
    __mathlib_dbl_divzero                    0x0800f2b9   Thumb Code    16  dunder.o(i.__mathlib_dbl_divzero)
    __mathlib_dbl_infnan2                    0x0800f2cd   Thumb Code     8  dunder.o(i.__mathlib_dbl_infnan2)
    __mathlib_dbl_invalid                    0x0800f2d5   Thumb Code    16  dunder.o(i.__mathlib_dbl_invalid)
    __mathlib_dbl_overflow                   0x0800f2e5   Thumb Code    16  dunder.o(i.__mathlib_dbl_overflow)
    __mathlib_dbl_underflow                  0x0800f2f9   Thumb Code    14  dunder.o(i.__mathlib_dbl_underflow)
    __scatterload_copy                       0x0800f30d   Thumb Code    14  handlers.o(i.__scatterload_copy)
    __scatterload_null                       0x0800f31b   Thumb Code     2  handlers.o(i.__scatterload_null)
    __scatterload_zeroinit                   0x0800f31d   Thumb Code    14  handlers.o(i.__scatterload_zeroinit)
    __set_errno                              0x0800f331   Thumb Code     6  errno.o(i.__set_errno)
    main                                     0x0800fbf5   Thumb Code   526  main.o(i.main)
    pow                                      0x0800fe8d   Thumb Code  2548  pow.o(i.pow)
    sqrt                                     0x08010889   Thumb Code    66  sqrt.o(i.sqrt)
    u1_printf                                0x080108d1   Thumb Code    94  usart.o(i.u1_printf)
    u2_BuffInit                              0x08010939   Thumb Code   142  usart.o(i.u2_BuffInit)
    u2_TxDataBuf                             0x080109d5   Thumb Code   118  usart.o(i.u2_TxDataBuf)
    u2_printf                                0x08010a59   Thumb Code    94  usart.o(i.u2_printf)
    u3_BuffInit                              0x08010ac1   Thumb Code   132  usart.o(i.u3_BuffInit)
    u3_TxDataBuf                             0x08010b51   Thumb Code   118  usart.o(i.u3_TxDataBuf)
    utils_hb2hex                             0x08010bd5   Thumb Code    24  utils_md5.o(i.utils_hb2hex)
    utils_hmac_sha1                          0x08010bed   Thumb Code   228  utils_hmac.o(i.utils_hmac_sha1)
    utils_sha1_finish                        0x08010cd1   Thumb Code   254  utils_sha1.o(i.utils_sha1_finish)
    utils_sha1_init                          0x08010dd5   Thumb Code    14  utils_sha1.o(i.utils_sha1_init)
    utils_sha1_process                       0x08010de5   Thumb Code  5126  utils_sha1.o(i.utils_sha1_process)
    utils_sha1_starts                        0x080121f1   Thumb Code    30  utils_sha1.o(i.utils_sha1_starts)
    utils_sha1_update                        0x0801221d   Thumb Code   130  utils_sha1.o(i.utils_sha1_update)
    UARTPrescTable                           0x080122a6   Data          24  stm32g0xx_hal_uart.o(.constdata)
    AHBPrescTable                            0x080122c8   Data          64  system_stm32g0xx.o(.constdata)
    APBPrescTable                            0x08012308   Data          32  system_stm32g0xx.o(.constdata)
    __mathlib_zero                           0x080123f0   Data           8  qnan.o(.constdata)
    __ctype_categories                       0x080123f8   Data          64  ctype_c.o(.constdata)
    Region$$Table$$Base                      0x08012b30   Number         0  anon$$obj.o(Region$$Table)
    Region$$Table$$Limit                     0x08012b50   Number         0  anon$$obj.o(Region$$Table)
    LoRaSetData                              0x20000000   Data          18  lora.o(.data)
    temprxdata                               0x20000012   Data           1  spi.o(.data)
    online_counter                           0x20000013   Data           1  cat1.o(.data)
    data_counter                             0x20000014   Data           1  cat1.o(.data)
    uwTick                                   0x20000018   Data           4  stm32g0xx_hal.o(.data)
    uwTickPrio                               0x2000001c   Data           4  stm32g0xx_hal.o(.data)
    uwTickFreq                               0x20000020   Data           1  stm32g0xx_hal.o(.data)
    SystemCoreClock                          0x20000024   Data           4  system_stm32g0xx.o(.data)
    SysCB                                    0x20000030   Data          20  main.o(.bss)
    AttributeCB                              0x20000048   Data         168  main.o(.bss)
    AliInfoCB                                0x200000f0   Data         112  main.o(.bss)
    AliInfoCB_SUB                            0x20000160   Data         336  main.o(.bss)
    AliOTA                                   0x200002b0   Data          48  main.o(.bss)
    UART1_ControlCB                          0x200002e0   Data         608  usart.o(.bss)
    U1_TxBuff                                0x20000540   Data        1024  usart.o(.bss)
    UART3_ControlCB                          0x20000940   Data         608  usart.o(.bss)
    U3_TxBuff                                0x20000ba0   Data        2048  usart.o(.bss)
    U3_RxBuff                                0x200013a0   Data        2048  usart.o(.bss)
    UART2_ControlCB                          0x20001ba0   Data         608  usart.o(.bss)
    U2_TxBuff                                0x20001e00   Data        1024  usart.o(.bss)
    U2_RxBuff                                0x20002200   Data        8192  usart.o(.bss)
    U2_CopyBuff                              0x20004200   Data         513  usart.o(.bss)
    tempdata                                 0x20004401   Data         512  lora.o(.bss)
    Sign                                     0x20004601   Data         256  lora.o(.bss)
    SPI2_Handler                             0x20004704   Data         100  spi.o(.bss)
    Aliyun_mqtt                              0x20004768   Data        1744  mqtt.o(.bss)
    databuff                                 0x20004e38   Data         256  cat1.o(.bss)
    __initial_sp                             0x20005338   Data           0  startup_stm32g070xx.o(STACK)



==============================================================================

Memory Map of the image

  Image Entry point : 0x080070b9

  Load Region LR_IROM1 (Base: 0x08007000, Size: 0x0000bb7c, Max: 0x00019000, ABSOLUTE)

    Execution Region ER_IROM1 (Exec base: 0x08007000, Load base: 0x08007000, Size: 0x0000bb50, Max: 0x00019000, ABSOLUTE)

    Exec Addr    Load Addr    Size         Type   Attr      Idx    E Section Name        Object

    0x08007000   0x08007000   0x000000b8   Data   RO         3645    RESET               startup_stm32g070xx.o
    0x080070b8   0x080070b8   0x00000000   Code   RO         3832  * .ARM.Collect$$$$00000000  mc_p.l(entry.o)
    0x080070b8   0x080070b8   0x00000004   Code   RO         4151    .ARM.Collect$$$$00000001  mc_p.l(entry2.o)
    0x080070bc   0x080070bc   0x00000004   Code   RO         4154    .ARM.Collect$$$$00000004  mc_p.l(entry5.o)
    0x080070c0   0x080070c0   0x00000000   Code   RO         4156    .ARM.Collect$$$$00000008  mc_p.l(entry7b.o)
    0x080070c0   0x080070c0   0x00000000   Code   RO         4158    .ARM.Collect$$$$0000000A  mc_p.l(entry8b.o)
    0x080070c0   0x080070c0   0x00000008   Code   RO         4159    .ARM.Collect$$$$0000000B  mc_p.l(entry9a.o)
    0x080070c8   0x080070c8   0x00000000   Code   RO         4161    .ARM.Collect$$$$0000000D  mc_p.l(entry10a.o)
    0x080070c8   0x080070c8   0x00000000   Code   RO         4163    .ARM.Collect$$$$0000000F  mc_p.l(entry11a.o)
    0x080070c8   0x080070c8   0x00000004   Code   RO         4152    .ARM.Collect$$$$00002712  mc_p.l(entry2.o)
    0x080070cc   0x080070cc   0x0000001c   Code   RO         3646    .text               startup_stm32g070xx.o
    0x080070e8   0x080070e8   0x0000002c   Code   RO         3835    .text               mc_p.l(uidiv.o)
    0x08007114   0x08007114   0x00000024   Code   RO         3839    .text               mc_p.l(memcpya.o)
    0x08007138   0x08007138   0x00000024   Code   RO         3841    .text               mc_p.l(memseta.o)
    0x0800715c   0x0800715c   0x00000028   Code   RO         3843    .text               mc_p.l(strstr.o)
    0x08007184   0x08007184   0x0000000e   Code   RO         3845    .text               mc_p.l(strlen.o)
    0x08007192   0x08007192   0x00000002   PAD
    0x08007194   0x08007194   0x0000003c   Code   RO         4110    .text               mc_p.l(__0sscanf.o)
    0x080071d0   0x080071d0   0x0000014a   Code   RO         4112    .text               mc_p.l(_scanf_int.o)
    0x0800731a   0x0800731a   0x000000e8   Code   RO         4114    .text               mc_p.l(_scanf_str.o)
    0x08007402   0x08007402   0x00000002   PAD
    0x08007404   0x08007404   0x00000164   Code   RO         4116    .text               mf_p.l(dadd.o)
    0x08007568   0x08007568   0x000000d0   Code   RO         4118    .text               mf_p.l(dmul.o)
    0x08007638   0x08007638   0x00000028   Code   RO         4120    .text               mf_p.l(dflti.o)
    0x08007660   0x08007660   0x00000048   Code   RO         4122    .text               mf_p.l(dfixi.o)
    0x080076a8   0x080076a8   0x00000060   Code   RO         4168    .text               mc_p.l(uldiv.o)
    0x08007708   0x08007708   0x00000020   Code   RO         4170    .text               mc_p.l(llshl.o)
    0x08007728   0x08007728   0x00000022   Code   RO         4172    .text               mc_p.l(llushr.o)
    0x0800774a   0x0800774a   0x00000026   Code   RO         4174    .text               mc_p.l(llsshr.o)
    0x08007770   0x08007770   0x0000001e   Code   RO         4183    .text               mc_p.l(_chval.o)
    0x0800778e   0x0800778e   0x00000002   PAD
    0x08007790   0x08007790   0x0000002c   Code   RO         4185    .text               mc_p.l(scanf_char.o)
    0x080077bc   0x080077bc   0x00000044   Code   RO         4187    .text               mc_p.l(_sgetc.o)
    0x08007800   0x08007800   0x00000000   Code   RO         4189    .text               mc_p.l(iusefp.o)
    0x08007800   0x08007800   0x000000be   Code   RO         4190    .text               mf_p.l(depilogue.o)
    0x080078be   0x080078be   0x00000002   PAD
    0x080078c0   0x080078c0   0x000000f0   Code   RO         4194    .text               mf_p.l(ddiv.o)
    0x080079b0   0x080079b0   0x0000002c   Code   RO         4196    .text               mf_p.l(dscalb.o)
    0x080079dc   0x080079dc   0x00000040   Code   RO         4198    .text               mf_p.l(dfixul.o)
    0x08007a1c   0x08007a1c   0x00000028   Code   RO         4200    .text               mf_p.l(cdrcmple.o)
    0x08007a44   0x08007a44   0x00000024   Code   RO         4202    .text               mc_p.l(init.o)
    0x08007a68   0x08007a68   0x0000000e   Code   RO         4205    .text               mc_p.l(isspace_c.o)
    0x08007a76   0x08007a76   0x00000002   PAD
    0x08007a78   0x08007a78   0x00000338   Code   RO         4207    .text               mc_p.l(_scanf.o)
    0x08007db0   0x08007db0   0x000000a2   Code   RO         4210    .text               mf_p.l(dsqrt.o)
    0x08007e52   0x08007e52   0x00000002   PAD
    0x08007e54   0x08007e54   0x00000024   Code   RO         4214    .text               mc_p.l(ctype_c.o)
    0x08007e78   0x08007e78   0x00000320   Code   RO          813    i.ActiveEvent       cat1.o
    0x08008198   0x08008198   0x000000a4   Code   RO          814    i.CAT1_OTADownload  cat1.o
    0x0800823c   0x0800823c   0x0000009c   Code   RO          815    i.CAT1_PropertyVersion  cat1.o
    0x080082d8   0x080082d8   0x00000194   Code   RO          816    i.CAT1_Reset        cat1.o
    0x0800846c   0x0800846c   0x0000005c   Code   RO          817    i.CAT1_SubDeviceLogin  cat1.o
    0x080084c8   0x080084c8   0x00000064   Code   RO          818    i.CAT1_SubDevicePost  cat1.o
    0x0800852c   0x0800852c   0x00000074   Code   RO          777    i.CLock_Init        clock.o
    0x080085a0   0x080085a0   0x00000018   Code   RO          184    i.DMA1_Ch4_7_DMAMUX1_OVR_IRQHandler  stm32g0xx_it.o
    0x080085b8   0x080085b8   0x00000010   Code   RO          185    i.DMA1_Channel1_IRQHandler  stm32g0xx_it.o
    0x080085c8   0x080085c8   0x00000010   Code   RO          186    i.DMA1_Channel2_3_IRQHandler  stm32g0xx_it.o
    0x080085d8   0x080085d8   0x00000034   Code   RO         1578    i.DMA_CalcDMAMUXChannelBaseAndMask  stm32g0xx_hal_dma.o
    0x0800860c   0x0800860c   0x00000028   Code   RO         1579    i.DMA_CalcDMAMUXRequestGenBaseAndMask  stm32g0xx_hal_dma.o
    0x08008634   0x08008634   0x0000004c   Code   RO         1580    i.DMA_SetConfig     stm32g0xx_hal_dma.o
    0x08008680   0x08008680   0x00000048   Code   RO          778    i.Delay_Us          clock.o
    0x080086c8   0x080086c8   0x00000016   Code   RO          575    i.EEprom_ReadData   24c02.o
    0x080086de   0x080086de   0x00000002   PAD
    0x080086e0   0x080086e0   0x0000018c   Code   RO          576    i.EEprom_ReadInfo   24c02.o
    0x0800886c   0x0800886c   0x00000026   Code   RO          577    i.EEprom_WriteData  24c02.o
    0x08008892   0x08008892   0x00000002   PAD
    0x08008894   0x08008894   0x00000098   Code   RO         1581    i.HAL_DMA_Abort     stm32g0xx_hal_dma.o
    0x0800892c   0x0800892c   0x00000094   Code   RO         1582    i.HAL_DMA_Abort_IT  stm32g0xx_hal_dma.o
    0x080089c0   0x080089c0   0x00000120   Code   RO         1586    i.HAL_DMA_IRQHandler  stm32g0xx_hal_dma.o
    0x08008ae0   0x08008ae0   0x000000c0   Code   RO         1587    i.HAL_DMA_Init      stm32g0xx_hal_dma.o
    0x08008ba0   0x08008ba0   0x000000cc   Code   RO         1591    i.HAL_DMA_Start_IT  stm32g0xx_hal_dma.o
    0x08008c6c   0x08008c6c   0x0000002c   Code   RO          895    i.HAL_Delay         stm32g0xx_hal.o
    0x08008c98   0x08008c98   0x000001d8   Code   RO         1083    i.HAL_GPIO_Init     stm32g0xx_hal_gpio.o
    0x08008e70   0x08008e70   0x00000012   Code   RO         1085    i.HAL_GPIO_ReadPin  stm32g0xx_hal_gpio.o
    0x08008e82   0x08008e82   0x0000000c   Code   RO         1087    i.HAL_GPIO_WritePin  stm32g0xx_hal_gpio.o
    0x08008e8e   0x08008e8e   0x00000002   PAD
    0x08008e90   0x08008e90   0x0000000c   Code   RO          899    i.HAL_GetTick       stm32g0xx_hal.o
    0x08008e9c   0x08008e9c   0x00000018   Code   RO          905    i.HAL_IncTick       stm32g0xx_hal.o
    0x08008eb4   0x08008eb4   0x0000002c   Code   RO          906    i.HAL_Init          stm32g0xx_hal.o
    0x08008ee0   0x08008ee0   0x00000060   Code   RO          907    i.HAL_InitTick      stm32g0xx_hal.o
    0x08008f40   0x08008f40   0x00000002   Code   RO          909    i.HAL_MspInit       stm32g0xx_hal.o
    0x08008f42   0x08008f42   0x00000002   PAD
    0x08008f44   0x08008f44   0x00000024   Code   RO         1269    i.HAL_NVIC_EnableIRQ  stm32g0xx_hal_cortex.o
    0x08008f68   0x08008f68   0x00000012   Code   RO         1273    i.HAL_NVIC_SetPriority  stm32g0xx_hal_cortex.o
    0x08008f7a   0x08008f7a   0x00000002   PAD
    0x08008f7c   0x08008f7c   0x000001d4   Code   RO         1150    i.HAL_RCC_ClockConfig  stm32g0xx_hal_rcc.o
    0x08009150   0x08009150   0x0000000c   Code   RO         1156    i.HAL_RCC_GetHCLKFreq  stm32g0xx_hal_rcc.o
    0x0800915c   0x0800915c   0x00000028   Code   RO         1158    i.HAL_RCC_GetPCLK1Freq  stm32g0xx_hal_rcc.o
    0x08009184   0x08009184   0x000000e4   Code   RO         1160    i.HAL_RCC_GetSysClockFreq  stm32g0xx_hal_rcc.o
    0x08009268   0x08009268   0x000005b4   Code   RO         1164    i.HAL_RCC_OscConfig  stm32g0xx_hal_rcc.o
    0x0800981c   0x0800981c   0x0000010c   Code   RO         3298    i.HAL_SPI_Init      stm32g0xx_hal_spi.o
    0x08009928   0x08009928   0x00000078   Code   RO          453    i.HAL_SPI_MspInit   spi.o
    0x080099a0   0x080099a0   0x00000024   Code   RO         1275    i.HAL_SYSTICK_CLKSourceConfig  stm32g0xx_hal_cortex.o
    0x080099c4   0x080099c4   0x00000038   Code   RO         1277    i.HAL_SYSTICK_Config  stm32g0xx_hal_cortex.o
    0x080099fc   0x080099fc   0x00000002   Code   RO         1690    i.HAL_UARTEx_RxEventCallback  stm32g0xx_hal_uart.o
    0x080099fe   0x080099fe   0x00000002   Code   RO         2122    i.HAL_UARTEx_RxFifoFullCallback  stm32g0xx_hal_uart_ex.o
    0x08009a00   0x08009a00   0x00000002   Code   RO         2126    i.HAL_UARTEx_TxFifoEmptyCallback  stm32g0xx_hal_uart_ex.o
    0x08009a02   0x08009a02   0x00000002   Code   RO         2127    i.HAL_UARTEx_WakeupCallback  stm32g0xx_hal_uart_ex.o
    0x08009a04   0x08009a04   0x0000012c   Code   RO          268    i.HAL_UART_AbortReceiveCpltCallback  usart.o
    0x08009b30   0x08009b30   0x00000118   Code   RO         1695    i.HAL_UART_AbortReceive_IT  stm32g0xx_hal_uart.o
    0x08009c48   0x08009c48   0x00000002   Code   RO         1706    i.HAL_UART_ErrorCallback  stm32g0xx_hal_uart.o
    0x08009c4a   0x08009c4a   0x00000002   PAD
    0x08009c4c   0x08009c4c   0x0000042e   Code   RO         1709    i.HAL_UART_IRQHandler  stm32g0xx_hal_uart.o
    0x0800a07a   0x0800a07a   0x00000082   Code   RO         1710    i.HAL_UART_Init     stm32g0xx_hal_uart.o
    0x0800a0fc   0x0800a0fc   0x000002b0   Code   RO          269    i.HAL_UART_MspInit  usart.o
    0x0800a3ac   0x0800a3ac   0x00000092   Code   RO         1714    i.HAL_UART_Receive_DMA  stm32g0xx_hal_uart.o
    0x0800a43e   0x0800a43e   0x00000002   PAD
    0x0800a440   0x0800a440   0x00000148   Code   RO          270    i.HAL_UART_RxCpltCallback  usart.o
    0x0800a588   0x0800a588   0x00000002   Code   RO         1718    i.HAL_UART_RxHalfCpltCallback  stm32g0xx_hal_uart.o
    0x0800a58a   0x0800a58a   0x00000002   PAD
    0x0800a58c   0x0800a58c   0x000000f8   Code   RO         1720    i.HAL_UART_Transmit_DMA  stm32g0xx_hal_uart.o
    0x0800a684   0x0800a684   0x00000044   Code   RO          271    i.HAL_UART_TxCpltCallback  usart.o
    0x0800a6c8   0x0800a6c8   0x00000002   Code   RO         1723    i.HAL_UART_TxHalfCpltCallback  stm32g0xx_hal_uart.o
    0x0800a6ca   0x0800a6ca   0x00000002   Code   RO          187    i.HardFault_Handler  stm32g0xx_it.o
    0x0800a6cc   0x0800a6cc   0x0000008c   Code   RO          523    i.IIC_Init          iic.o
    0x0800a758   0x0800a758   0x000000da   Code   RO          524    i.IIC_Read_Byte     iic.o
    0x0800a832   0x0800a832   0x0000005c   Code   RO          525    i.IIC_Send_Byte     iic.o
    0x0800a88e   0x0800a88e   0x00000030   Code   RO          526    i.IIC_Start         iic.o
    0x0800a8be   0x0800a8be   0x00000030   Code   RO          527    i.IIC_Stop          iic.o
    0x0800a8ee   0x0800a8ee   0x0000005c   Code   RO          528    i.IIC_Wait_Ack      iic.o
    0x0800a94a   0x0800a94a   0x00000002   PAD
    0x0800a94c   0x0800a94c   0x00000288   Code   RO          698    i.IoT_Parameter_Init  mqtt.o
    0x0800abd4   0x0800abd4   0x0000009c   Code   RO          386    i.LoRa_GPIO_Init    lora.o
    0x0800ac70   0x0800ac70   0x00000518   Code   RO          387    i.LoRa_Get          lora.o
    0x0800b188   0x0800b188   0x000000c4   Code   RO          388    i.LoRa_Init         lora.o
    0x0800b24c   0x0800b24c   0x0000006c   Code   RO          389    i.LoRa_Reset        lora.o
    0x0800b2b8   0x0800b2b8   0x0000009c   Code   RO          390    i.LoRa_Set          lora.o
    0x0800b354   0x0800b354   0x0000005a   Code   RO          579    i.M24C02_ReadSequential  24c02.o
    0x0800b3ae   0x0800b3ae   0x00000034   Code   RO          580    i.M24C02_WriteOneByte  24c02.o
    0x0800b3e2   0x0800b3e2   0x00000002   PAD
    0x0800b3e4   0x0800b3e4   0x00000220   Code   RO          699    i.MQTT_ConectPack   mqtt.o
    0x0800b604   0x0800b604   0x000000a0   Code   RO          701    i.MQTT_DealPushdatatopic_Qs0  mqtt.o
    0x0800b6a4   0x0800b6a4   0x00000018   Code   RO          702    i.MQTT_PingREQ      mqtt.o
    0x0800b6bc   0x0800b6bc   0x000000dc   Code   RO          703    i.MQTT_PublishQs0   mqtt.o
    0x0800b798   0x0800b798   0x00000134   Code   RO          704    i.MQTT_PublishQs1   mqtt.o
    0x0800b8cc   0x0800b8cc   0x00000164   Code   RO          705    i.MQTT_Subscribe    mqtt.o
    0x0800ba30   0x0800ba30   0x00000002   Code   RO          188    i.NMI_Handler       stm32g0xx_it.o
    0x0800ba32   0x0800ba32   0x00000002   Code   RO          189    i.PendSV_Handler    stm32g0xx_it.o
    0x0800ba34   0x0800ba34   0x00000054   Code   RO          454    i.SPI2_Init         spi.o
    0x0800ba88   0x0800ba88   0x0000001c   Code   RO          455    i.SPI2_Read         spi.o
    0x0800baa4   0x0800baa4   0x0000003c   Code   RO          456    i.SPI2_ReadByte     spi.o
    0x0800bae0   0x0800bae0   0x0000003c   Code   RO          457    i.SPI2_ReadWriteByte  spi.o
    0x0800bb1c   0x0800bb1c   0x0000001a   Code   RO          458    i.SPI2_Write        spi.o
    0x0800bb36   0x0800bb36   0x00000002   PAD
    0x0800bb38   0x0800bb38   0x00000044   Code   RO          459    i.SPI2_WriteByte    spi.o
    0x0800bb7c   0x0800bb7c   0x0000001e   Code   RO          460    i.SPI2_WriteRead    spi.o
    0x0800bb9a   0x0800bb9a   0x00000002   Code   RO          190    i.SVC_Handler       stm32g0xx_it.o
    0x0800bb9c   0x0800bb9c   0x00000038   Code   RO          819    i.SysInit           cat1.o
    0x0800bbd4   0x0800bbd4   0x00000008   Code   RO          191    i.SysTick_Handler   stm32g0xx_it.o
    0x0800bbdc   0x0800bbdc   0x00000010   Code   RO         3613    i.SystemInit        system_stm32g0xx.o
    0x0800bbec   0x0800bbec   0x0000002c   Code   RO          272    i.U1_Init           usart.o
    0x0800bc18   0x0800bc18   0x00001804   Code   RO          820    i.U2PassiveEvent    cat1.o
    0x0800d41c   0x0800d41c   0x00000030   Code   RO          273    i.U2_Init           usart.o
    0x0800d44c   0x0800d44c   0x00001094   Code   RO          391    i.U3PassiveEvent    lora.o
    0x0800e4e0   0x0800e4e0   0x00000030   Code   RO          274    i.U3_Init           usart.o
    0x0800e510   0x0800e510   0x000000f0   Code   RO         1724    i.UART_AdvFeatureConfig  stm32g0xx_hal_uart.o
    0x0800e600   0x0800e600   0x00000078   Code   RO         1725    i.UART_CheckIdleState  stm32g0xx_hal_uart.o
    0x0800e678   0x0800e678   0x00000018   Code   RO         1726    i.UART_DMAAbortOnError  stm32g0xx_hal_uart.o
    0x0800e690   0x0800e690   0x0000005a   Code   RO         1727    i.UART_DMAError     stm32g0xx_hal_uart.o
    0x0800e6ea   0x0800e6ea   0x000000c8   Code   RO         1728    i.UART_DMAReceiveCplt  stm32g0xx_hal_uart.o
    0x0800e7b2   0x0800e7b2   0x00000022   Code   RO         1730    i.UART_DMARxHalfCplt  stm32g0xx_hal_uart.o
    0x0800e7d4   0x0800e7d4   0x00000030   Code   RO         1731    i.UART_DMARxOnlyAbortCallback  stm32g0xx_hal_uart.o
    0x0800e804   0x0800e804   0x00000064   Code   RO         1732    i.UART_DMATransmitCplt  stm32g0xx_hal_uart.o
    0x0800e868   0x0800e868   0x0000000e   Code   RO         1734    i.UART_DMATxHalfCplt  stm32g0xx_hal_uart.o
    0x0800e876   0x0800e876   0x00000002   PAD
    0x0800e878   0x0800e878   0x00000084   Code   RO         1736    i.UART_EndRxTransfer  stm32g0xx_hal_uart.o
    0x0800e8fc   0x0800e8fc   0x00000038   Code   RO         1737    i.UART_EndTransmit_IT  stm32g0xx_hal_uart.o
    0x0800e934   0x0800e934   0x00000052   Code   RO         1738    i.UART_EndTxTransfer  stm32g0xx_hal_uart.o
    0x0800e986   0x0800e986   0x00000002   PAD
    0x0800e988   0x0800e988   0x00000230   Code   RO         1743    i.UART_SetConfig    stm32g0xx_hal_uart.o
    0x0800ebb8   0x0800ebb8   0x000000e8   Code   RO         1744    i.UART_Start_Receive_DMA  stm32g0xx_hal_uart.o
    0x0800eca0   0x0800eca0   0x00000120   Code   RO         1750    i.UART_WaitOnFlagUntilTimeout  stm32g0xx_hal_uart.o
    0x0800edc0   0x0800edc0   0x0000004c   Code   RO          192    i.USART2_IRQHandler  stm32g0xx_it.o
    0x0800ee0c   0x0800ee0c   0x0000004c   Code   RO          193    i.USART3_4_IRQHandler  stm32g0xx_it.o
    0x0800ee58   0x0800ee58   0x00000050   Code   RO          629    i.W25Qxx_Erase_Block  w25qxx.o
    0x0800eea8   0x0800eea8   0x0000006c   Code   RO          631    i.W25Qxx_Init       w25qxx.o
    0x0800ef14   0x0800ef14   0x00000050   Code   RO          632    i.W25Qxx_Read       w25qxx.o
    0x0800ef64   0x0800ef64   0x0000004c   Code   RO          633    i.W25Qxx_ReadID     w25qxx.o
    0x0800efb0   0x0800efb0   0x00000034   Code   RO          634    i.W25Qxx_Wait_Busy  w25qxx.o
    0x0800efe4   0x0800efe4   0x00000028   Code   RO          635    i.W25Qxx_Write_Enable  w25qxx.o
    0x0800f00c   0x0800f00c   0x00000054   Code   RO          636    i.W25Qxx_Write_Page  w25qxx.o
    0x0800f060   0x0800f060   0x00000028   Code   RO         4084    i.__0sprintf        mc_p.l(printfa.o)
    0x0800f088   0x0800f088   0x00000024   Code   RO         4088    i.__0vsprintf       mc_p.l(printfa.o)
    0x0800f0ac   0x0800f0ac   0x0000002e   Code   RO         4192    i.__ARM_clz         mf_p.l(depilogue.o)
    0x0800f0da   0x0800f0da   0x0000001c   Code   RO          437    i.__ARM_common_switch8  lora.o
    0x0800f0f6   0x0800f0f6   0x00000002   PAD
    0x0800f0f8   0x0800f0f8   0x0000002c   Code   RO         4138    i.__ARM_fpclassify  m_ps.l(fpclassify.o)
    0x0800f124   0x0800f124   0x00000078   Code   RO         1279    i.__NVIC_SetPriority  stm32g0xx_hal_cortex.o
    0x0800f19c   0x0800f19c   0x00000034   Code   RO          779    i.__NVIC_SystemReset  clock.o
    0x0800f1d0   0x0800f1d0   0x00000034   Code   RO          821    i.__NVIC_SystemReset  cat1.o
    0x0800f204   0x0800f204   0x00000006   Code   RO         1751    i.__get_PRIMASK     stm32g0xx_hal_uart.o
    0x0800f20a   0x0800f20a   0x000000ac   Code   RO         4140    i.__kernel_poly     m_ps.l(poly.o)
    0x0800f2b6   0x0800f2b6   0x00000002   PAD
    0x0800f2b8   0x0800f2b8   0x00000014   Code   RO         4124    i.__mathlib_dbl_divzero  m_ps.l(dunder.o)
    0x0800f2cc   0x0800f2cc   0x00000008   Code   RO         4126    i.__mathlib_dbl_infnan2  m_ps.l(dunder.o)
    0x0800f2d4   0x0800f2d4   0x00000010   Code   RO         4127    i.__mathlib_dbl_invalid  m_ps.l(dunder.o)
    0x0800f2e4   0x0800f2e4   0x00000014   Code   RO         4128    i.__mathlib_dbl_overflow  m_ps.l(dunder.o)
    0x0800f2f8   0x0800f2f8   0x00000014   Code   RO         4130    i.__mathlib_dbl_underflow  m_ps.l(dunder.o)
    0x0800f30c   0x0800f30c   0x0000000e   Code   RO         4219    i.__scatterload_copy  mc_p.l(handlers.o)
    0x0800f31a   0x0800f31a   0x00000002   Code   RO         4220    i.__scatterload_null  mc_p.l(handlers.o)
    0x0800f31c   0x0800f31c   0x0000000e   Code   RO         4221    i.__scatterload_zeroinit  mc_p.l(handlers.o)
    0x0800f32a   0x0800f32a   0x00000006   Code   RO         1752    i.__set_PRIMASK     stm32g0xx_hal_uart.o
    0x0800f330   0x0800f330   0x0000000c   Code   RO         4178    i.__set_errno       mc_p.l(errno.o)
    0x0800f33c   0x0800f33c   0x00000174   Code   RO         4089    i._fp_digits        mc_p.l(printfa.o)
    0x0800f4b0   0x0800f4b0   0x000006ec   Code   RO         4090    i._printf_core      mc_p.l(printfa.o)
    0x0800fb9c   0x0800fb9c   0x00000020   Code   RO         4091    i._printf_post_padding  mc_p.l(printfa.o)
    0x0800fbbc   0x0800fbbc   0x0000002c   Code   RO         4092    i._printf_pre_padding  mc_p.l(printfa.o)
    0x0800fbe8   0x0800fbe8   0x0000000a   Code   RO         4094    i._sputc            mc_p.l(printfa.o)
    0x0800fbf2   0x0800fbf2   0x00000002   PAD
    0x0800fbf4   0x0800fbf4   0x00000298   Code   RO            3    i.main              main.o
    0x0800fe8c   0x0800fe8c   0x000009fc   Code   RO         3823    i.pow               m_ps.l(pow.o)
    0x08010888   0x08010888   0x00000048   Code   RO         4144    i.sqrt              m_ps.l(sqrt.o)
    0x080108d0   0x080108d0   0x00000068   Code   RO          275    i.u1_printf         usart.o
    0x08010938   0x08010938   0x0000009c   Code   RO          276    i.u2_BuffInit       usart.o
    0x080109d4   0x080109d4   0x00000084   Code   RO          278    i.u2_TxDataBuf      usart.o
    0x08010a58   0x08010a58   0x00000068   Code   RO          279    i.u2_printf         usart.o
    0x08010ac0   0x08010ac0   0x00000090   Code   RO          280    i.u3_BuffInit       usart.o
    0x08010b50   0x08010b50   0x00000084   Code   RO          282    i.u3_TxDataBuf      usart.o
    0x08010bd4   0x08010bd4   0x00000018   Code   RO         3695    i.utils_hb2hex      utils_md5.o
    0x08010bec   0x08010bec   0x000000e4   Code   RO         3652    i.utils_hmac_sha1   utils_hmac.o
    0x08010cd0   0x08010cd0   0x00000104   Code   RO         3763    i.utils_sha1_finish  utils_sha1.o
    0x08010dd4   0x08010dd4   0x0000000e   Code   RO         3765    i.utils_sha1_init   utils_sha1.o
    0x08010de2   0x08010de2   0x00000002   PAD
    0x08010de4   0x08010de4   0x0000140c   Code   RO         3766    i.utils_sha1_process  utils_sha1.o
    0x080121f0   0x080121f0   0x0000002c   Code   RO         3767    i.utils_sha1_starts  utils_sha1.o
    0x0801221c   0x0801221c   0x00000082   Code   RO         3768    i.utils_sha1_update  utils_sha1.o
    0x0801229e   0x0801229e   0x00000020   Data   RO         1753    .constdata          stm32g0xx_hal_uart.o
    0x080122be   0x080122be   0x00000002   PAD
    0x080122c0   0x080122c0   0x00000068   Data   RO         3614    .constdata          system_stm32g0xx.o
    0x08012328   0x08012328   0x00000040   Data   RO         3770    .constdata          utils_sha1.o
    0x08012368   0x08012368   0x00000088   Data   RO         3824    .constdata          m_ps.l(pow.o)
    0x080123f0   0x080123f0   0x00000008   Data   RO         4142    .constdata          m_ps.l(qnan.o)
    0x080123f8   0x080123f8   0x00000040   Data   RO         4215    .constdata          mc_p.l(ctype_c.o)
    0x08012438   0x08012438   0x0000028c   Data   RO          394    .conststring        lora.o
    0x080126c4   0x080126c4   0x00000094   Data   RO          582    .conststring        24c02.o
    0x08012758   0x08012758   0x000003d7   Data   RO          824    .conststring        cat1.o
    0x08012b2f   0x08012b2f   0x00000001   PAD
    0x08012b30   0x08012b30   0x00000020   Data   RO         4217    Region$$Table       anon$$obj.o


    Execution Region RW_IRAM1 (Exec base: 0x20000000, Load base: 0x08012b50, Size: 0x00005338, Max: 0x00009000, ABSOLUTE)

    Exec Addr    Load Addr    Size         Type   Attr      Idx    E Section Name        Object

    0x20000000   0x08012b50   0x00000012   Data   RW          395    .data               lora.o
    0x20000012   0x08012b62   0x00000001   Data   RW          463    .data               spi.o
    0x20000013   0x08012b63   0x00000002   Data   RW          825    .data               cat1.o
    0x20000015   0x08012b65   0x00000003   PAD
    0x20000018   0x08012b68   0x00000009   Data   RW          919    .data               stm32g0xx_hal.o
    0x20000021   0x08012b71   0x00000003   PAD
    0x20000024   0x08012b74   0x00000004   Data   RW         3615    .data               system_stm32g0xx.o
    0x20000028   0x08012b78   0x00000004   Data   RW         4179    .data               mc_p.l(errno.o)
    0x2000002c   0x08012b7c   0x00000004   PAD
    0x20000030        -       0x000002b0   Zero   RW            4    .bss                main.o
    0x200002e0        -       0x00004121   Zero   RW          283    .bss                usart.o
    0x20004401        -       0x00000300   Zero   RW          392    .bss                lora.o
    0x20004701   0x08012b7c   0x00000003   PAD
    0x20004704        -       0x00000064   Zero   RW          461    .bss                spi.o
    0x20004768        -       0x000006d0   Zero   RW          707    .bss                mqtt.o
    0x20004e38        -       0x00000100   Zero   RW          822    .bss                cat1.o
    0x20004f38        -       0x00000400   Zero   RW         3643    STACK               startup_stm32g070xx.o


==============================================================================

Image component sizes


      Code (inc. data)   RO Data    RW Data    ZI Data      Debug   Object Name

       598        214        148          0          0       4309   24c02.o
      7972       2740        983          2        256       9762   cat1.o
       240         20          0          0          0       1956   clock.o
       638          6          0          0          0       4485   iic.o
      6192       1742        652         18        768      16361   lora.o
       664        138          0          0        688     383163   main.o
      2260        476          0          0       1744       7034   mqtt.o
       476         42          0          1        100       6116   spi.o
        28          8        184          0       1024        748   startup_stm32g070xx.o
       222         38          0          9          0      17679   stm32g0xx_hal.o
       266         30          0          0          0      13271   stm32g0xx_hal_cortex.o
      1152         40          0          0          0       6790   stm32g0xx_hal_dma.o
       502         18          0          0          0       2983   stm32g0xx_hal_gpio.o
      2208         96          0          0          0      21257   stm32g0xx_hal_rcc.o
       268          0          0          0          0       1399   stm32g0xx_hal_spi.o
      4114        102         32          0          0      45085   stm32g0xx_hal_uart.o
         6          0          0          0          0       2481   stm32g0xx_hal_uart_ex.o
       224         38          0          0          0       5733   stm32g0xx_it.o
        16          8        104          4          0       1627   system_stm32g0xx.o
      2296        216          0          0      16673      12275   usart.o
       228          0          0          0          0       2970   utils_hmac.o
        24          0          0          0          0        619   utils_md5.o
      5580         54         64          0          0       6591   utils_sha1.o
       520         48          0          0          0       5274   w25qxx.o

    ----------------------------------------------------------------------
     36724       6074       2202         40      21256     579968   Object Totals
         0          0         32          0          0          0   (incl. Generated)
        30          0          3          6          3          0   (incl. Padding)

    ----------------------------------------------------------------------

      Code (inc. data)   RO Data    RW Data    ZI Data      Debug   Library Member Name

        84         14          0          0          0        340   dunder.o
        44          4          0          0          0         60   fpclassify.o
       172          0          0          0          0         76   poly.o
      2556        196        136          0          0        240   pow.o
         0          0          8          0          0          0   qnan.o
        72          6          0          0          0         76   sqrt.o
        60         10          0          0          0         84   __0sscanf.o
        30          0          0          0          0         60   _chval.o
       824         12          0          0          0         84   _scanf.o
       330          0          0          0          0         84   _scanf_int.o
       232          0          0          0          0         84   _scanf_str.o
        68          0          0          0          0         76   _sgetc.o
        36          4         64          0          0         60   ctype_c.o
         0          0          0          0          0          0   entry.o
         0          0          0          0          0          0   entry10a.o
         0          0          0          0          0          0   entry11a.o
         8          4          0          0          0          0   entry2.o
         4          0          0          0          0          0   entry5.o
         0          0          0          0          0          0   entry7b.o
         0          0          0          0          0          0   entry8b.o
         8          4          0          0          0          0   entry9a.o
        12          6          0          4          0         60   errno.o
        30          0          0          0          0          0   handlers.o
        36          8          0          0          0         68   init.o
        14          0          0          0          0         68   isspace_c.o
         0          0          0          0          0          0   iusefp.o
        32          0          0          0          0         68   llshl.o
        38          0          0          0          0         68   llsshr.o
        34          0          0          0          0         68   llushr.o
        36          0          0          0          0         60   memcpya.o
        36          0          0          0          0        100   memseta.o
      2306        100          0          0          0        544   printfa.o
        44          8          0          0          0         84   scanf_char.o
        14          0          0          0          0         60   strlen.o
        40          0          0          0          0         72   strstr.o
        44          0          0          0          0         72   uidiv.o
        96          0          0          0          0         84   uldiv.o
        40          2          0          0          0         68   cdrcmple.o
       356          4          0          0          0        140   dadd.o
       240          6          0          0          0         84   ddiv.o
       236          0          0          0          0        216   depilogue.o
        72         10          0          0          0         72   dfixi.o
        64         10          0          0          0         68   dfixul.o
        40          6          0          0          0         68   dflti.o
       208          6          0          0          0         88   dmul.o
        44          0          0          0          0         72   dscalb.o
       162          0          0          0          0         80   dsqrt.o

    ----------------------------------------------------------------------
      8818        420        208          4          4       3756   Library Totals
        16          0          0          0          4          0   (incl. Padding)

    ----------------------------------------------------------------------

      Code (inc. data)   RO Data    RW Data    ZI Data      Debug   Library Name

      2928        220        144          0          0        792   m_ps.l
      4412        156         64          4          0       2008   mc_p.l
      1462         44          0          0          0        956   mf_p.l

    ----------------------------------------------------------------------
      8818        420        208          4          4       3756   Library Totals

    ----------------------------------------------------------------------

==============================================================================


      Code (inc. data)   RO Data    RW Data    ZI Data      Debug   

     45542       6494       2410         44      21260     575948   Grand Totals
     45542       6494       2410         44      21260     575948   ELF Image Totals
     45542       6494       2410         44          0          0   ROM Totals

==============================================================================

    Total RO  Size (Code + RO Data)                47952 (  46.83kB)
    Total RW  Size (RW Data + ZI Data)             21304 (  20.80kB)
    Total ROM Size (Code + RO Data + RW Data)      47996 (  46.87kB)

==============================================================================

