<html>
<body>
<pre>
<h1>礦ision Build Log</h1>
<h2>Tool Versions:</h2>
IDE-Version: μVision V5.25.2.0
Copyright (C) 2018 ARM Ltd and ARM Germany GmbH. All rights reserved.
License Information: 11 Administrator, 11, LIC=Y2B1Q-NNAXD-E0SN4-F444C-8BHKP-T5EZ1
 
Tool Versions:
Toolchain:       MDK-ARM Professional  Version: 5.25.2.0
Toolchain Path:  D:\Keil_v5\ARM\ARMCC\Bin
C Compiler:      Armcc.exe V5.06 update 6 (build 750)
Assembler:       Armasm.exe V5.06 update 6 (build 750)
Linker/Locator:  ArmLink.exe V5.06 update 6 (build 750)
Library Manager: ArmAr.exe V5.06 update 6 (build 750)
Hex Converter:   FromElf.exe V5.06 update 6 (build 750)
CPU DLL:         SARMCM3.DLL V5.25.2.0
Dialog DLL:      DARMCM1.DLL V1.19.1.0
Target DLL:      STLink\ST-LINKIII-KEIL_SWO.dll V3.0.1.0
Dialog DLL:      TARMCM1.DLL V1.14.0.0
 
<h2>Project:</h2>
E:\STM32\超子说物联网 G070 LoRa\STM32 + LoRa 中继款资料包\1-例程源码\14-Air724 4G网关 阿里云物联网平台 综合控制 网关板程序 地址0x0000\USER\工程文件.uvprojx
Project File Date:  07/08/2022

<h2>Output:</h2>
*** Using Compiler 'V5.06 update 6 (build 750)', folder: 'D:\Keil_v5\ARM\ARMCC\Bin'
Build target 'STM32G0x0工程'
linking...
Program Size: Code=45542 RO-data=2410 RW-data=44 ZI-data=21260  
FromELF: creating hex file...
After Build - User command #1: C:\Keil_v5\ARM\ARMCC\bin\fromelf.exe --bin -o  Objects\工程文件.bin  Objects\工程文件.axf
*** Error: CreateProcess failed, Command: 'C:\Keil_v5\ARM\ARMCC\bin\fromelf.exe --bin -o  Objects\工程文件.bin  Objects\工程文件.axf'
".\Objects\工程文件.axf" - 1 Error(s), 0 Warning(s).

<h2>Software Packages used:</h2>

Package Vendor: Keil
                http://www.keil.com/pack/Keil.STM32G0xx_DFP.1.2.0.pack
                Keil.STM32G0xx_DFP.1.2.0
                STMicroelectronics STM32G0 Series Device Support

<h2>Collection of Component include folders:</h2>
  .\RTE\_STM32G0x0____
  D:\Keil_v5\ARM\PACK\Keil\STM32G0xx_DFP\1.2.0\Drivers\CMSIS\Device\ST\STM32G0xx\Include

<h2>Collection of Component Files used:</h2>
Target not created.
Build Time Elapsed:  00:00:01
</pre>
</body>
</html>
