<!doctype html public "-//w3c//dtd html 4.0 transitional//en">
<html><head>
<title>Static Call Graph - [.\Objects\工程文件.axf]</title></head>
<body><HR>
<H1>Static Call Graph for image .\Objects\工程文件.axf</H1><HR>
<BR><P>#&#060CALLGRAPH&#062# ARM Linker, 5060750: Last Updated: Mon May 20 17:33:03 2024
<BR><P>
<H3>Maximum Stack Usage =        596 bytes + Unknown(Cycles, Untraceable Function Pointers)</H3><H3>
Call chain for Maximum Stack Depth:</H3>
main &rArr; U3PassiveEvent &rArr; utils_hmac_sha1 &rArr; utils_sha1_finish &rArr; utils_sha1_update &rArr; utils_sha1_process
<P>
<H3>
Mutually Recursive functions
</H3> <LI><a href="#[10]">ADC1_IRQHandler</a>&nbsp;&nbsp;&nbsp;&rArr;&nbsp;&nbsp;&nbsp;<a href="#[10]">ADC1_IRQHandler</a><BR>
</UL>
<P>
<H3>
Function Pointers
</H3><UL>
 <LI><a href="#[10]">ADC1_IRQHandler</a> from startup_stm32g070xx.o(.text) referenced from startup_stm32g070xx.o(RESET)
 <LI><a href="#[f]">DMA1_Ch4_7_DMAMUX1_OVR_IRQHandler</a> from stm32g0xx_it.o(i.DMA1_Ch4_7_DMAMUX1_OVR_IRQHandler) referenced from startup_stm32g070xx.o(RESET)
 <LI><a href="#[d]">DMA1_Channel1_IRQHandler</a> from stm32g0xx_it.o(i.DMA1_Channel1_IRQHandler) referenced from startup_stm32g070xx.o(RESET)
 <LI><a href="#[e]">DMA1_Channel2_3_IRQHandler</a> from stm32g0xx_it.o(i.DMA1_Channel2_3_IRQHandler) referenced from startup_stm32g070xx.o(RESET)
 <LI><a href="#[a]">EXTI0_1_IRQHandler</a> from startup_stm32g070xx.o(.text) referenced from startup_stm32g070xx.o(RESET)
 <LI><a href="#[b]">EXTI2_3_IRQHandler</a> from startup_stm32g070xx.o(.text) referenced from startup_stm32g070xx.o(RESET)
 <LI><a href="#[c]">EXTI4_15_IRQHandler</a> from startup_stm32g070xx.o(.text) referenced from startup_stm32g070xx.o(RESET)
 <LI><a href="#[8]">FLASH_IRQHandler</a> from startup_stm32g070xx.o(.text) referenced from startup_stm32g070xx.o(RESET)
 <LI><a href="#[2]">HardFault_Handler</a> from stm32g0xx_it.o(i.HardFault_Handler) referenced from startup_stm32g070xx.o(RESET)
 <LI><a href="#[1a]">I2C1_IRQHandler</a> from startup_stm32g070xx.o(.text) referenced from startup_stm32g070xx.o(RESET)
 <LI><a href="#[1b]">I2C2_IRQHandler</a> from startup_stm32g070xx.o(.text) referenced from startup_stm32g070xx.o(RESET)
 <LI><a href="#[1]">NMI_Handler</a> from stm32g0xx_it.o(i.NMI_Handler) referenced from startup_stm32g070xx.o(RESET)
 <LI><a href="#[4]">PendSV_Handler</a> from stm32g0xx_it.o(i.PendSV_Handler) referenced from startup_stm32g070xx.o(RESET)
 <LI><a href="#[9]">RCC_IRQHandler</a> from startup_stm32g070xx.o(.text) referenced from startup_stm32g070xx.o(RESET)
 <LI><a href="#[7]">RTC_TAMP_IRQHandler</a> from startup_stm32g070xx.o(.text) referenced from startup_stm32g070xx.o(RESET)
 <LI><a href="#[0]">Reset_Handler</a> from startup_stm32g070xx.o(.text) referenced from startup_stm32g070xx.o(RESET)
 <LI><a href="#[1c]">SPI1_IRQHandler</a> from startup_stm32g070xx.o(.text) referenced from startup_stm32g070xx.o(RESET)
 <LI><a href="#[1d]">SPI2_IRQHandler</a> from startup_stm32g070xx.o(.text) referenced from startup_stm32g070xx.o(RESET)
 <LI><a href="#[3]">SVC_Handler</a> from stm32g0xx_it.o(i.SVC_Handler) referenced from startup_stm32g070xx.o(RESET)
 <LI><a href="#[5]">SysTick_Handler</a> from stm32g0xx_it.o(i.SysTick_Handler) referenced from startup_stm32g070xx.o(RESET)
 <LI><a href="#[22]">SystemInit</a> from system_stm32g0xx.o(i.SystemInit) referenced from startup_stm32g070xx.o(.text)
 <LI><a href="#[16]">TIM14_IRQHandler</a> from startup_stm32g070xx.o(.text) referenced from startup_stm32g070xx.o(RESET)
 <LI><a href="#[17]">TIM15_IRQHandler</a> from startup_stm32g070xx.o(.text) referenced from startup_stm32g070xx.o(RESET)
 <LI><a href="#[18]">TIM16_IRQHandler</a> from startup_stm32g070xx.o(.text) referenced from startup_stm32g070xx.o(RESET)
 <LI><a href="#[19]">TIM17_IRQHandler</a> from startup_stm32g070xx.o(.text) referenced from startup_stm32g070xx.o(RESET)
 <LI><a href="#[11]">TIM1_BRK_UP_TRG_COM_IRQHandler</a> from startup_stm32g070xx.o(.text) referenced from startup_stm32g070xx.o(RESET)
 <LI><a href="#[12]">TIM1_CC_IRQHandler</a> from startup_stm32g070xx.o(.text) referenced from startup_stm32g070xx.o(RESET)
 <LI><a href="#[13]">TIM3_IRQHandler</a> from startup_stm32g070xx.o(.text) referenced from startup_stm32g070xx.o(RESET)
 <LI><a href="#[14]">TIM6_IRQHandler</a> from startup_stm32g070xx.o(.text) referenced from startup_stm32g070xx.o(RESET)
 <LI><a href="#[15]">TIM7_IRQHandler</a> from startup_stm32g070xx.o(.text) referenced from startup_stm32g070xx.o(RESET)
 <LI><a href="#[29]">UART_DMAAbortOnError</a> from stm32g0xx_hal_uart.o(i.UART_DMAAbortOnError) referenced from stm32g0xx_hal_uart.o(i.HAL_UART_IRQHandler)
 <LI><a href="#[2c]">UART_DMAError</a> from stm32g0xx_hal_uart.o(i.UART_DMAError) referenced from stm32g0xx_hal_uart.o(i.HAL_UART_Transmit_DMA)
 <LI><a href="#[2c]">UART_DMAError</a> from stm32g0xx_hal_uart.o(i.UART_DMAError) referenced from stm32g0xx_hal_uart.o(i.UART_Start_Receive_DMA)
 <LI><a href="#[2d]">UART_DMAReceiveCplt</a> from stm32g0xx_hal_uart.o(i.UART_DMAReceiveCplt) referenced from stm32g0xx_hal_uart.o(i.UART_Start_Receive_DMA)
 <LI><a href="#[2e]">UART_DMARxHalfCplt</a> from stm32g0xx_hal_uart.o(i.UART_DMARxHalfCplt) referenced from stm32g0xx_hal_uart.o(i.UART_Start_Receive_DMA)
 <LI><a href="#[28]">UART_DMARxOnlyAbortCallback</a> from stm32g0xx_hal_uart.o(i.UART_DMARxOnlyAbortCallback) referenced from stm32g0xx_hal_uart.o(i.HAL_UART_AbortReceive_IT)
 <LI><a href="#[2a]">UART_DMATransmitCplt</a> from stm32g0xx_hal_uart.o(i.UART_DMATransmitCplt) referenced from stm32g0xx_hal_uart.o(i.HAL_UART_Transmit_DMA)
 <LI><a href="#[2b]">UART_DMATxHalfCplt</a> from stm32g0xx_hal_uart.o(i.UART_DMATxHalfCplt) referenced from stm32g0xx_hal_uart.o(i.HAL_UART_Transmit_DMA)
 <LI><a href="#[1e]">USART1_IRQHandler</a> from startup_stm32g070xx.o(.text) referenced from startup_stm32g070xx.o(RESET)
 <LI><a href="#[1f]">USART2_IRQHandler</a> from stm32g0xx_it.o(i.USART2_IRQHandler) referenced from startup_stm32g070xx.o(RESET)
 <LI><a href="#[20]">USART3_4_IRQHandler</a> from stm32g0xx_it.o(i.USART3_4_IRQHandler) referenced from startup_stm32g070xx.o(RESET)
 <LI><a href="#[6]">WWDG_IRQHandler</a> from startup_stm32g070xx.o(.text) referenced from startup_stm32g070xx.o(RESET)
 <LI><a href="#[23]">__main</a> from entry.o(.ARM.Collect$$$$00000000) referenced from startup_stm32g070xx.o(.text)
 <LI><a href="#[25]">_sbackspace</a> from _sgetc.o(.text) referenced from __0sscanf.o(.text)
 <LI><a href="#[26]">_scanf_char_input</a> from scanf_char.o(.text) referenced from scanf_char.o(.text)
 <LI><a href="#[24]">_sgetc</a> from _sgetc.o(.text) referenced from __0sscanf.o(.text)
 <LI><a href="#[2f]">_sputc</a> from printfa.o(i._sputc) referenced from printfa.o(i.__0sprintf)
 <LI><a href="#[2f]">_sputc</a> from printfa.o(i._sputc) referenced from printfa.o(i.__0vsprintf)
 <LI><a href="#[27]">isspace</a> from isspace_c.o(.text) referenced from scanf_char.o(.text)
 <LI><a href="#[21]">main</a> from main.o(i.main) referenced from entry9a.o(.ARM.Collect$$$$0000000B)
</UL>
<P>
<H3>
Global Symbols
</H3>
<P><STRONG><a name="[23]"></a>__main</STRONG> (Thumb, 0 bytes, Stack size unknown bytes, entry.o(.ARM.Collect$$$$00000000))
<BR>[Address Reference Count : 1]<UL><LI> startup_stm32g070xx.o(.text)
</UL>
<P><STRONG><a name="[e2]"></a>_main_stk</STRONG> (Thumb, 0 bytes, Stack size unknown bytes, entry2.o(.ARM.Collect$$$$00000001))

<P><STRONG><a name="[30]"></a>_main_scatterload</STRONG> (Thumb, 0 bytes, Stack size unknown bytes, entry5.o(.ARM.Collect$$$$00000004))
<BR><BR>[Calls]<UL><LI><a href="#[31]">&gt;&gt;</a>&nbsp;&nbsp;&nbsp;__scatterload
</UL>

<P><STRONG><a name="[49]"></a>__main_after_scatterload</STRONG> (Thumb, 0 bytes, Stack size unknown bytes, entry5.o(.ARM.Collect$$$$00000004))
<BR><BR>[Called By]<UL><LI><a href="#[31]">&gt;&gt;</a>&nbsp;&nbsp;&nbsp;__scatterload
</UL>

<P><STRONG><a name="[e3]"></a>_main_clock</STRONG> (Thumb, 0 bytes, Stack size unknown bytes, entry7b.o(.ARM.Collect$$$$00000008))

<P><STRONG><a name="[e4]"></a>_main_cpp_init</STRONG> (Thumb, 0 bytes, Stack size unknown bytes, entry8b.o(.ARM.Collect$$$$0000000A))

<P><STRONG><a name="[e5]"></a>_main_init</STRONG> (Thumb, 0 bytes, Stack size unknown bytes, entry9a.o(.ARM.Collect$$$$0000000B))

<P><STRONG><a name="[e6]"></a>__rt_final_cpp</STRONG> (Thumb, 0 bytes, Stack size unknown bytes, entry10a.o(.ARM.Collect$$$$0000000D))

<P><STRONG><a name="[e7]"></a>__rt_final_exit</STRONG> (Thumb, 0 bytes, Stack size unknown bytes, entry11a.o(.ARM.Collect$$$$0000000F))

<P><STRONG><a name="[0]"></a>Reset_Handler</STRONG> (Thumb, 8 bytes, Stack size 0 bytes, startup_stm32g070xx.o(.text))
<BR>[Address Reference Count : 1]<UL><LI> startup_stm32g070xx.o(RESET)
</UL>
<P><STRONG><a name="[10]"></a>ADC1_IRQHandler</STRONG> (Thumb, 0 bytes, Stack size 0 bytes, startup_stm32g070xx.o(.text))
<BR><BR>[Calls]<UL><LI><a href="#[10]">&gt;&gt;</a>&nbsp;&nbsp;&nbsp;ADC1_IRQHandler
</UL>
<BR>[Called By]<UL><LI><a href="#[10]">&gt;&gt;</a>&nbsp;&nbsp;&nbsp;ADC1_IRQHandler
</UL>
<BR>[Address Reference Count : 1]<UL><LI> startup_stm32g070xx.o(RESET)
</UL>
<P><STRONG><a name="[a]"></a>EXTI0_1_IRQHandler</STRONG> (Thumb, 0 bytes, Stack size 0 bytes, startup_stm32g070xx.o(.text))
<BR>[Address Reference Count : 1]<UL><LI> startup_stm32g070xx.o(RESET)
</UL>
<P><STRONG><a name="[b]"></a>EXTI2_3_IRQHandler</STRONG> (Thumb, 0 bytes, Stack size 0 bytes, startup_stm32g070xx.o(.text))
<BR>[Address Reference Count : 1]<UL><LI> startup_stm32g070xx.o(RESET)
</UL>
<P><STRONG><a name="[c]"></a>EXTI4_15_IRQHandler</STRONG> (Thumb, 0 bytes, Stack size 0 bytes, startup_stm32g070xx.o(.text))
<BR>[Address Reference Count : 1]<UL><LI> startup_stm32g070xx.o(RESET)
</UL>
<P><STRONG><a name="[8]"></a>FLASH_IRQHandler</STRONG> (Thumb, 0 bytes, Stack size 0 bytes, startup_stm32g070xx.o(.text))
<BR>[Address Reference Count : 1]<UL><LI> startup_stm32g070xx.o(RESET)
</UL>
<P><STRONG><a name="[1a]"></a>I2C1_IRQHandler</STRONG> (Thumb, 0 bytes, Stack size 0 bytes, startup_stm32g070xx.o(.text))
<BR>[Address Reference Count : 1]<UL><LI> startup_stm32g070xx.o(RESET)
</UL>
<P><STRONG><a name="[1b]"></a>I2C2_IRQHandler</STRONG> (Thumb, 0 bytes, Stack size 0 bytes, startup_stm32g070xx.o(.text))
<BR>[Address Reference Count : 1]<UL><LI> startup_stm32g070xx.o(RESET)
</UL>
<P><STRONG><a name="[9]"></a>RCC_IRQHandler</STRONG> (Thumb, 0 bytes, Stack size 0 bytes, startup_stm32g070xx.o(.text))
<BR>[Address Reference Count : 1]<UL><LI> startup_stm32g070xx.o(RESET)
</UL>
<P><STRONG><a name="[7]"></a>RTC_TAMP_IRQHandler</STRONG> (Thumb, 0 bytes, Stack size 0 bytes, startup_stm32g070xx.o(.text))
<BR>[Address Reference Count : 1]<UL><LI> startup_stm32g070xx.o(RESET)
</UL>
<P><STRONG><a name="[1c]"></a>SPI1_IRQHandler</STRONG> (Thumb, 0 bytes, Stack size 0 bytes, startup_stm32g070xx.o(.text))
<BR>[Address Reference Count : 1]<UL><LI> startup_stm32g070xx.o(RESET)
</UL>
<P><STRONG><a name="[1d]"></a>SPI2_IRQHandler</STRONG> (Thumb, 0 bytes, Stack size 0 bytes, startup_stm32g070xx.o(.text))
<BR>[Address Reference Count : 1]<UL><LI> startup_stm32g070xx.o(RESET)
</UL>
<P><STRONG><a name="[16]"></a>TIM14_IRQHandler</STRONG> (Thumb, 0 bytes, Stack size 0 bytes, startup_stm32g070xx.o(.text))
<BR>[Address Reference Count : 1]<UL><LI> startup_stm32g070xx.o(RESET)
</UL>
<P><STRONG><a name="[17]"></a>TIM15_IRQHandler</STRONG> (Thumb, 0 bytes, Stack size 0 bytes, startup_stm32g070xx.o(.text))
<BR>[Address Reference Count : 1]<UL><LI> startup_stm32g070xx.o(RESET)
</UL>
<P><STRONG><a name="[18]"></a>TIM16_IRQHandler</STRONG> (Thumb, 0 bytes, Stack size 0 bytes, startup_stm32g070xx.o(.text))
<BR>[Address Reference Count : 1]<UL><LI> startup_stm32g070xx.o(RESET)
</UL>
<P><STRONG><a name="[19]"></a>TIM17_IRQHandler</STRONG> (Thumb, 0 bytes, Stack size 0 bytes, startup_stm32g070xx.o(.text))
<BR>[Address Reference Count : 1]<UL><LI> startup_stm32g070xx.o(RESET)
</UL>
<P><STRONG><a name="[11]"></a>TIM1_BRK_UP_TRG_COM_IRQHandler</STRONG> (Thumb, 0 bytes, Stack size 0 bytes, startup_stm32g070xx.o(.text))
<BR>[Address Reference Count : 1]<UL><LI> startup_stm32g070xx.o(RESET)
</UL>
<P><STRONG><a name="[12]"></a>TIM1_CC_IRQHandler</STRONG> (Thumb, 0 bytes, Stack size 0 bytes, startup_stm32g070xx.o(.text))
<BR>[Address Reference Count : 1]<UL><LI> startup_stm32g070xx.o(RESET)
</UL>
<P><STRONG><a name="[13]"></a>TIM3_IRQHandler</STRONG> (Thumb, 0 bytes, Stack size 0 bytes, startup_stm32g070xx.o(.text))
<BR>[Address Reference Count : 1]<UL><LI> startup_stm32g070xx.o(RESET)
</UL>
<P><STRONG><a name="[14]"></a>TIM6_IRQHandler</STRONG> (Thumb, 0 bytes, Stack size 0 bytes, startup_stm32g070xx.o(.text))
<BR>[Address Reference Count : 1]<UL><LI> startup_stm32g070xx.o(RESET)
</UL>
<P><STRONG><a name="[15]"></a>TIM7_IRQHandler</STRONG> (Thumb, 0 bytes, Stack size 0 bytes, startup_stm32g070xx.o(.text))
<BR>[Address Reference Count : 1]<UL><LI> startup_stm32g070xx.o(RESET)
</UL>
<P><STRONG><a name="[1e]"></a>USART1_IRQHandler</STRONG> (Thumb, 0 bytes, Stack size 0 bytes, startup_stm32g070xx.o(.text))
<BR>[Address Reference Count : 1]<UL><LI> startup_stm32g070xx.o(RESET)
</UL>
<P><STRONG><a name="[6]"></a>WWDG_IRQHandler</STRONG> (Thumb, 0 bytes, Stack size 0 bytes, startup_stm32g070xx.o(.text))
<BR>[Address Reference Count : 1]<UL><LI> startup_stm32g070xx.o(RESET)
</UL>
<P><STRONG><a name="[e8]"></a>__aeabi_uidiv</STRONG> (Thumb, 0 bytes, Stack size 12 bytes, uidiv.o(.text), UNUSED)

<P><STRONG><a name="[6c]"></a>__aeabi_uidivmod</STRONG> (Thumb, 44 bytes, Stack size 12 bytes, uidiv.o(.text))
<BR><BR>[Stack]<UL><LI>Max Depth = 12<LI>Call Chain = __aeabi_uidivmod
</UL>
<BR>[Called By]<UL><LI><a href="#[73]">&gt;&gt;</a>&nbsp;&nbsp;&nbsp;HAL_DMA_Init
<LI><a href="#[6b]">&gt;&gt;</a>&nbsp;&nbsp;&nbsp;DMA_CalcDMAMUXChannelBaseAndMask
<LI><a href="#[7d]">&gt;&gt;</a>&nbsp;&nbsp;&nbsp;HAL_RCC_GetSysClockFreq
<LI><a href="#[78]">&gt;&gt;</a>&nbsp;&nbsp;&nbsp;HAL_InitTick
<LI><a href="#[67]">&gt;&gt;</a>&nbsp;&nbsp;&nbsp;HAL_RCC_OscConfig
<LI><a href="#[93]">&gt;&gt;</a>&nbsp;&nbsp;&nbsp;UART_SetConfig
<LI><a href="#[cb]">&gt;&gt;</a>&nbsp;&nbsp;&nbsp;_printf_core
</UL>

<P><STRONG><a name="[54]"></a>__aeabi_memcpy</STRONG> (Thumb, 36 bytes, Stack size 0 bytes, memcpya.o(.text))
<BR><BR>[Called By]<UL><LI><a href="#[a2]">&gt;&gt;</a>&nbsp;&nbsp;&nbsp;utils_hmac_sha1
<LI><a href="#[55]">&gt;&gt;</a>&nbsp;&nbsp;&nbsp;u3_TxDataBuf
<LI><a href="#[aa]">&gt;&gt;</a>&nbsp;&nbsp;&nbsp;u2_TxDataBuf
<LI><a href="#[be]">&gt;&gt;</a>&nbsp;&nbsp;&nbsp;U3PassiveEvent
<LI><a href="#[b7]">&gt;&gt;</a>&nbsp;&nbsp;&nbsp;U2PassiveEvent
<LI><a href="#[4f]">&gt;&gt;</a>&nbsp;&nbsp;&nbsp;ActiveEvent
<LI><a href="#[21]">&gt;&gt;</a>&nbsp;&nbsp;&nbsp;main
<LI><a href="#[ad]">&gt;&gt;</a>&nbsp;&nbsp;&nbsp;MQTT_Subscribe
<LI><a href="#[5d]">&gt;&gt;</a>&nbsp;&nbsp;&nbsp;MQTT_PublishQs1
<LI><a href="#[5b]">&gt;&gt;</a>&nbsp;&nbsp;&nbsp;MQTT_PublishQs0
<LI><a href="#[ab]">&gt;&gt;</a>&nbsp;&nbsp;&nbsp;MQTT_DealPushdatatopic_Qs0
<LI><a href="#[a9]">&gt;&gt;</a>&nbsp;&nbsp;&nbsp;MQTT_ConectPack
<LI><a href="#[de]">&gt;&gt;</a>&nbsp;&nbsp;&nbsp;utils_sha1_update
</UL>

<P><STRONG><a name="[e9]"></a>__aeabi_memcpy4</STRONG> (Thumb, 0 bytes, Stack size 0 bytes, memcpya.o(.text), UNUSED)

<P><STRONG><a name="[ea]"></a>__aeabi_memcpy8</STRONG> (Thumb, 0 bytes, Stack size 0 bytes, memcpya.o(.text), UNUSED)

<P><STRONG><a name="[33]"></a>__aeabi_memset</STRONG> (Thumb, 14 bytes, Stack size 0 bytes, memseta.o(.text))
<BR><BR>[Called By]<UL><LI><a href="#[34]">&gt;&gt;</a>&nbsp;&nbsp;&nbsp;_memset$wrapper
<LI><a href="#[32]">&gt;&gt;</a>&nbsp;&nbsp;&nbsp;__aeabi_memclr
</UL>

<P><STRONG><a name="[eb]"></a>__aeabi_memset4</STRONG> (Thumb, 0 bytes, Stack size 0 bytes, memseta.o(.text), UNUSED)

<P><STRONG><a name="[ec]"></a>__aeabi_memset8</STRONG> (Thumb, 0 bytes, Stack size 0 bytes, memseta.o(.text), UNUSED)

<P><STRONG><a name="[32]"></a>__aeabi_memclr</STRONG> (Thumb, 4 bytes, Stack size 0 bytes, memseta.o(.text))
<BR><BR>[Calls]<UL><LI><a href="#[33]">&gt;&gt;</a>&nbsp;&nbsp;&nbsp;__aeabi_memset
</UL>
<BR>[Called By]<UL><LI><a href="#[be]">&gt;&gt;</a>&nbsp;&nbsp;&nbsp;U3PassiveEvent
<LI><a href="#[b7]">&gt;&gt;</a>&nbsp;&nbsp;&nbsp;U2PassiveEvent
<LI><a href="#[4f]">&gt;&gt;</a>&nbsp;&nbsp;&nbsp;ActiveEvent
<LI><a href="#[21]">&gt;&gt;</a>&nbsp;&nbsp;&nbsp;main
</UL>

<P><STRONG><a name="[57]"></a>__aeabi_memclr4</STRONG> (Thumb, 0 bytes, Stack size 0 bytes, memseta.o(.text))
<BR><BR>[Called By]<UL><LI><a href="#[70]">&gt;&gt;</a>&nbsp;&nbsp;&nbsp;IoT_Parameter_Init
<LI><a href="#[a2]">&gt;&gt;</a>&nbsp;&nbsp;&nbsp;utils_hmac_sha1
<LI><a href="#[64]">&gt;&gt;</a>&nbsp;&nbsp;&nbsp;CAT1_SubDevicePost
<LI><a href="#[63]">&gt;&gt;</a>&nbsp;&nbsp;&nbsp;CAT1_SubDeviceLogin
<LI><a href="#[5c]">&gt;&gt;</a>&nbsp;&nbsp;&nbsp;CAT1_PropertyVersion
<LI><a href="#[bd]">&gt;&gt;</a>&nbsp;&nbsp;&nbsp;u2_BuffInit
<LI><a href="#[b7]">&gt;&gt;</a>&nbsp;&nbsp;&nbsp;U2PassiveEvent
<LI><a href="#[6f]">&gt;&gt;</a>&nbsp;&nbsp;&nbsp;EEprom_ReadInfo
<LI><a href="#[b4]">&gt;&gt;</a>&nbsp;&nbsp;&nbsp;SysInit
<LI><a href="#[56]">&gt;&gt;</a>&nbsp;&nbsp;&nbsp;CAT1_OTADownload
<LI><a href="#[ab]">&gt;&gt;</a>&nbsp;&nbsp;&nbsp;MQTT_DealPushdatatopic_Qs0
<LI><a href="#[dc]">&gt;&gt;</a>&nbsp;&nbsp;&nbsp;utils_sha1_init
</UL>

<P><STRONG><a name="[ed]"></a>__aeabi_memclr8</STRONG> (Thumb, 0 bytes, Stack size 0 bytes, memseta.o(.text), UNUSED)

<P><STRONG><a name="[34]"></a>_memset$wrapper</STRONG> (Thumb, 18 bytes, Stack size 8 bytes, memseta.o(.text), UNUSED)
<BR><BR>[Calls]<UL><LI><a href="#[33]">&gt;&gt;</a>&nbsp;&nbsp;&nbsp;__aeabi_memset
</UL>

<P><STRONG><a name="[b8]"></a>strstr</STRONG> (Thumb, 40 bytes, Stack size 12 bytes, strstr.o(.text))
<BR><BR>[Stack]<UL><LI>Max Depth = 12<LI>Call Chain = strstr
</UL>
<BR>[Called By]<UL><LI><a href="#[b7]">&gt;&gt;</a>&nbsp;&nbsp;&nbsp;U2PassiveEvent
</UL>

<P><STRONG><a name="[5a]"></a>strlen</STRONG> (Thumb, 14 bytes, Stack size 0 bytes, strlen.o(.text))
<BR><BR>[Called By]<UL><LI><a href="#[70]">&gt;&gt;</a>&nbsp;&nbsp;&nbsp;IoT_Parameter_Init
<LI><a href="#[64]">&gt;&gt;</a>&nbsp;&nbsp;&nbsp;CAT1_SubDevicePost
<LI><a href="#[63]">&gt;&gt;</a>&nbsp;&nbsp;&nbsp;CAT1_SubDeviceLogin
<LI><a href="#[5c]">&gt;&gt;</a>&nbsp;&nbsp;&nbsp;CAT1_PropertyVersion
<LI><a href="#[62]">&gt;&gt;</a>&nbsp;&nbsp;&nbsp;u2_printf
<LI><a href="#[51]">&gt;&gt;</a>&nbsp;&nbsp;&nbsp;u1_printf
<LI><a href="#[be]">&gt;&gt;</a>&nbsp;&nbsp;&nbsp;U3PassiveEvent
<LI><a href="#[b7]">&gt;&gt;</a>&nbsp;&nbsp;&nbsp;U2PassiveEvent
<LI><a href="#[56]">&gt;&gt;</a>&nbsp;&nbsp;&nbsp;CAT1_OTADownload
<LI><a href="#[ad]">&gt;&gt;</a>&nbsp;&nbsp;&nbsp;MQTT_Subscribe
<LI><a href="#[5d]">&gt;&gt;</a>&nbsp;&nbsp;&nbsp;MQTT_PublishQs1
<LI><a href="#[5b]">&gt;&gt;</a>&nbsp;&nbsp;&nbsp;MQTT_PublishQs0
<LI><a href="#[a9]">&gt;&gt;</a>&nbsp;&nbsp;&nbsp;MQTT_ConectPack
</UL>

<P><STRONG><a name="[35]"></a>__0sscanf</STRONG> (Thumb, 50 bytes, Stack size 72 bytes, __0sscanf.o(.text))
<BR><BR>[Stack]<UL><LI>Max Depth = 208<LI>Call Chain = __0sscanf &rArr; __vfscanf_char &rArr; __vfscanf &rArr; _scanf_string
</UL>
<BR>[Calls]<UL><LI><a href="#[36]">&gt;&gt;</a>&nbsp;&nbsp;&nbsp;__vfscanf_char
</UL>
<BR>[Called By]<UL><LI><a href="#[b7]">&gt;&gt;</a>&nbsp;&nbsp;&nbsp;U2PassiveEvent
</UL>

<P><STRONG><a name="[37]"></a>_scanf_int</STRONG> (Thumb, 330 bytes, Stack size 48 bytes, _scanf_int.o(.text))
<BR><BR>[Stack]<UL><LI>Max Depth = 48<LI>Call Chain = _scanf_int
</UL>
<BR>[Calls]<UL><LI><a href="#[38]">&gt;&gt;</a>&nbsp;&nbsp;&nbsp;_chval
</UL>
<BR>[Called By]<UL><LI><a href="#[45]">&gt;&gt;</a>&nbsp;&nbsp;&nbsp;__vfscanf
</UL>

<P><STRONG><a name="[4d]"></a>_scanf_string</STRONG> (Thumb, 232 bytes, Stack size 48 bytes, _scanf_str.o(.text))
<BR><BR>[Stack]<UL><LI>Max Depth = 48<LI>Call Chain = _scanf_string
</UL>
<BR>[Called By]<UL><LI><a href="#[45]">&gt;&gt;</a>&nbsp;&nbsp;&nbsp;__vfscanf
</UL>

<P><STRONG><a name="[39]"></a>__aeabi_dadd</STRONG> (Thumb, 328 bytes, Stack size 48 bytes, dadd.o(.text))
<BR><BR>[Stack]<UL><LI>Max Depth = 104<LI>Call Chain = __aeabi_dadd &rArr; _double_epilogue &rArr; __aeabi_llsr
</UL>
<BR>[Calls]<UL><LI><a href="#[3b]">&gt;&gt;</a>&nbsp;&nbsp;&nbsp;__aeabi_lasr
<LI><a href="#[3a]">&gt;&gt;</a>&nbsp;&nbsp;&nbsp;__aeabi_llsl
<LI><a href="#[3d]">&gt;&gt;</a>&nbsp;&nbsp;&nbsp;_double_round
<LI><a href="#[3c]">&gt;&gt;</a>&nbsp;&nbsp;&nbsp;_double_epilogue
</UL>
<BR>[Called By]<UL><LI><a href="#[ab]">&gt;&gt;</a>&nbsp;&nbsp;&nbsp;MQTT_DealPushdatatopic_Qs0
<LI><a href="#[3e]">&gt;&gt;</a>&nbsp;&nbsp;&nbsp;__aeabi_dsub
<LI><a href="#[3f]">&gt;&gt;</a>&nbsp;&nbsp;&nbsp;__aeabi_drsub
<LI><a href="#[ac]">&gt;&gt;</a>&nbsp;&nbsp;&nbsp;pow
<LI><a href="#[cd]">&gt;&gt;</a>&nbsp;&nbsp;&nbsp;__kernel_poly
<LI><a href="#[cf]">&gt;&gt;</a>&nbsp;&nbsp;&nbsp;__mathlib_dbl_infnan2
<LI><a href="#[d4]">&gt;&gt;</a>&nbsp;&nbsp;&nbsp;_fp_digits
</UL>

<P><STRONG><a name="[3e]"></a>__aeabi_dsub</STRONG> (Thumb, 12 bytes, Stack size 8 bytes, dadd.o(.text))
<BR><BR>[Stack]<UL><LI>Max Depth = 112<LI>Call Chain = __aeabi_dsub &rArr; __aeabi_dadd &rArr; _double_epilogue &rArr; __aeabi_llsr
</UL>
<BR>[Calls]<UL><LI><a href="#[39]">&gt;&gt;</a>&nbsp;&nbsp;&nbsp;__aeabi_dadd
</UL>
<BR>[Called By]<UL><LI><a href="#[ac]">&gt;&gt;</a>&nbsp;&nbsp;&nbsp;pow
</UL>

<P><STRONG><a name="[3f]"></a>__aeabi_drsub</STRONG> (Thumb, 12 bytes, Stack size 8 bytes, dadd.o(.text))
<BR><BR>[Stack]<UL><LI>Max Depth = 112<LI>Call Chain = __aeabi_drsub &rArr; __aeabi_dadd &rArr; _double_epilogue &rArr; __aeabi_llsr
</UL>
<BR>[Calls]<UL><LI><a href="#[39]">&gt;&gt;</a>&nbsp;&nbsp;&nbsp;__aeabi_dadd
</UL>
<BR>[Called By]<UL><LI><a href="#[ac]">&gt;&gt;</a>&nbsp;&nbsp;&nbsp;pow
</UL>

<P><STRONG><a name="[40]"></a>__aeabi_dmul</STRONG> (Thumb, 202 bytes, Stack size 72 bytes, dmul.o(.text))
<BR><BR>[Stack]<UL><LI>Max Depth = 128<LI>Call Chain = __aeabi_dmul &rArr; _double_epilogue &rArr; __aeabi_llsr
</UL>
<BR>[Calls]<UL><LI><a href="#[3c]">&gt;&gt;</a>&nbsp;&nbsp;&nbsp;_double_epilogue
</UL>
<BR>[Called By]<UL><LI><a href="#[ab]">&gt;&gt;</a>&nbsp;&nbsp;&nbsp;MQTT_DealPushdatatopic_Qs0
<LI><a href="#[ac]">&gt;&gt;</a>&nbsp;&nbsp;&nbsp;pow
<LI><a href="#[cd]">&gt;&gt;</a>&nbsp;&nbsp;&nbsp;__kernel_poly
<LI><a href="#[d4]">&gt;&gt;</a>&nbsp;&nbsp;&nbsp;_fp_digits
</UL>

<P><STRONG><a name="[41]"></a>__aeabi_i2d</STRONG> (Thumb, 34 bytes, Stack size 16 bytes, dflti.o(.text))
<BR><BR>[Stack]<UL><LI>Max Depth = 72<LI>Call Chain = __aeabi_i2d &rArr; _double_epilogue &rArr; __aeabi_llsr
</UL>
<BR>[Calls]<UL><LI><a href="#[3c]">&gt;&gt;</a>&nbsp;&nbsp;&nbsp;_double_epilogue
</UL>
<BR>[Called By]<UL><LI><a href="#[ab]">&gt;&gt;</a>&nbsp;&nbsp;&nbsp;MQTT_DealPushdatatopic_Qs0
<LI><a href="#[ac]">&gt;&gt;</a>&nbsp;&nbsp;&nbsp;pow
</UL>

<P><STRONG><a name="[42]"></a>__aeabi_d2iz</STRONG> (Thumb, 62 bytes, Stack size 16 bytes, dfixi.o(.text))
<BR><BR>[Stack]<UL><LI>Max Depth = 24<LI>Call Chain = __aeabi_d2iz &rArr; __aeabi_llsr
</UL>
<BR>[Calls]<UL><LI><a href="#[43]">&gt;&gt;</a>&nbsp;&nbsp;&nbsp;__aeabi_llsr
</UL>
<BR>[Called By]<UL><LI><a href="#[ab]">&gt;&gt;</a>&nbsp;&nbsp;&nbsp;MQTT_DealPushdatatopic_Qs0
</UL>

<P><STRONG><a name="[44]"></a>__aeabi_uldivmod</STRONG> (Thumb, 96 bytes, Stack size 48 bytes, uldiv.o(.text), UNUSED)
<BR><BR>[Calls]<UL><LI><a href="#[43]">&gt;&gt;</a>&nbsp;&nbsp;&nbsp;__aeabi_llsr
<LI><a href="#[3a]">&gt;&gt;</a>&nbsp;&nbsp;&nbsp;__aeabi_llsl
</UL>
<BR>[Called By]<UL><LI><a href="#[cb]">&gt;&gt;</a>&nbsp;&nbsp;&nbsp;_printf_core
<LI><a href="#[d4]">&gt;&gt;</a>&nbsp;&nbsp;&nbsp;_fp_digits
</UL>

<P><STRONG><a name="[3a]"></a>__aeabi_llsl</STRONG> (Thumb, 32 bytes, Stack size 8 bytes, llshl.o(.text))
<BR><BR>[Stack]<UL><LI>Max Depth = 8<LI>Call Chain = __aeabi_llsl
</UL>
<BR>[Called By]<UL><LI><a href="#[39]">&gt;&gt;</a>&nbsp;&nbsp;&nbsp;__aeabi_dadd
<LI><a href="#[44]">&gt;&gt;</a>&nbsp;&nbsp;&nbsp;__aeabi_uldivmod
<LI><a href="#[3c]">&gt;&gt;</a>&nbsp;&nbsp;&nbsp;_double_epilogue
<LI><a href="#[48]">&gt;&gt;</a>&nbsp;&nbsp;&nbsp;__aeabi_d2ulz
</UL>

<P><STRONG><a name="[ee]"></a>_ll_shift_l</STRONG> (Thumb, 0 bytes, Stack size 8 bytes, llshl.o(.text), UNUSED)

<P><STRONG><a name="[43]"></a>__aeabi_llsr</STRONG> (Thumb, 34 bytes, Stack size 8 bytes, llushr.o(.text))
<BR><BR>[Stack]<UL><LI>Max Depth = 8<LI>Call Chain = __aeabi_llsr
</UL>
<BR>[Called By]<UL><LI><a href="#[42]">&gt;&gt;</a>&nbsp;&nbsp;&nbsp;__aeabi_d2iz
<LI><a href="#[44]">&gt;&gt;</a>&nbsp;&nbsp;&nbsp;__aeabi_uldivmod
<LI><a href="#[4e]">&gt;&gt;</a>&nbsp;&nbsp;&nbsp;_dsqrt
<LI><a href="#[3c]">&gt;&gt;</a>&nbsp;&nbsp;&nbsp;_double_epilogue
<LI><a href="#[48]">&gt;&gt;</a>&nbsp;&nbsp;&nbsp;__aeabi_d2ulz
</UL>

<P><STRONG><a name="[ef]"></a>_ll_ushift_r</STRONG> (Thumb, 0 bytes, Stack size 8 bytes, llushr.o(.text), UNUSED)

<P><STRONG><a name="[3b]"></a>__aeabi_lasr</STRONG> (Thumb, 38 bytes, Stack size 8 bytes, llsshr.o(.text))
<BR><BR>[Stack]<UL><LI>Max Depth = 8<LI>Call Chain = __aeabi_lasr
</UL>
<BR>[Called By]<UL><LI><a href="#[39]">&gt;&gt;</a>&nbsp;&nbsp;&nbsp;__aeabi_dadd
</UL>

<P><STRONG><a name="[f0]"></a>_ll_sshift_r</STRONG> (Thumb, 0 bytes, Stack size 8 bytes, llsshr.o(.text), UNUSED)

<P><STRONG><a name="[38]"></a>_chval</STRONG> (Thumb, 30 bytes, Stack size 0 bytes, _chval.o(.text))
<BR><BR>[Called By]<UL><LI><a href="#[37]">&gt;&gt;</a>&nbsp;&nbsp;&nbsp;_scanf_int
</UL>

<P><STRONG><a name="[36]"></a>__vfscanf_char</STRONG> (Thumb, 24 bytes, Stack size 8 bytes, scanf_char.o(.text))
<BR><BR>[Stack]<UL><LI>Max Depth = 136<LI>Call Chain = __vfscanf_char &rArr; __vfscanf &rArr; _scanf_string
</UL>
<BR>[Calls]<UL><LI><a href="#[45]">&gt;&gt;</a>&nbsp;&nbsp;&nbsp;__vfscanf
</UL>
<BR>[Called By]<UL><LI><a href="#[35]">&gt;&gt;</a>&nbsp;&nbsp;&nbsp;__0sscanf
</UL>

<P><STRONG><a name="[24]"></a>_sgetc</STRONG> (Thumb, 32 bytes, Stack size 0 bytes, _sgetc.o(.text))
<BR>[Address Reference Count : 1]<UL><LI> __0sscanf.o(.text)
</UL>
<P><STRONG><a name="[25]"></a>_sbackspace</STRONG> (Thumb, 36 bytes, Stack size 0 bytes, _sgetc.o(.text))
<BR>[Address Reference Count : 1]<UL><LI> __0sscanf.o(.text)
</UL>
<P><STRONG><a name="[f1]"></a>__I$use$fp</STRONG> (Thumb, 0 bytes, Stack size 8 bytes, iusefp.o(.text), UNUSED)

<P><STRONG><a name="[3d]"></a>_double_round</STRONG> (Thumb, 26 bytes, Stack size 8 bytes, depilogue.o(.text))
<BR><BR>[Stack]<UL><LI>Max Depth = 8<LI>Call Chain = _double_round
</UL>
<BR>[Called By]<UL><LI><a href="#[39]">&gt;&gt;</a>&nbsp;&nbsp;&nbsp;__aeabi_dadd
<LI><a href="#[47]">&gt;&gt;</a>&nbsp;&nbsp;&nbsp;__aeabi_ddiv
<LI><a href="#[4e]">&gt;&gt;</a>&nbsp;&nbsp;&nbsp;_dsqrt
<LI><a href="#[3c]">&gt;&gt;</a>&nbsp;&nbsp;&nbsp;_double_epilogue
</UL>

<P><STRONG><a name="[3c]"></a>_double_epilogue</STRONG> (Thumb, 164 bytes, Stack size 48 bytes, depilogue.o(.text))
<BR><BR>[Stack]<UL><LI>Max Depth = 56<LI>Call Chain = _double_epilogue &rArr; __aeabi_llsr
</UL>
<BR>[Calls]<UL><LI><a href="#[46]">&gt;&gt;</a>&nbsp;&nbsp;&nbsp;__ARM_clz
<LI><a href="#[43]">&gt;&gt;</a>&nbsp;&nbsp;&nbsp;__aeabi_llsr
<LI><a href="#[3a]">&gt;&gt;</a>&nbsp;&nbsp;&nbsp;__aeabi_llsl
<LI><a href="#[3d]">&gt;&gt;</a>&nbsp;&nbsp;&nbsp;_double_round
</UL>
<BR>[Called By]<UL><LI><a href="#[41]">&gt;&gt;</a>&nbsp;&nbsp;&nbsp;__aeabi_i2d
<LI><a href="#[40]">&gt;&gt;</a>&nbsp;&nbsp;&nbsp;__aeabi_dmul
<LI><a href="#[39]">&gt;&gt;</a>&nbsp;&nbsp;&nbsp;__aeabi_dadd
</UL>

<P><STRONG><a name="[47]"></a>__aeabi_ddiv</STRONG> (Thumb, 234 bytes, Stack size 40 bytes, ddiv.o(.text))
<BR><BR>[Stack]<UL><LI>Max Depth = 48<LI>Call Chain = __aeabi_ddiv &rArr; _double_round
</UL>
<BR>[Calls]<UL><LI><a href="#[3d]">&gt;&gt;</a>&nbsp;&nbsp;&nbsp;_double_round
</UL>
<BR>[Called By]<UL><LI><a href="#[ac]">&gt;&gt;</a>&nbsp;&nbsp;&nbsp;pow
<LI><a href="#[d0]">&gt;&gt;</a>&nbsp;&nbsp;&nbsp;__mathlib_dbl_invalid
<LI><a href="#[ce]">&gt;&gt;</a>&nbsp;&nbsp;&nbsp;__mathlib_dbl_divzero
<LI><a href="#[d4]">&gt;&gt;</a>&nbsp;&nbsp;&nbsp;_fp_digits
</UL>

<P><STRONG><a name="[d2]"></a>__ARM_scalbn</STRONG> (Thumb, 44 bytes, Stack size 16 bytes, dscalb.o(.text))
<BR><BR>[Stack]<UL><LI>Max Depth = 16<LI>Call Chain = __ARM_scalbn
</UL>
<BR>[Called By]<UL><LI><a href="#[ac]">&gt;&gt;</a>&nbsp;&nbsp;&nbsp;pow
<LI><a href="#[d3]">&gt;&gt;</a>&nbsp;&nbsp;&nbsp;__mathlib_dbl_underflow
<LI><a href="#[d1]">&gt;&gt;</a>&nbsp;&nbsp;&nbsp;__mathlib_dbl_overflow
</UL>

<P><STRONG><a name="[f2]"></a>scalbn</STRONG> (Thumb, 0 bytes, Stack size 16 bytes, dscalb.o(.text), UNUSED)

<P><STRONG><a name="[48]"></a>__aeabi_d2ulz</STRONG> (Thumb, 54 bytes, Stack size 8 bytes, dfixul.o(.text), UNUSED)
<BR><BR>[Calls]<UL><LI><a href="#[43]">&gt;&gt;</a>&nbsp;&nbsp;&nbsp;__aeabi_llsr
<LI><a href="#[3a]">&gt;&gt;</a>&nbsp;&nbsp;&nbsp;__aeabi_llsl
</UL>
<BR>[Called By]<UL><LI><a href="#[d4]">&gt;&gt;</a>&nbsp;&nbsp;&nbsp;_fp_digits
</UL>

<P><STRONG><a name="[d5]"></a>__aeabi_cdrcmple</STRONG> (Thumb, 38 bytes, Stack size 0 bytes, cdrcmple.o(.text))
<BR><BR>[Called By]<UL><LI><a href="#[ac]">&gt;&gt;</a>&nbsp;&nbsp;&nbsp;pow
<LI><a href="#[d4]">&gt;&gt;</a>&nbsp;&nbsp;&nbsp;_fp_digits
</UL>

<P><STRONG><a name="[31]"></a>__scatterload</STRONG> (Thumb, 28 bytes, Stack size 0 bytes, init.o(.text))
<BR><BR>[Calls]<UL><LI><a href="#[49]">&gt;&gt;</a>&nbsp;&nbsp;&nbsp;__main_after_scatterload
</UL>
<BR>[Called By]<UL><LI><a href="#[30]">&gt;&gt;</a>&nbsp;&nbsp;&nbsp;_main_scatterload
</UL>

<P><STRONG><a name="[f3]"></a>__scatterload_rt2</STRONG> (Thumb, 0 bytes, Stack size 0 bytes, init.o(.text), UNUSED)

<P><STRONG><a name="[27]"></a>isspace</STRONG> (Thumb, 14 bytes, Stack size 8 bytes, isspace_c.o(.text))
<BR><BR>[Stack]<UL><LI>Max Depth = 8<LI>Call Chain = isspace
</UL>
<BR>[Calls]<UL><LI><a href="#[4a]">&gt;&gt;</a>&nbsp;&nbsp;&nbsp;__ctype_lookup
</UL>
<BR>[Address Reference Count : 1]<UL><LI> scanf_char.o(.text)
</UL>
<P><STRONG><a name="[45]"></a>__vfscanf</STRONG> (Thumb, 812 bytes, Stack size 80 bytes, _scanf.o(.text))
<BR><BR>[Stack]<UL><LI>Max Depth = 128<LI>Call Chain = __vfscanf &rArr; _scanf_string
</UL>
<BR>[Calls]<UL><LI><a href="#[4b]">&gt;&gt;</a>&nbsp;&nbsp;&nbsp;_scanf_real (Weak Reference)
<LI><a href="#[4c]">&gt;&gt;</a>&nbsp;&nbsp;&nbsp;_scanf_longlong (Weak Reference)
<LI><a href="#[4d]">&gt;&gt;</a>&nbsp;&nbsp;&nbsp;_scanf_string
<LI><a href="#[37]">&gt;&gt;</a>&nbsp;&nbsp;&nbsp;_scanf_int
</UL>
<BR>[Called By]<UL><LI><a href="#[36]">&gt;&gt;</a>&nbsp;&nbsp;&nbsp;__vfscanf_char
</UL>

<P><STRONG><a name="[4e]"></a>_dsqrt</STRONG> (Thumb, 162 bytes, Stack size 32 bytes, dsqrt.o(.text))
<BR><BR>[Stack]<UL><LI>Max Depth = 40<LI>Call Chain = _dsqrt &rArr; __aeabi_llsr
</UL>
<BR>[Calls]<UL><LI><a href="#[43]">&gt;&gt;</a>&nbsp;&nbsp;&nbsp;__aeabi_llsr
<LI><a href="#[3d]">&gt;&gt;</a>&nbsp;&nbsp;&nbsp;_double_round
</UL>
<BR>[Called By]<UL><LI><a href="#[d9]">&gt;&gt;</a>&nbsp;&nbsp;&nbsp;sqrt
</UL>

<P><STRONG><a name="[4a]"></a>__ctype_lookup</STRONG> (Thumb, 32 bytes, Stack size 0 bytes, ctype_c.o(.text))
<BR><BR>[Called By]<UL><LI><a href="#[27]">&gt;&gt;</a>&nbsp;&nbsp;&nbsp;isspace
</UL>

<P><STRONG><a name="[4f]"></a>ActiveEvent</STRONG> (Thumb, 676 bytes, Stack size 8 bytes, cat1.o(i.ActiveEvent))
<BR><BR>[Stack]<UL><LI>Max Depth = 64<LI>Call Chain = ActiveEvent &rArr; u1_printf &rArr; vsprintf
</UL>
<BR>[Calls]<UL><LI><a href="#[55]">&gt;&gt;</a>&nbsp;&nbsp;&nbsp;u3_TxDataBuf
<LI><a href="#[51]">&gt;&gt;</a>&nbsp;&nbsp;&nbsp;u1_printf
<LI><a href="#[50]">&gt;&gt;</a>&nbsp;&nbsp;&nbsp;HAL_GetTick
<LI><a href="#[52]">&gt;&gt;</a>&nbsp;&nbsp;&nbsp;__NVIC_SystemReset
<LI><a href="#[53]">&gt;&gt;</a>&nbsp;&nbsp;&nbsp;MQTT_PingREQ
<LI><a href="#[32]">&gt;&gt;</a>&nbsp;&nbsp;&nbsp;__aeabi_memclr
<LI><a href="#[54]">&gt;&gt;</a>&nbsp;&nbsp;&nbsp;__aeabi_memcpy
</UL>
<BR>[Called By]<UL><LI><a href="#[21]">&gt;&gt;</a>&nbsp;&nbsp;&nbsp;main
</UL>

<P><STRONG><a name="[56]"></a>CAT1_OTADownload</STRONG> (Thumb, 96 bytes, Stack size 216 bytes, cat1.o(i.CAT1_OTADownload))
<BR><BR>[Stack]<UL><LI>Max Depth = 272<LI>Call Chain = CAT1_OTADownload &rArr; u1_printf &rArr; vsprintf
</UL>
<BR>[Calls]<UL><LI><a href="#[59]">&gt;&gt;</a>&nbsp;&nbsp;&nbsp;HAL_Delay
<LI><a href="#[51]">&gt;&gt;</a>&nbsp;&nbsp;&nbsp;u1_printf
<LI><a href="#[5b]">&gt;&gt;</a>&nbsp;&nbsp;&nbsp;MQTT_PublishQs0
<LI><a href="#[5a]">&gt;&gt;</a>&nbsp;&nbsp;&nbsp;strlen
<LI><a href="#[57]">&gt;&gt;</a>&nbsp;&nbsp;&nbsp;__aeabi_memclr4
<LI><a href="#[58]">&gt;&gt;</a>&nbsp;&nbsp;&nbsp;__2sprintf
</UL>
<BR>[Called By]<UL><LI><a href="#[b7]">&gt;&gt;</a>&nbsp;&nbsp;&nbsp;U2PassiveEvent
</UL>

<P><STRONG><a name="[5c]"></a>CAT1_PropertyVersion</STRONG> (Thumb, 72 bytes, Stack size 208 bytes, cat1.o(i.CAT1_PropertyVersion))
<BR><BR>[Stack]<UL><LI>Max Depth = 264<LI>Call Chain = CAT1_PropertyVersion &rArr; MQTT_PublishQs1 &rArr; u2_TxDataBuf
</UL>
<BR>[Calls]<UL><LI><a href="#[5d]">&gt;&gt;</a>&nbsp;&nbsp;&nbsp;MQTT_PublishQs1
<LI><a href="#[5a]">&gt;&gt;</a>&nbsp;&nbsp;&nbsp;strlen
<LI><a href="#[57]">&gt;&gt;</a>&nbsp;&nbsp;&nbsp;__aeabi_memclr4
<LI><a href="#[58]">&gt;&gt;</a>&nbsp;&nbsp;&nbsp;__2sprintf
</UL>
<BR>[Called By]<UL><LI><a href="#[be]">&gt;&gt;</a>&nbsp;&nbsp;&nbsp;U3PassiveEvent
<LI><a href="#[b7]">&gt;&gt;</a>&nbsp;&nbsp;&nbsp;U2PassiveEvent
</UL>

<P><STRONG><a name="[5e]"></a>CAT1_Reset</STRONG> (Thumb, 268 bytes, Stack size 32 bytes, cat1.o(i.CAT1_Reset))
<BR><BR>[Stack]<UL><LI>Max Depth = 88<LI>Call Chain = CAT1_Reset &rArr; u2_printf &rArr; vsprintf
</UL>
<BR>[Calls]<UL><LI><a href="#[61]">&gt;&gt;</a>&nbsp;&nbsp;&nbsp;HAL_GPIO_WritePin
<LI><a href="#[60]">&gt;&gt;</a>&nbsp;&nbsp;&nbsp;HAL_GPIO_ReadPin
<LI><a href="#[59]">&gt;&gt;</a>&nbsp;&nbsp;&nbsp;HAL_Delay
<LI><a href="#[5f]">&gt;&gt;</a>&nbsp;&nbsp;&nbsp;HAL_GPIO_Init
<LI><a href="#[62]">&gt;&gt;</a>&nbsp;&nbsp;&nbsp;u2_printf
<LI><a href="#[51]">&gt;&gt;</a>&nbsp;&nbsp;&nbsp;u1_printf
</UL>
<BR>[Called By]<UL><LI><a href="#[be]">&gt;&gt;</a>&nbsp;&nbsp;&nbsp;U3PassiveEvent
</UL>

<P><STRONG><a name="[63]"></a>CAT1_SubDeviceLogin</STRONG> (Thumb, 50 bytes, Stack size 80 bytes, cat1.o(i.CAT1_SubDeviceLogin))
<BR><BR>[Stack]<UL><LI>Max Depth = 136<LI>Call Chain = CAT1_SubDeviceLogin &rArr; MQTT_PublishQs0 &rArr; u2_TxDataBuf
</UL>
<BR>[Calls]<UL><LI><a href="#[5b]">&gt;&gt;</a>&nbsp;&nbsp;&nbsp;MQTT_PublishQs0
<LI><a href="#[5a]">&gt;&gt;</a>&nbsp;&nbsp;&nbsp;strlen
<LI><a href="#[57]">&gt;&gt;</a>&nbsp;&nbsp;&nbsp;__aeabi_memclr4
<LI><a href="#[58]">&gt;&gt;</a>&nbsp;&nbsp;&nbsp;__2sprintf
</UL>
<BR>[Called By]<UL><LI><a href="#[be]">&gt;&gt;</a>&nbsp;&nbsp;&nbsp;U3PassiveEvent
</UL>

<P><STRONG><a name="[64]"></a>CAT1_SubDevicePost</STRONG> (Thumb, 50 bytes, Stack size 80 bytes, cat1.o(i.CAT1_SubDevicePost))
<BR><BR>[Stack]<UL><LI>Max Depth = 136<LI>Call Chain = CAT1_SubDevicePost &rArr; MQTT_PublishQs0 &rArr; u2_TxDataBuf
</UL>
<BR>[Calls]<UL><LI><a href="#[5b]">&gt;&gt;</a>&nbsp;&nbsp;&nbsp;MQTT_PublishQs0
<LI><a href="#[5a]">&gt;&gt;</a>&nbsp;&nbsp;&nbsp;strlen
<LI><a href="#[57]">&gt;&gt;</a>&nbsp;&nbsp;&nbsp;__aeabi_memclr4
<LI><a href="#[58]">&gt;&gt;</a>&nbsp;&nbsp;&nbsp;__2sprintf
</UL>
<BR>[Called By]<UL><LI><a href="#[be]">&gt;&gt;</a>&nbsp;&nbsp;&nbsp;U3PassiveEvent
</UL>

<P><STRONG><a name="[65]"></a>CLock_Init</STRONG> (Thumb, 110 bytes, Stack size 72 bytes, clock.o(i.CLock_Init))
<BR><BR>[Stack]<UL><LI>Max Depth = 152<LI>Call Chain = CLock_Init &rArr; HAL_RCC_OscConfig &rArr; HAL_InitTick &rArr; HAL_NVIC_SetPriority &rArr; __NVIC_SetPriority
</UL>
<BR>[Calls]<UL><LI><a href="#[66]">&gt;&gt;</a>&nbsp;&nbsp;&nbsp;HAL_SYSTICK_CLKSourceConfig
<LI><a href="#[67]">&gt;&gt;</a>&nbsp;&nbsp;&nbsp;HAL_RCC_OscConfig
<LI><a href="#[69]">&gt;&gt;</a>&nbsp;&nbsp;&nbsp;HAL_RCC_ClockConfig
<LI><a href="#[68]">&gt;&gt;</a>&nbsp;&nbsp;&nbsp;__NVIC_SystemReset
</UL>
<BR>[Called By]<UL><LI><a href="#[21]">&gt;&gt;</a>&nbsp;&nbsp;&nbsp;main
</UL>

<P><STRONG><a name="[f]"></a>DMA1_Ch4_7_DMAMUX1_OVR_IRQHandler</STRONG> (Thumb, 18 bytes, Stack size 8 bytes, stm32g0xx_it.o(i.DMA1_Ch4_7_DMAMUX1_OVR_IRQHandler))
<BR><BR>[Stack]<UL><LI>Max Depth = 24<LI>Call Chain = DMA1_Ch4_7_DMAMUX1_OVR_IRQHandler &rArr; HAL_DMA_IRQHandler
</UL>
<BR>[Calls]<UL><LI><a href="#[6a]">&gt;&gt;</a>&nbsp;&nbsp;&nbsp;HAL_DMA_IRQHandler
</UL>
<BR>[Address Reference Count : 1]<UL><LI> startup_stm32g070xx.o(RESET)
</UL>
<P><STRONG><a name="[d]"></a>DMA1_Channel1_IRQHandler</STRONG> (Thumb, 10 bytes, Stack size 8 bytes, stm32g0xx_it.o(i.DMA1_Channel1_IRQHandler))
<BR><BR>[Stack]<UL><LI>Max Depth = 24<LI>Call Chain = DMA1_Channel1_IRQHandler &rArr; HAL_DMA_IRQHandler
</UL>
<BR>[Calls]<UL><LI><a href="#[6a]">&gt;&gt;</a>&nbsp;&nbsp;&nbsp;HAL_DMA_IRQHandler
</UL>
<BR>[Address Reference Count : 1]<UL><LI> startup_stm32g070xx.o(RESET)
</UL>
<P><STRONG><a name="[e]"></a>DMA1_Channel2_3_IRQHandler</STRONG> (Thumb, 10 bytes, Stack size 8 bytes, stm32g0xx_it.o(i.DMA1_Channel2_3_IRQHandler))
<BR><BR>[Stack]<UL><LI>Max Depth = 24<LI>Call Chain = DMA1_Channel2_3_IRQHandler &rArr; HAL_DMA_IRQHandler
</UL>
<BR>[Calls]<UL><LI><a href="#[6a]">&gt;&gt;</a>&nbsp;&nbsp;&nbsp;HAL_DMA_IRQHandler
</UL>
<BR>[Address Reference Count : 1]<UL><LI> startup_stm32g070xx.o(RESET)
</UL>
<P><STRONG><a name="[9d]"></a>Delay_Us</STRONG> (Thumb, 66 bytes, Stack size 8 bytes, clock.o(i.Delay_Us))
<BR><BR>[Stack]<UL><LI>Max Depth = 8<LI>Call Chain = Delay_Us
</UL>
<BR>[Called By]<UL><LI><a href="#[a1]">&gt;&gt;</a>&nbsp;&nbsp;&nbsp;IIC_Wait_Ack
<LI><a href="#[a0]">&gt;&gt;</a>&nbsp;&nbsp;&nbsp;IIC_Stop
<LI><a href="#[9f]">&gt;&gt;</a>&nbsp;&nbsp;&nbsp;IIC_Start
<LI><a href="#[9e]">&gt;&gt;</a>&nbsp;&nbsp;&nbsp;IIC_Send_Byte
<LI><a href="#[9c]">&gt;&gt;</a>&nbsp;&nbsp;&nbsp;IIC_Read_Byte
</UL>

<P><STRONG><a name="[6d]"></a>EEprom_ReadData</STRONG> (Thumb, 22 bytes, Stack size 24 bytes, 24c02.o(i.EEprom_ReadData))
<BR><BR>[Stack]<UL><LI>Max Depth = 72<LI>Call Chain = EEprom_ReadData &rArr; M24C02_ReadSequential &rArr; IIC_Wait_Ack &rArr; IIC_Stop &rArr; Delay_Us
</UL>
<BR>[Calls]<UL><LI><a href="#[6e]">&gt;&gt;</a>&nbsp;&nbsp;&nbsp;M24C02_ReadSequential
</UL>
<BR>[Called By]<UL><LI><a href="#[6f]">&gt;&gt;</a>&nbsp;&nbsp;&nbsp;EEprom_ReadInfo
</UL>

<P><STRONG><a name="[6f]"></a>EEprom_ReadInfo</STRONG> (Thumb, 182 bytes, Stack size 8 bytes, 24c02.o(i.EEprom_ReadInfo))
<BR><BR>[Stack]<UL><LI>Max Depth = 540<LI>Call Chain = EEprom_ReadInfo &rArr; IoT_Parameter_Init &rArr; utils_hmac_sha1 &rArr; utils_sha1_finish &rArr; utils_sha1_update &rArr; utils_sha1_process
</UL>
<BR>[Calls]<UL><LI><a href="#[70]">&gt;&gt;</a>&nbsp;&nbsp;&nbsp;IoT_Parameter_Init
<LI><a href="#[6d]">&gt;&gt;</a>&nbsp;&nbsp;&nbsp;EEprom_ReadData
<LI><a href="#[51]">&gt;&gt;</a>&nbsp;&nbsp;&nbsp;u1_printf
<LI><a href="#[57]">&gt;&gt;</a>&nbsp;&nbsp;&nbsp;__aeabi_memclr4
</UL>
<BR>[Called By]<UL><LI><a href="#[21]">&gt;&gt;</a>&nbsp;&nbsp;&nbsp;main
</UL>

<P><STRONG><a name="[71]"></a>EEprom_WriteData</STRONG> (Thumb, 38 bytes, Stack size 24 bytes, 24c02.o(i.EEprom_WriteData))
<BR><BR>[Stack]<UL><LI>Max Depth = 64<LI>Call Chain = EEprom_WriteData &rArr; M24C02_WriteOneByte &rArr; IIC_Wait_Ack &rArr; IIC_Stop &rArr; Delay_Us
</UL>
<BR>[Calls]<UL><LI><a href="#[72]">&gt;&gt;</a>&nbsp;&nbsp;&nbsp;M24C02_WriteOneByte
</UL>
<BR>[Called By]<UL><LI><a href="#[b7]">&gt;&gt;</a>&nbsp;&nbsp;&nbsp;U2PassiveEvent
</UL>

<P><STRONG><a name="[8b]"></a>HAL_DMA_Abort</STRONG> (Thumb, 146 bytes, Stack size 0 bytes, stm32g0xx_hal_dma.o(i.HAL_DMA_Abort))
<BR><BR>[Called By]<UL><LI><a href="#[88]">&gt;&gt;</a>&nbsp;&nbsp;&nbsp;HAL_UART_IRQHandler
</UL>

<P><STRONG><a name="[87]"></a>HAL_DMA_Abort_IT</STRONG> (Thumb, 144 bytes, Stack size 16 bytes, stm32g0xx_hal_dma.o(i.HAL_DMA_Abort_IT))
<BR><BR>[Stack]<UL><LI>Max Depth = 16<LI>Call Chain = HAL_DMA_Abort_IT
</UL>
<BR>[Called By]<UL><LI><a href="#[88]">&gt;&gt;</a>&nbsp;&nbsp;&nbsp;HAL_UART_IRQHandler
<LI><a href="#[84]">&gt;&gt;</a>&nbsp;&nbsp;&nbsp;HAL_UART_AbortReceive_IT
</UL>

<P><STRONG><a name="[6a]"></a>HAL_DMA_IRQHandler</STRONG> (Thumb, 282 bytes, Stack size 16 bytes, stm32g0xx_hal_dma.o(i.HAL_DMA_IRQHandler))
<BR><BR>[Stack]<UL><LI>Max Depth = 16<LI>Call Chain = HAL_DMA_IRQHandler
</UL>
<BR>[Called By]<UL><LI><a href="#[e]">&gt;&gt;</a>&nbsp;&nbsp;&nbsp;DMA1_Channel2_3_IRQHandler
<LI><a href="#[d]">&gt;&gt;</a>&nbsp;&nbsp;&nbsp;DMA1_Channel1_IRQHandler
<LI><a href="#[f]">&gt;&gt;</a>&nbsp;&nbsp;&nbsp;DMA1_Ch4_7_DMAMUX1_OVR_IRQHandler
</UL>

<P><STRONG><a name="[73]"></a>HAL_DMA_Init</STRONG> (Thumb, 182 bytes, Stack size 8 bytes, stm32g0xx_hal_dma.o(i.HAL_DMA_Init))
<BR><BR>[Stack]<UL><LI>Max Depth = 36<LI>Call Chain = HAL_DMA_Init &rArr; DMA_CalcDMAMUXChannelBaseAndMask &rArr; __aeabi_uidivmod
</UL>
<BR>[Calls]<UL><LI><a href="#[74]">&gt;&gt;</a>&nbsp;&nbsp;&nbsp;DMA_CalcDMAMUXRequestGenBaseAndMask
<LI><a href="#[6b]">&gt;&gt;</a>&nbsp;&nbsp;&nbsp;DMA_CalcDMAMUXChannelBaseAndMask
<LI><a href="#[6c]">&gt;&gt;</a>&nbsp;&nbsp;&nbsp;__aeabi_uidivmod
</UL>
<BR>[Called By]<UL><LI><a href="#[92]">&gt;&gt;</a>&nbsp;&nbsp;&nbsp;HAL_UART_MspInit
</UL>

<P><STRONG><a name="[75]"></a>HAL_DMA_Start_IT</STRONG> (Thumb, 204 bytes, Stack size 24 bytes, stm32g0xx_hal_dma.o(i.HAL_DMA_Start_IT))
<BR><BR>[Stack]<UL><LI>Max Depth = 40<LI>Call Chain = HAL_DMA_Start_IT &rArr; DMA_SetConfig
</UL>
<BR>[Calls]<UL><LI><a href="#[76]">&gt;&gt;</a>&nbsp;&nbsp;&nbsp;DMA_SetConfig
</UL>
<BR>[Called By]<UL><LI><a href="#[99]">&gt;&gt;</a>&nbsp;&nbsp;&nbsp;HAL_UART_Transmit_DMA
<LI><a href="#[97]">&gt;&gt;</a>&nbsp;&nbsp;&nbsp;UART_Start_Receive_DMA
</UL>

<P><STRONG><a name="[59]"></a>HAL_Delay</STRONG> (Thumb, 38 bytes, Stack size 16 bytes, stm32g0xx_hal.o(i.HAL_Delay))
<BR><BR>[Stack]<UL><LI>Max Depth = 16<LI>Call Chain = HAL_Delay
</UL>
<BR>[Calls]<UL><LI><a href="#[50]">&gt;&gt;</a>&nbsp;&nbsp;&nbsp;HAL_GetTick
</UL>
<BR>[Called By]<UL><LI><a href="#[72]">&gt;&gt;</a>&nbsp;&nbsp;&nbsp;M24C02_WriteOneByte
<LI><a href="#[6e]">&gt;&gt;</a>&nbsp;&nbsp;&nbsp;M24C02_ReadSequential
<LI><a href="#[5e]">&gt;&gt;</a>&nbsp;&nbsp;&nbsp;CAT1_Reset
<LI><a href="#[a7]">&gt;&gt;</a>&nbsp;&nbsp;&nbsp;LoRa_Reset
<LI><a href="#[a3]">&gt;&gt;</a>&nbsp;&nbsp;&nbsp;LoRa_GPIO_Init
<LI><a href="#[be]">&gt;&gt;</a>&nbsp;&nbsp;&nbsp;U3PassiveEvent
<LI><a href="#[a6]">&gt;&gt;</a>&nbsp;&nbsp;&nbsp;LoRa_Init
<LI><a href="#[56]">&gt;&gt;</a>&nbsp;&nbsp;&nbsp;CAT1_OTADownload
</UL>

<P><STRONG><a name="[5f]"></a>HAL_GPIO_Init</STRONG> (Thumb, 454 bytes, Stack size 16 bytes, stm32g0xx_hal_gpio.o(i.HAL_GPIO_Init))
<BR><BR>[Stack]<UL><LI>Max Depth = 16<LI>Call Chain = HAL_GPIO_Init
</UL>
<BR>[Called By]<UL><LI><a href="#[81]">&gt;&gt;</a>&nbsp;&nbsp;&nbsp;HAL_SPI_MspInit
<LI><a href="#[5e]">&gt;&gt;</a>&nbsp;&nbsp;&nbsp;CAT1_Reset
<LI><a href="#[a3]">&gt;&gt;</a>&nbsp;&nbsp;&nbsp;LoRa_GPIO_Init
<LI><a href="#[92]">&gt;&gt;</a>&nbsp;&nbsp;&nbsp;HAL_UART_MspInit
<LI><a href="#[c7]">&gt;&gt;</a>&nbsp;&nbsp;&nbsp;W25Qxx_Init
<LI><a href="#[9b]">&gt;&gt;</a>&nbsp;&nbsp;&nbsp;IIC_Init
</UL>

<P><STRONG><a name="[60]"></a>HAL_GPIO_ReadPin</STRONG> (Thumb, 18 bytes, Stack size 0 bytes, stm32g0xx_hal_gpio.o(i.HAL_GPIO_ReadPin))
<BR><BR>[Called By]<UL><LI><a href="#[a1]">&gt;&gt;</a>&nbsp;&nbsp;&nbsp;IIC_Wait_Ack
<LI><a href="#[9c]">&gt;&gt;</a>&nbsp;&nbsp;&nbsp;IIC_Read_Byte
<LI><a href="#[5e]">&gt;&gt;</a>&nbsp;&nbsp;&nbsp;CAT1_Reset
<LI><a href="#[a7]">&gt;&gt;</a>&nbsp;&nbsp;&nbsp;LoRa_Reset
</UL>

<P><STRONG><a name="[61]"></a>HAL_GPIO_WritePin</STRONG> (Thumb, 12 bytes, Stack size 0 bytes, stm32g0xx_hal_gpio.o(i.HAL_GPIO_WritePin))
<BR><BR>[Called By]<UL><LI><a href="#[ba]">&gt;&gt;</a>&nbsp;&nbsp;&nbsp;W25Qxx_Write_Page
<LI><a href="#[c5]">&gt;&gt;</a>&nbsp;&nbsp;&nbsp;W25Qxx_Write_Enable
<LI><a href="#[c6]">&gt;&gt;</a>&nbsp;&nbsp;&nbsp;W25Qxx_Wait_Busy
<LI><a href="#[c8]">&gt;&gt;</a>&nbsp;&nbsp;&nbsp;W25Qxx_ReadID
<LI><a href="#[b9]">&gt;&gt;</a>&nbsp;&nbsp;&nbsp;W25Qxx_Erase_Block
<LI><a href="#[a1]">&gt;&gt;</a>&nbsp;&nbsp;&nbsp;IIC_Wait_Ack
<LI><a href="#[a0]">&gt;&gt;</a>&nbsp;&nbsp;&nbsp;IIC_Stop
<LI><a href="#[9f]">&gt;&gt;</a>&nbsp;&nbsp;&nbsp;IIC_Start
<LI><a href="#[9e]">&gt;&gt;</a>&nbsp;&nbsp;&nbsp;IIC_Send_Byte
<LI><a href="#[9c]">&gt;&gt;</a>&nbsp;&nbsp;&nbsp;IIC_Read_Byte
<LI><a href="#[bb]">&gt;&gt;</a>&nbsp;&nbsp;&nbsp;W25Qxx_Read
<LI><a href="#[5e]">&gt;&gt;</a>&nbsp;&nbsp;&nbsp;CAT1_Reset
<LI><a href="#[a7]">&gt;&gt;</a>&nbsp;&nbsp;&nbsp;LoRa_Reset
<LI><a href="#[a3]">&gt;&gt;</a>&nbsp;&nbsp;&nbsp;LoRa_GPIO_Init
<LI><a href="#[c7]">&gt;&gt;</a>&nbsp;&nbsp;&nbsp;W25Qxx_Init
<LI><a href="#[be]">&gt;&gt;</a>&nbsp;&nbsp;&nbsp;U3PassiveEvent
<LI><a href="#[9b]">&gt;&gt;</a>&nbsp;&nbsp;&nbsp;IIC_Init
</UL>

<P><STRONG><a name="[50]"></a>HAL_GetTick</STRONG> (Thumb, 6 bytes, Stack size 0 bytes, stm32g0xx_hal.o(i.HAL_GetTick))
<BR><BR>[Called By]<UL><LI><a href="#[59]">&gt;&gt;</a>&nbsp;&nbsp;&nbsp;HAL_Delay
<LI><a href="#[c0]">&gt;&gt;</a>&nbsp;&nbsp;&nbsp;u3_BuffInit
<LI><a href="#[bd]">&gt;&gt;</a>&nbsp;&nbsp;&nbsp;u2_BuffInit
<LI><a href="#[9a]">&gt;&gt;</a>&nbsp;&nbsp;&nbsp;HAL_UART_TxCpltCallback
<LI><a href="#[98]">&gt;&gt;</a>&nbsp;&nbsp;&nbsp;HAL_UART_RxCpltCallback
<LI><a href="#[82]">&gt;&gt;</a>&nbsp;&nbsp;&nbsp;HAL_UART_AbortReceiveCpltCallback
<LI><a href="#[b7]">&gt;&gt;</a>&nbsp;&nbsp;&nbsp;U2PassiveEvent
<LI><a href="#[4f]">&gt;&gt;</a>&nbsp;&nbsp;&nbsp;ActiveEvent
<LI><a href="#[21]">&gt;&gt;</a>&nbsp;&nbsp;&nbsp;main
<LI><a href="#[67]">&gt;&gt;</a>&nbsp;&nbsp;&nbsp;HAL_RCC_OscConfig
<LI><a href="#[69]">&gt;&gt;</a>&nbsp;&nbsp;&nbsp;HAL_RCC_ClockConfig
<LI><a href="#[c1]">&gt;&gt;</a>&nbsp;&nbsp;&nbsp;UART_WaitOnFlagUntilTimeout
<LI><a href="#[95]">&gt;&gt;</a>&nbsp;&nbsp;&nbsp;UART_CheckIdleState
</UL>

<P><STRONG><a name="[b5]"></a>HAL_IncTick</STRONG> (Thumb, 16 bytes, Stack size 0 bytes, stm32g0xx_hal.o(i.HAL_IncTick))
<BR><BR>[Called By]<UL><LI><a href="#[5]">&gt;&gt;</a>&nbsp;&nbsp;&nbsp;SysTick_Handler
</UL>

<P><STRONG><a name="[77]"></a>HAL_Init</STRONG> (Thumb, 40 bytes, Stack size 8 bytes, stm32g0xx_hal.o(i.HAL_Init))
<BR><BR>[Stack]<UL><LI>Max Depth = 56<LI>Call Chain = HAL_Init &rArr; HAL_InitTick &rArr; HAL_NVIC_SetPriority &rArr; __NVIC_SetPriority
</UL>
<BR>[Calls]<UL><LI><a href="#[79]">&gt;&gt;</a>&nbsp;&nbsp;&nbsp;HAL_MspInit
<LI><a href="#[78]">&gt;&gt;</a>&nbsp;&nbsp;&nbsp;HAL_InitTick
</UL>
<BR>[Called By]<UL><LI><a href="#[21]">&gt;&gt;</a>&nbsp;&nbsp;&nbsp;main
</UL>

<P><STRONG><a name="[78]"></a>HAL_InitTick</STRONG> (Thumb, 82 bytes, Stack size 24 bytes, stm32g0xx_hal.o(i.HAL_InitTick))
<BR><BR>[Stack]<UL><LI>Max Depth = 48<LI>Call Chain = HAL_InitTick &rArr; HAL_NVIC_SetPriority &rArr; __NVIC_SetPriority
</UL>
<BR>[Calls]<UL><LI><a href="#[7b]">&gt;&gt;</a>&nbsp;&nbsp;&nbsp;HAL_NVIC_SetPriority
<LI><a href="#[7a]">&gt;&gt;</a>&nbsp;&nbsp;&nbsp;HAL_SYSTICK_Config
<LI><a href="#[6c]">&gt;&gt;</a>&nbsp;&nbsp;&nbsp;__aeabi_uidivmod
</UL>
<BR>[Called By]<UL><LI><a href="#[77]">&gt;&gt;</a>&nbsp;&nbsp;&nbsp;HAL_Init
<LI><a href="#[67]">&gt;&gt;</a>&nbsp;&nbsp;&nbsp;HAL_RCC_OscConfig
<LI><a href="#[69]">&gt;&gt;</a>&nbsp;&nbsp;&nbsp;HAL_RCC_ClockConfig
</UL>

<P><STRONG><a name="[79]"></a>HAL_MspInit</STRONG> (Thumb, 2 bytes, Stack size 0 bytes, stm32g0xx_hal.o(i.HAL_MspInit))
<BR><BR>[Called By]<UL><LI><a href="#[77]">&gt;&gt;</a>&nbsp;&nbsp;&nbsp;HAL_Init
</UL>

<P><STRONG><a name="[96]"></a>HAL_NVIC_EnableIRQ</STRONG> (Thumb, 30 bytes, Stack size 0 bytes, stm32g0xx_hal_cortex.o(i.HAL_NVIC_EnableIRQ))
<BR><BR>[Called By]<UL><LI><a href="#[92]">&gt;&gt;</a>&nbsp;&nbsp;&nbsp;HAL_UART_MspInit
</UL>

<P><STRONG><a name="[7b]"></a>HAL_NVIC_SetPriority</STRONG> (Thumb, 18 bytes, Stack size 16 bytes, stm32g0xx_hal_cortex.o(i.HAL_NVIC_SetPriority))
<BR><BR>[Stack]<UL><LI>Max Depth = 24<LI>Call Chain = HAL_NVIC_SetPriority &rArr; __NVIC_SetPriority
</UL>
<BR>[Calls]<UL><LI><a href="#[7c]">&gt;&gt;</a>&nbsp;&nbsp;&nbsp;__NVIC_SetPriority
</UL>
<BR>[Called By]<UL><LI><a href="#[92]">&gt;&gt;</a>&nbsp;&nbsp;&nbsp;HAL_UART_MspInit
<LI><a href="#[78]">&gt;&gt;</a>&nbsp;&nbsp;&nbsp;HAL_InitTick
</UL>

<P><STRONG><a name="[69]"></a>HAL_RCC_ClockConfig</STRONG> (Thumb, 442 bytes, Stack size 16 bytes, stm32g0xx_hal_rcc.o(i.HAL_RCC_ClockConfig))
<BR><BR>[Stack]<UL><LI>Max Depth = 64<LI>Call Chain = HAL_RCC_ClockConfig &rArr; HAL_InitTick &rArr; HAL_NVIC_SetPriority &rArr; __NVIC_SetPriority
</UL>
<BR>[Calls]<UL><LI><a href="#[50]">&gt;&gt;</a>&nbsp;&nbsp;&nbsp;HAL_GetTick
<LI><a href="#[7d]">&gt;&gt;</a>&nbsp;&nbsp;&nbsp;HAL_RCC_GetSysClockFreq
<LI><a href="#[78]">&gt;&gt;</a>&nbsp;&nbsp;&nbsp;HAL_InitTick
</UL>
<BR>[Called By]<UL><LI><a href="#[65]">&gt;&gt;</a>&nbsp;&nbsp;&nbsp;CLock_Init
</UL>

<P><STRONG><a name="[7f]"></a>HAL_RCC_GetHCLKFreq</STRONG> (Thumb, 6 bytes, Stack size 0 bytes, stm32g0xx_hal_rcc.o(i.HAL_RCC_GetHCLKFreq))
<BR><BR>[Called By]<UL><LI><a href="#[7e]">&gt;&gt;</a>&nbsp;&nbsp;&nbsp;HAL_RCC_GetPCLK1Freq
</UL>

<P><STRONG><a name="[7e]"></a>HAL_RCC_GetPCLK1Freq</STRONG> (Thumb, 32 bytes, Stack size 4 bytes, stm32g0xx_hal_rcc.o(i.HAL_RCC_GetPCLK1Freq))
<BR><BR>[Stack]<UL><LI>Max Depth = 4<LI>Call Chain = HAL_RCC_GetPCLK1Freq
</UL>
<BR>[Calls]<UL><LI><a href="#[7f]">&gt;&gt;</a>&nbsp;&nbsp;&nbsp;HAL_RCC_GetHCLKFreq
</UL>
<BR>[Called By]<UL><LI><a href="#[93]">&gt;&gt;</a>&nbsp;&nbsp;&nbsp;UART_SetConfig
</UL>

<P><STRONG><a name="[7d]"></a>HAL_RCC_GetSysClockFreq</STRONG> (Thumb, 216 bytes, Stack size 32 bytes, stm32g0xx_hal_rcc.o(i.HAL_RCC_GetSysClockFreq))
<BR><BR>[Stack]<UL><LI>Max Depth = 44<LI>Call Chain = HAL_RCC_GetSysClockFreq &rArr; __aeabi_uidivmod
</UL>
<BR>[Calls]<UL><LI><a href="#[6c]">&gt;&gt;</a>&nbsp;&nbsp;&nbsp;__aeabi_uidivmod
</UL>
<BR>[Called By]<UL><LI><a href="#[69]">&gt;&gt;</a>&nbsp;&nbsp;&nbsp;HAL_RCC_ClockConfig
<LI><a href="#[93]">&gt;&gt;</a>&nbsp;&nbsp;&nbsp;UART_SetConfig
</UL>

<P><STRONG><a name="[67]"></a>HAL_RCC_OscConfig</STRONG> (Thumb, 1442 bytes, Stack size 32 bytes, stm32g0xx_hal_rcc.o(i.HAL_RCC_OscConfig))
<BR><BR>[Stack]<UL><LI>Max Depth = 80<LI>Call Chain = HAL_RCC_OscConfig &rArr; HAL_InitTick &rArr; HAL_NVIC_SetPriority &rArr; __NVIC_SetPriority
</UL>
<BR>[Calls]<UL><LI><a href="#[50]">&gt;&gt;</a>&nbsp;&nbsp;&nbsp;HAL_GetTick
<LI><a href="#[78]">&gt;&gt;</a>&nbsp;&nbsp;&nbsp;HAL_InitTick
<LI><a href="#[6c]">&gt;&gt;</a>&nbsp;&nbsp;&nbsp;__aeabi_uidivmod
</UL>
<BR>[Called By]<UL><LI><a href="#[65]">&gt;&gt;</a>&nbsp;&nbsp;&nbsp;CLock_Init
</UL>

<P><STRONG><a name="[80]"></a>HAL_SPI_Init</STRONG> (Thumb, 268 bytes, Stack size 16 bytes, stm32g0xx_hal_spi.o(i.HAL_SPI_Init))
<BR><BR>[Stack]<UL><LI>Max Depth = 64<LI>Call Chain = HAL_SPI_Init &rArr; HAL_SPI_MspInit &rArr; HAL_GPIO_Init
</UL>
<BR>[Calls]<UL><LI><a href="#[81]">&gt;&gt;</a>&nbsp;&nbsp;&nbsp;HAL_SPI_MspInit
</UL>
<BR>[Called By]<UL><LI><a href="#[ae]">&gt;&gt;</a>&nbsp;&nbsp;&nbsp;SPI2_Init
</UL>

<P><STRONG><a name="[81]"></a>HAL_SPI_MspInit</STRONG> (Thumb, 106 bytes, Stack size 32 bytes, spi.o(i.HAL_SPI_MspInit))
<BR><BR>[Stack]<UL><LI>Max Depth = 48<LI>Call Chain = HAL_SPI_MspInit &rArr; HAL_GPIO_Init
</UL>
<BR>[Calls]<UL><LI><a href="#[5f]">&gt;&gt;</a>&nbsp;&nbsp;&nbsp;HAL_GPIO_Init
</UL>
<BR>[Called By]<UL><LI><a href="#[80]">&gt;&gt;</a>&nbsp;&nbsp;&nbsp;HAL_SPI_Init
</UL>

<P><STRONG><a name="[66]"></a>HAL_SYSTICK_CLKSourceConfig</STRONG> (Thumb, 32 bytes, Stack size 0 bytes, stm32g0xx_hal_cortex.o(i.HAL_SYSTICK_CLKSourceConfig))
<BR><BR>[Called By]<UL><LI><a href="#[65]">&gt;&gt;</a>&nbsp;&nbsp;&nbsp;CLock_Init
</UL>

<P><STRONG><a name="[7a]"></a>HAL_SYSTICK_Config</STRONG> (Thumb, 46 bytes, Stack size 16 bytes, stm32g0xx_hal_cortex.o(i.HAL_SYSTICK_Config))
<BR><BR>[Stack]<UL><LI>Max Depth = 24<LI>Call Chain = HAL_SYSTICK_Config &rArr; __NVIC_SetPriority
</UL>
<BR>[Calls]<UL><LI><a href="#[7c]">&gt;&gt;</a>&nbsp;&nbsp;&nbsp;__NVIC_SetPriority
</UL>
<BR>[Called By]<UL><LI><a href="#[78]">&gt;&gt;</a>&nbsp;&nbsp;&nbsp;HAL_InitTick
</UL>

<P><STRONG><a name="[8c]"></a>HAL_UARTEx_RxEventCallback</STRONG> (Thumb, 2 bytes, Stack size 0 bytes, stm32g0xx_hal_uart.o(i.HAL_UARTEx_RxEventCallback))
<BR><BR>[Called By]<UL><LI><a href="#[88]">&gt;&gt;</a>&nbsp;&nbsp;&nbsp;HAL_UART_IRQHandler
<LI><a href="#[2e]">&gt;&gt;</a>&nbsp;&nbsp;&nbsp;UART_DMARxHalfCplt
<LI><a href="#[2d]">&gt;&gt;</a>&nbsp;&nbsp;&nbsp;UART_DMAReceiveCplt
</UL>

<P><STRONG><a name="[90]"></a>HAL_UARTEx_RxFifoFullCallback</STRONG> (Thumb, 2 bytes, Stack size 0 bytes, stm32g0xx_hal_uart_ex.o(i.HAL_UARTEx_RxFifoFullCallback))
<BR><BR>[Called By]<UL><LI><a href="#[88]">&gt;&gt;</a>&nbsp;&nbsp;&nbsp;HAL_UART_IRQHandler
</UL>

<P><STRONG><a name="[8f]"></a>HAL_UARTEx_TxFifoEmptyCallback</STRONG> (Thumb, 2 bytes, Stack size 0 bytes, stm32g0xx_hal_uart_ex.o(i.HAL_UARTEx_TxFifoEmptyCallback))
<BR><BR>[Called By]<UL><LI><a href="#[88]">&gt;&gt;</a>&nbsp;&nbsp;&nbsp;HAL_UART_IRQHandler
</UL>

<P><STRONG><a name="[8d]"></a>HAL_UARTEx_WakeupCallback</STRONG> (Thumb, 2 bytes, Stack size 0 bytes, stm32g0xx_hal_uart_ex.o(i.HAL_UARTEx_WakeupCallback))
<BR><BR>[Called By]<UL><LI><a href="#[88]">&gt;&gt;</a>&nbsp;&nbsp;&nbsp;HAL_UART_IRQHandler
</UL>

<P><STRONG><a name="[82]"></a>HAL_UART_AbortReceiveCpltCallback</STRONG> (Thumb, 268 bytes, Stack size 8 bytes, usart.o(i.HAL_UART_AbortReceiveCpltCallback))
<BR><BR>[Stack]<UL><LI>Max Depth = 96<LI>Call Chain = HAL_UART_AbortReceiveCpltCallback &rArr; HAL_UART_Receive_DMA &rArr; UART_Start_Receive_DMA &rArr; HAL_DMA_Start_IT &rArr; DMA_SetConfig
</UL>
<BR>[Calls]<UL><LI><a href="#[83]">&gt;&gt;</a>&nbsp;&nbsp;&nbsp;HAL_UART_Receive_DMA
<LI><a href="#[50]">&gt;&gt;</a>&nbsp;&nbsp;&nbsp;HAL_GetTick
</UL>
<BR>[Called By]<UL><LI><a href="#[84]">&gt;&gt;</a>&nbsp;&nbsp;&nbsp;HAL_UART_AbortReceive_IT
<LI><a href="#[28]">&gt;&gt;</a>&nbsp;&nbsp;&nbsp;UART_DMARxOnlyAbortCallback
</UL>

<P><STRONG><a name="[84]"></a>HAL_UART_AbortReceive_IT</STRONG> (Thumb, 272 bytes, Stack size 16 bytes, stm32g0xx_hal_uart.o(i.HAL_UART_AbortReceive_IT))
<BR><BR>[Stack]<UL><LI>Max Depth = 112<LI>Call Chain = HAL_UART_AbortReceive_IT &rArr; HAL_UART_AbortReceiveCpltCallback &rArr; HAL_UART_Receive_DMA &rArr; UART_Start_Receive_DMA &rArr; HAL_DMA_Start_IT &rArr; DMA_SetConfig
</UL>
<BR>[Calls]<UL><LI><a href="#[82]">&gt;&gt;</a>&nbsp;&nbsp;&nbsp;HAL_UART_AbortReceiveCpltCallback
<LI><a href="#[86]">&gt;&gt;</a>&nbsp;&nbsp;&nbsp;__set_PRIMASK
<LI><a href="#[85]">&gt;&gt;</a>&nbsp;&nbsp;&nbsp;__get_PRIMASK
<LI><a href="#[87]">&gt;&gt;</a>&nbsp;&nbsp;&nbsp;HAL_DMA_Abort_IT
</UL>
<BR>[Called By]<UL><LI><a href="#[20]">&gt;&gt;</a>&nbsp;&nbsp;&nbsp;USART3_4_IRQHandler
<LI><a href="#[1f]">&gt;&gt;</a>&nbsp;&nbsp;&nbsp;USART2_IRQHandler
</UL>

<P><STRONG><a name="[8a]"></a>HAL_UART_ErrorCallback</STRONG> (Thumb, 2 bytes, Stack size 0 bytes, stm32g0xx_hal_uart.o(i.HAL_UART_ErrorCallback))
<BR><BR>[Called By]<UL><LI><a href="#[88]">&gt;&gt;</a>&nbsp;&nbsp;&nbsp;HAL_UART_IRQHandler
<LI><a href="#[2c]">&gt;&gt;</a>&nbsp;&nbsp;&nbsp;UART_DMAError
<LI><a href="#[29]">&gt;&gt;</a>&nbsp;&nbsp;&nbsp;UART_DMAAbortOnError
</UL>

<P><STRONG><a name="[88]"></a>HAL_UART_IRQHandler</STRONG> (Thumb, 1070 bytes, Stack size 40 bytes, stm32g0xx_hal_uart.o(i.HAL_UART_IRQHandler))
<BR><BR>[Stack]<UL><LI>Max Depth = 64<LI>Call Chain = HAL_UART_IRQHandler &rArr; UART_EndTransmit_IT &rArr; HAL_UART_TxCpltCallback
</UL>
<BR>[Calls]<UL><LI><a href="#[8a]">&gt;&gt;</a>&nbsp;&nbsp;&nbsp;HAL_UART_ErrorCallback
<LI><a href="#[8c]">&gt;&gt;</a>&nbsp;&nbsp;&nbsp;HAL_UARTEx_RxEventCallback
<LI><a href="#[8d]">&gt;&gt;</a>&nbsp;&nbsp;&nbsp;HAL_UARTEx_WakeupCallback
<LI><a href="#[8f]">&gt;&gt;</a>&nbsp;&nbsp;&nbsp;HAL_UARTEx_TxFifoEmptyCallback
<LI><a href="#[90]">&gt;&gt;</a>&nbsp;&nbsp;&nbsp;HAL_UARTEx_RxFifoFullCallback
<LI><a href="#[86]">&gt;&gt;</a>&nbsp;&nbsp;&nbsp;__set_PRIMASK
<LI><a href="#[85]">&gt;&gt;</a>&nbsp;&nbsp;&nbsp;__get_PRIMASK
<LI><a href="#[8e]">&gt;&gt;</a>&nbsp;&nbsp;&nbsp;UART_EndTransmit_IT
<LI><a href="#[89]">&gt;&gt;</a>&nbsp;&nbsp;&nbsp;UART_EndRxTransfer
<LI><a href="#[87]">&gt;&gt;</a>&nbsp;&nbsp;&nbsp;HAL_DMA_Abort_IT
<LI><a href="#[8b]">&gt;&gt;</a>&nbsp;&nbsp;&nbsp;HAL_DMA_Abort
</UL>
<BR>[Called By]<UL><LI><a href="#[20]">&gt;&gt;</a>&nbsp;&nbsp;&nbsp;USART3_4_IRQHandler
<LI><a href="#[1f]">&gt;&gt;</a>&nbsp;&nbsp;&nbsp;USART2_IRQHandler
</UL>

<P><STRONG><a name="[91]"></a>HAL_UART_Init</STRONG> (Thumb, 130 bytes, Stack size 8 bytes, stm32g0xx_hal_uart.o(i.HAL_UART_Init))
<BR><BR>[Stack]<UL><LI>Max Depth = 92<LI>Call Chain = HAL_UART_Init &rArr; UART_SetConfig &rArr; HAL_RCC_GetSysClockFreq &rArr; __aeabi_uidivmod
</UL>
<BR>[Calls]<UL><LI><a href="#[92]">&gt;&gt;</a>&nbsp;&nbsp;&nbsp;HAL_UART_MspInit
<LI><a href="#[93]">&gt;&gt;</a>&nbsp;&nbsp;&nbsp;UART_SetConfig
<LI><a href="#[95]">&gt;&gt;</a>&nbsp;&nbsp;&nbsp;UART_CheckIdleState
<LI><a href="#[94]">&gt;&gt;</a>&nbsp;&nbsp;&nbsp;UART_AdvFeatureConfig
</UL>
<BR>[Called By]<UL><LI><a href="#[bf]">&gt;&gt;</a>&nbsp;&nbsp;&nbsp;U3_Init
<LI><a href="#[bc]">&gt;&gt;</a>&nbsp;&nbsp;&nbsp;U2_Init
<LI><a href="#[b6]">&gt;&gt;</a>&nbsp;&nbsp;&nbsp;U1_Init
</UL>

<P><STRONG><a name="[92]"></a>HAL_UART_MspInit</STRONG> (Thumb, 654 bytes, Stack size 32 bytes, usart.o(i.HAL_UART_MspInit))
<BR><BR>[Stack]<UL><LI>Max Depth = 68<LI>Call Chain = HAL_UART_MspInit &rArr; HAL_DMA_Init &rArr; DMA_CalcDMAMUXChannelBaseAndMask &rArr; __aeabi_uidivmod
</UL>
<BR>[Calls]<UL><LI><a href="#[7b]">&gt;&gt;</a>&nbsp;&nbsp;&nbsp;HAL_NVIC_SetPriority
<LI><a href="#[96]">&gt;&gt;</a>&nbsp;&nbsp;&nbsp;HAL_NVIC_EnableIRQ
<LI><a href="#[5f]">&gt;&gt;</a>&nbsp;&nbsp;&nbsp;HAL_GPIO_Init
<LI><a href="#[73]">&gt;&gt;</a>&nbsp;&nbsp;&nbsp;HAL_DMA_Init
</UL>
<BR>[Called By]<UL><LI><a href="#[91]">&gt;&gt;</a>&nbsp;&nbsp;&nbsp;HAL_UART_Init
</UL>

<P><STRONG><a name="[83]"></a>HAL_UART_Receive_DMA</STRONG> (Thumb, 146 bytes, Stack size 24 bytes, stm32g0xx_hal_uart.o(i.HAL_UART_Receive_DMA))
<BR><BR>[Stack]<UL><LI>Max Depth = 88<LI>Call Chain = HAL_UART_Receive_DMA &rArr; UART_Start_Receive_DMA &rArr; HAL_DMA_Start_IT &rArr; DMA_SetConfig
</UL>
<BR>[Calls]<UL><LI><a href="#[97]">&gt;&gt;</a>&nbsp;&nbsp;&nbsp;UART_Start_Receive_DMA
<LI><a href="#[86]">&gt;&gt;</a>&nbsp;&nbsp;&nbsp;__set_PRIMASK
<LI><a href="#[85]">&gt;&gt;</a>&nbsp;&nbsp;&nbsp;__get_PRIMASK
</UL>
<BR>[Called By]<UL><LI><a href="#[c0]">&gt;&gt;</a>&nbsp;&nbsp;&nbsp;u3_BuffInit
<LI><a href="#[bd]">&gt;&gt;</a>&nbsp;&nbsp;&nbsp;u2_BuffInit
<LI><a href="#[98]">&gt;&gt;</a>&nbsp;&nbsp;&nbsp;HAL_UART_RxCpltCallback
<LI><a href="#[82]">&gt;&gt;</a>&nbsp;&nbsp;&nbsp;HAL_UART_AbortReceiveCpltCallback
</UL>

<P><STRONG><a name="[98]"></a>HAL_UART_RxCpltCallback</STRONG> (Thumb, 294 bytes, Stack size 8 bytes, usart.o(i.HAL_UART_RxCpltCallback))
<BR><BR>[Stack]<UL><LI>Max Depth = 96<LI>Call Chain = HAL_UART_RxCpltCallback &rArr; HAL_UART_Receive_DMA &rArr; UART_Start_Receive_DMA &rArr; HAL_DMA_Start_IT &rArr; DMA_SetConfig
</UL>
<BR>[Calls]<UL><LI><a href="#[83]">&gt;&gt;</a>&nbsp;&nbsp;&nbsp;HAL_UART_Receive_DMA
<LI><a href="#[50]">&gt;&gt;</a>&nbsp;&nbsp;&nbsp;HAL_GetTick
</UL>
<BR>[Called By]<UL><LI><a href="#[2d]">&gt;&gt;</a>&nbsp;&nbsp;&nbsp;UART_DMAReceiveCplt
</UL>

<P><STRONG><a name="[c3]"></a>HAL_UART_RxHalfCpltCallback</STRONG> (Thumb, 2 bytes, Stack size 0 bytes, stm32g0xx_hal_uart.o(i.HAL_UART_RxHalfCpltCallback))
<BR><BR>[Called By]<UL><LI><a href="#[2e]">&gt;&gt;</a>&nbsp;&nbsp;&nbsp;UART_DMARxHalfCplt
</UL>

<P><STRONG><a name="[99]"></a>HAL_UART_Transmit_DMA</STRONG> (Thumb, 234 bytes, Stack size 24 bytes, stm32g0xx_hal_uart.o(i.HAL_UART_Transmit_DMA))
<BR><BR>[Stack]<UL><LI>Max Depth = 64<LI>Call Chain = HAL_UART_Transmit_DMA &rArr; HAL_DMA_Start_IT &rArr; DMA_SetConfig
</UL>
<BR>[Calls]<UL><LI><a href="#[86]">&gt;&gt;</a>&nbsp;&nbsp;&nbsp;__set_PRIMASK
<LI><a href="#[85]">&gt;&gt;</a>&nbsp;&nbsp;&nbsp;__get_PRIMASK
<LI><a href="#[75]">&gt;&gt;</a>&nbsp;&nbsp;&nbsp;HAL_DMA_Start_IT
</UL>
<BR>[Called By]<UL><LI><a href="#[21]">&gt;&gt;</a>&nbsp;&nbsp;&nbsp;main
</UL>

<P><STRONG><a name="[9a]"></a>HAL_UART_TxCpltCallback</STRONG> (Thumb, 50 bytes, Stack size 8 bytes, usart.o(i.HAL_UART_TxCpltCallback))
<BR><BR>[Stack]<UL><LI>Max Depth = 8<LI>Call Chain = HAL_UART_TxCpltCallback
</UL>
<BR>[Calls]<UL><LI><a href="#[50]">&gt;&gt;</a>&nbsp;&nbsp;&nbsp;HAL_GetTick
</UL>
<BR>[Called By]<UL><LI><a href="#[8e]">&gt;&gt;</a>&nbsp;&nbsp;&nbsp;UART_EndTransmit_IT
<LI><a href="#[2a]">&gt;&gt;</a>&nbsp;&nbsp;&nbsp;UART_DMATransmitCplt
</UL>

<P><STRONG><a name="[c4]"></a>HAL_UART_TxHalfCpltCallback</STRONG> (Thumb, 2 bytes, Stack size 0 bytes, stm32g0xx_hal_uart.o(i.HAL_UART_TxHalfCpltCallback))
<BR><BR>[Called By]<UL><LI><a href="#[2b]">&gt;&gt;</a>&nbsp;&nbsp;&nbsp;UART_DMATxHalfCplt
</UL>

<P><STRONG><a name="[2]"></a>HardFault_Handler</STRONG> (Thumb, 2 bytes, Stack size 0 bytes, stm32g0xx_it.o(i.HardFault_Handler))
<BR>[Address Reference Count : 1]<UL><LI> startup_stm32g070xx.o(RESET)
</UL>
<P><STRONG><a name="[9b]"></a>IIC_Init</STRONG> (Thumb, 134 bytes, Stack size 32 bytes, iic.o(i.IIC_Init))
<BR><BR>[Stack]<UL><LI>Max Depth = 48<LI>Call Chain = IIC_Init &rArr; HAL_GPIO_Init
</UL>
<BR>[Calls]<UL><LI><a href="#[61]">&gt;&gt;</a>&nbsp;&nbsp;&nbsp;HAL_GPIO_WritePin
<LI><a href="#[5f]">&gt;&gt;</a>&nbsp;&nbsp;&nbsp;HAL_GPIO_Init
</UL>
<BR>[Called By]<UL><LI><a href="#[21]">&gt;&gt;</a>&nbsp;&nbsp;&nbsp;main
</UL>

<P><STRONG><a name="[9c]"></a>IIC_Read_Byte</STRONG> (Thumb, 218 bytes, Stack size 16 bytes, iic.o(i.IIC_Read_Byte))
<BR><BR>[Stack]<UL><LI>Max Depth = 24<LI>Call Chain = IIC_Read_Byte &rArr; Delay_Us
</UL>
<BR>[Calls]<UL><LI><a href="#[9d]">&gt;&gt;</a>&nbsp;&nbsp;&nbsp;Delay_Us
<LI><a href="#[61]">&gt;&gt;</a>&nbsp;&nbsp;&nbsp;HAL_GPIO_WritePin
<LI><a href="#[60]">&gt;&gt;</a>&nbsp;&nbsp;&nbsp;HAL_GPIO_ReadPin
</UL>
<BR>[Called By]<UL><LI><a href="#[6e]">&gt;&gt;</a>&nbsp;&nbsp;&nbsp;M24C02_ReadSequential
</UL>

<P><STRONG><a name="[9e]"></a>IIC_Send_Byte</STRONG> (Thumb, 92 bytes, Stack size 16 bytes, iic.o(i.IIC_Send_Byte))
<BR><BR>[Stack]<UL><LI>Max Depth = 24<LI>Call Chain = IIC_Send_Byte &rArr; Delay_Us
</UL>
<BR>[Calls]<UL><LI><a href="#[9d]">&gt;&gt;</a>&nbsp;&nbsp;&nbsp;Delay_Us
<LI><a href="#[61]">&gt;&gt;</a>&nbsp;&nbsp;&nbsp;HAL_GPIO_WritePin
</UL>
<BR>[Called By]<UL><LI><a href="#[72]">&gt;&gt;</a>&nbsp;&nbsp;&nbsp;M24C02_WriteOneByte
<LI><a href="#[6e]">&gt;&gt;</a>&nbsp;&nbsp;&nbsp;M24C02_ReadSequential
</UL>

<P><STRONG><a name="[9f]"></a>IIC_Start</STRONG> (Thumb, 48 bytes, Stack size 8 bytes, iic.o(i.IIC_Start))
<BR><BR>[Stack]<UL><LI>Max Depth = 16<LI>Call Chain = IIC_Start &rArr; Delay_Us
</UL>
<BR>[Calls]<UL><LI><a href="#[9d]">&gt;&gt;</a>&nbsp;&nbsp;&nbsp;Delay_Us
<LI><a href="#[61]">&gt;&gt;</a>&nbsp;&nbsp;&nbsp;HAL_GPIO_WritePin
</UL>
<BR>[Called By]<UL><LI><a href="#[72]">&gt;&gt;</a>&nbsp;&nbsp;&nbsp;M24C02_WriteOneByte
<LI><a href="#[6e]">&gt;&gt;</a>&nbsp;&nbsp;&nbsp;M24C02_ReadSequential
</UL>

<P><STRONG><a name="[a0]"></a>IIC_Stop</STRONG> (Thumb, 48 bytes, Stack size 8 bytes, iic.o(i.IIC_Stop))
<BR><BR>[Stack]<UL><LI>Max Depth = 16<LI>Call Chain = IIC_Stop &rArr; Delay_Us
</UL>
<BR>[Calls]<UL><LI><a href="#[9d]">&gt;&gt;</a>&nbsp;&nbsp;&nbsp;Delay_Us
<LI><a href="#[61]">&gt;&gt;</a>&nbsp;&nbsp;&nbsp;HAL_GPIO_WritePin
</UL>
<BR>[Called By]<UL><LI><a href="#[72]">&gt;&gt;</a>&nbsp;&nbsp;&nbsp;M24C02_WriteOneByte
<LI><a href="#[6e]">&gt;&gt;</a>&nbsp;&nbsp;&nbsp;M24C02_ReadSequential
<LI><a href="#[a1]">&gt;&gt;</a>&nbsp;&nbsp;&nbsp;IIC_Wait_Ack
</UL>

<P><STRONG><a name="[a1]"></a>IIC_Wait_Ack</STRONG> (Thumb, 92 bytes, Stack size 8 bytes, iic.o(i.IIC_Wait_Ack))
<BR><BR>[Stack]<UL><LI>Max Depth = 24<LI>Call Chain = IIC_Wait_Ack &rArr; IIC_Stop &rArr; Delay_Us
</UL>
<BR>[Calls]<UL><LI><a href="#[9d]">&gt;&gt;</a>&nbsp;&nbsp;&nbsp;Delay_Us
<LI><a href="#[a0]">&gt;&gt;</a>&nbsp;&nbsp;&nbsp;IIC_Stop
<LI><a href="#[61]">&gt;&gt;</a>&nbsp;&nbsp;&nbsp;HAL_GPIO_WritePin
<LI><a href="#[60]">&gt;&gt;</a>&nbsp;&nbsp;&nbsp;HAL_GPIO_ReadPin
</UL>
<BR>[Called By]<UL><LI><a href="#[72]">&gt;&gt;</a>&nbsp;&nbsp;&nbsp;M24C02_WriteOneByte
<LI><a href="#[6e]">&gt;&gt;</a>&nbsp;&nbsp;&nbsp;M24C02_ReadSequential
</UL>

<P><STRONG><a name="[70]"></a>IoT_Parameter_Init</STRONG> (Thumb, 228 bytes, Stack size 80 bytes, mqtt.o(i.IoT_Parameter_Init))
<BR><BR>[Stack]<UL><LI>Max Depth = 532<LI>Call Chain = IoT_Parameter_Init &rArr; utils_hmac_sha1 &rArr; utils_sha1_finish &rArr; utils_sha1_update &rArr; utils_sha1_process
</UL>
<BR>[Calls]<UL><LI><a href="#[a2]">&gt;&gt;</a>&nbsp;&nbsp;&nbsp;utils_hmac_sha1
<LI><a href="#[5a]">&gt;&gt;</a>&nbsp;&nbsp;&nbsp;strlen
<LI><a href="#[57]">&gt;&gt;</a>&nbsp;&nbsp;&nbsp;__aeabi_memclr4
<LI><a href="#[58]">&gt;&gt;</a>&nbsp;&nbsp;&nbsp;__2sprintf
</UL>
<BR>[Called By]<UL><LI><a href="#[6f]">&gt;&gt;</a>&nbsp;&nbsp;&nbsp;EEprom_ReadInfo
</UL>

<P><STRONG><a name="[a3]"></a>LoRa_GPIO_Init</STRONG> (Thumb, 142 bytes, Stack size 32 bytes, lora.o(i.LoRa_GPIO_Init))
<BR><BR>[Stack]<UL><LI>Max Depth = 48<LI>Call Chain = LoRa_GPIO_Init &rArr; HAL_Delay
</UL>
<BR>[Calls]<UL><LI><a href="#[61]">&gt;&gt;</a>&nbsp;&nbsp;&nbsp;HAL_GPIO_WritePin
<LI><a href="#[59]">&gt;&gt;</a>&nbsp;&nbsp;&nbsp;HAL_Delay
<LI><a href="#[5f]">&gt;&gt;</a>&nbsp;&nbsp;&nbsp;HAL_GPIO_Init
</UL>
<BR>[Called By]<UL><LI><a href="#[a6]">&gt;&gt;</a>&nbsp;&nbsp;&nbsp;LoRa_Init
</UL>

<P><STRONG><a name="[a4]"></a>LoRa_Get</STRONG> (Thumb, 554 bytes, Stack size 16 bytes, lora.o(i.LoRa_Get))
<BR><BR>[Stack]<UL><LI>Max Depth = 72<LI>Call Chain = LoRa_Get &rArr; u1_printf &rArr; vsprintf
</UL>
<BR>[Calls]<UL><LI><a href="#[a5]">&gt;&gt;</a>&nbsp;&nbsp;&nbsp;__ARM_common_switch8
<LI><a href="#[51]">&gt;&gt;</a>&nbsp;&nbsp;&nbsp;u1_printf
</UL>
<BR>[Called By]<UL><LI><a href="#[be]">&gt;&gt;</a>&nbsp;&nbsp;&nbsp;U3PassiveEvent
</UL>

<P><STRONG><a name="[a6]"></a>LoRa_Init</STRONG> (Thumb, 100 bytes, Stack size 8 bytes, lora.o(i.LoRa_Init))
<BR><BR>[Stack]<UL><LI>Max Depth = 72<LI>Call Chain = LoRa_Init &rArr; LoRa_Reset &rArr; u1_printf &rArr; vsprintf
</UL>
<BR>[Calls]<UL><LI><a href="#[59]">&gt;&gt;</a>&nbsp;&nbsp;&nbsp;HAL_Delay
<LI><a href="#[a8]">&gt;&gt;</a>&nbsp;&nbsp;&nbsp;LoRa_Set
<LI><a href="#[a7]">&gt;&gt;</a>&nbsp;&nbsp;&nbsp;LoRa_Reset
<LI><a href="#[a3]">&gt;&gt;</a>&nbsp;&nbsp;&nbsp;LoRa_GPIO_Init
<LI><a href="#[51]">&gt;&gt;</a>&nbsp;&nbsp;&nbsp;u1_printf
</UL>
<BR>[Called By]<UL><LI><a href="#[21]">&gt;&gt;</a>&nbsp;&nbsp;&nbsp;main
</UL>

<P><STRONG><a name="[a7]"></a>LoRa_Reset</STRONG> (Thumb, 90 bytes, Stack size 8 bytes, lora.o(i.LoRa_Reset))
<BR><BR>[Stack]<UL><LI>Max Depth = 64<LI>Call Chain = LoRa_Reset &rArr; u1_printf &rArr; vsprintf
</UL>
<BR>[Calls]<UL><LI><a href="#[61]">&gt;&gt;</a>&nbsp;&nbsp;&nbsp;HAL_GPIO_WritePin
<LI><a href="#[60]">&gt;&gt;</a>&nbsp;&nbsp;&nbsp;HAL_GPIO_ReadPin
<LI><a href="#[59]">&gt;&gt;</a>&nbsp;&nbsp;&nbsp;HAL_Delay
<LI><a href="#[51]">&gt;&gt;</a>&nbsp;&nbsp;&nbsp;u1_printf
</UL>
<BR>[Called By]<UL><LI><a href="#[a6]">&gt;&gt;</a>&nbsp;&nbsp;&nbsp;LoRa_Init
</UL>

<P><STRONG><a name="[a8]"></a>LoRa_Set</STRONG> (Thumb, 150 bytes, Stack size 16 bytes, lora.o(i.LoRa_Set))
<BR><BR>[Stack]<UL><LI>Max Depth = 32<LI>Call Chain = LoRa_Set &rArr; u3_TxDataBuf
</UL>
<BR>[Calls]<UL><LI><a href="#[55]">&gt;&gt;</a>&nbsp;&nbsp;&nbsp;u3_TxDataBuf
</UL>
<BR>[Called By]<UL><LI><a href="#[a6]">&gt;&gt;</a>&nbsp;&nbsp;&nbsp;LoRa_Init
</UL>

<P><STRONG><a name="[6e]"></a>M24C02_ReadSequential</STRONG> (Thumb, 90 bytes, Stack size 24 bytes, 24c02.o(i.M24C02_ReadSequential))
<BR><BR>[Stack]<UL><LI>Max Depth = 48<LI>Call Chain = M24C02_ReadSequential &rArr; IIC_Wait_Ack &rArr; IIC_Stop &rArr; Delay_Us
</UL>
<BR>[Calls]<UL><LI><a href="#[a1]">&gt;&gt;</a>&nbsp;&nbsp;&nbsp;IIC_Wait_Ack
<LI><a href="#[a0]">&gt;&gt;</a>&nbsp;&nbsp;&nbsp;IIC_Stop
<LI><a href="#[9f]">&gt;&gt;</a>&nbsp;&nbsp;&nbsp;IIC_Start
<LI><a href="#[9e]">&gt;&gt;</a>&nbsp;&nbsp;&nbsp;IIC_Send_Byte
<LI><a href="#[9c]">&gt;&gt;</a>&nbsp;&nbsp;&nbsp;IIC_Read_Byte
<LI><a href="#[59]">&gt;&gt;</a>&nbsp;&nbsp;&nbsp;HAL_Delay
</UL>
<BR>[Called By]<UL><LI><a href="#[6d]">&gt;&gt;</a>&nbsp;&nbsp;&nbsp;EEprom_ReadData
</UL>

<P><STRONG><a name="[72]"></a>M24C02_WriteOneByte</STRONG> (Thumb, 52 bytes, Stack size 16 bytes, 24c02.o(i.M24C02_WriteOneByte))
<BR><BR>[Stack]<UL><LI>Max Depth = 40<LI>Call Chain = M24C02_WriteOneByte &rArr; IIC_Wait_Ack &rArr; IIC_Stop &rArr; Delay_Us
</UL>
<BR>[Calls]<UL><LI><a href="#[a1]">&gt;&gt;</a>&nbsp;&nbsp;&nbsp;IIC_Wait_Ack
<LI><a href="#[a0]">&gt;&gt;</a>&nbsp;&nbsp;&nbsp;IIC_Stop
<LI><a href="#[9f]">&gt;&gt;</a>&nbsp;&nbsp;&nbsp;IIC_Start
<LI><a href="#[9e]">&gt;&gt;</a>&nbsp;&nbsp;&nbsp;IIC_Send_Byte
<LI><a href="#[59]">&gt;&gt;</a>&nbsp;&nbsp;&nbsp;HAL_Delay
</UL>
<BR>[Called By]<UL><LI><a href="#[71]">&gt;&gt;</a>&nbsp;&nbsp;&nbsp;EEprom_WriteData
</UL>

<P><STRONG><a name="[a9]"></a>MQTT_ConectPack</STRONG> (Thumb, 530 bytes, Stack size 24 bytes, mqtt.o(i.MQTT_ConectPack))
<BR><BR>[Stack]<UL><LI>Max Depth = 40<LI>Call Chain = MQTT_ConectPack &rArr; u2_TxDataBuf
</UL>
<BR>[Calls]<UL><LI><a href="#[aa]">&gt;&gt;</a>&nbsp;&nbsp;&nbsp;u2_TxDataBuf
<LI><a href="#[5a]">&gt;&gt;</a>&nbsp;&nbsp;&nbsp;strlen
<LI><a href="#[54]">&gt;&gt;</a>&nbsp;&nbsp;&nbsp;__aeabi_memcpy
</UL>
<BR>[Called By]<UL><LI><a href="#[b7]">&gt;&gt;</a>&nbsp;&nbsp;&nbsp;U2PassiveEvent
</UL>

<P><STRONG><a name="[ab]"></a>MQTT_DealPushdatatopic_Qs0</STRONG> (Thumb, 150 bytes, Stack size 72 bytes, mqtt.o(i.MQTT_DealPushdatatopic_Qs0))
<BR><BR>[Stack]<UL><LI>Max Depth = 352<LI>Call Chain = MQTT_DealPushdatatopic_Qs0 &rArr; pow &rArr; __kernel_poly &rArr; __aeabi_dmul &rArr; _double_epilogue &rArr; __aeabi_llsr
</UL>
<BR>[Calls]<UL><LI><a href="#[41]">&gt;&gt;</a>&nbsp;&nbsp;&nbsp;__aeabi_i2d
<LI><a href="#[40]">&gt;&gt;</a>&nbsp;&nbsp;&nbsp;__aeabi_dmul
<LI><a href="#[39]">&gt;&gt;</a>&nbsp;&nbsp;&nbsp;__aeabi_dadd
<LI><a href="#[42]">&gt;&gt;</a>&nbsp;&nbsp;&nbsp;__aeabi_d2iz
<LI><a href="#[57]">&gt;&gt;</a>&nbsp;&nbsp;&nbsp;__aeabi_memclr4
<LI><a href="#[54]">&gt;&gt;</a>&nbsp;&nbsp;&nbsp;__aeabi_memcpy
<LI><a href="#[ac]">&gt;&gt;</a>&nbsp;&nbsp;&nbsp;pow
</UL>
<BR>[Called By]<UL><LI><a href="#[b7]">&gt;&gt;</a>&nbsp;&nbsp;&nbsp;U2PassiveEvent
</UL>

<P><STRONG><a name="[53]"></a>MQTT_PingREQ</STRONG> (Thumb, 20 bytes, Stack size 8 bytes, mqtt.o(i.MQTT_PingREQ))
<BR><BR>[Stack]<UL><LI>Max Depth = 24<LI>Call Chain = MQTT_PingREQ &rArr; u2_TxDataBuf
</UL>
<BR>[Calls]<UL><LI><a href="#[aa]">&gt;&gt;</a>&nbsp;&nbsp;&nbsp;u2_TxDataBuf
</UL>
<BR>[Called By]<UL><LI><a href="#[4f]">&gt;&gt;</a>&nbsp;&nbsp;&nbsp;ActiveEvent
</UL>

<P><STRONG><a name="[5b]"></a>MQTT_PublishQs0</STRONG> (Thumb, 212 bytes, Stack size 40 bytes, mqtt.o(i.MQTT_PublishQs0))
<BR><BR>[Stack]<UL><LI>Max Depth = 56<LI>Call Chain = MQTT_PublishQs0 &rArr; u2_TxDataBuf
</UL>
<BR>[Calls]<UL><LI><a href="#[aa]">&gt;&gt;</a>&nbsp;&nbsp;&nbsp;u2_TxDataBuf
<LI><a href="#[5a]">&gt;&gt;</a>&nbsp;&nbsp;&nbsp;strlen
<LI><a href="#[54]">&gt;&gt;</a>&nbsp;&nbsp;&nbsp;__aeabi_memcpy
</UL>
<BR>[Called By]<UL><LI><a href="#[64]">&gt;&gt;</a>&nbsp;&nbsp;&nbsp;CAT1_SubDevicePost
<LI><a href="#[63]">&gt;&gt;</a>&nbsp;&nbsp;&nbsp;CAT1_SubDeviceLogin
<LI><a href="#[56]">&gt;&gt;</a>&nbsp;&nbsp;&nbsp;CAT1_OTADownload
</UL>

<P><STRONG><a name="[5d]"></a>MQTT_PublishQs1</STRONG> (Thumb, 298 bytes, Stack size 40 bytes, mqtt.o(i.MQTT_PublishQs1))
<BR><BR>[Stack]<UL><LI>Max Depth = 56<LI>Call Chain = MQTT_PublishQs1 &rArr; u2_TxDataBuf
</UL>
<BR>[Calls]<UL><LI><a href="#[aa]">&gt;&gt;</a>&nbsp;&nbsp;&nbsp;u2_TxDataBuf
<LI><a href="#[5a]">&gt;&gt;</a>&nbsp;&nbsp;&nbsp;strlen
<LI><a href="#[54]">&gt;&gt;</a>&nbsp;&nbsp;&nbsp;__aeabi_memcpy
</UL>
<BR>[Called By]<UL><LI><a href="#[5c]">&gt;&gt;</a>&nbsp;&nbsp;&nbsp;CAT1_PropertyVersion
</UL>

<P><STRONG><a name="[ad]"></a>MQTT_Subscribe</STRONG> (Thumb, 346 bytes, Stack size 40 bytes, mqtt.o(i.MQTT_Subscribe))
<BR><BR>[Stack]<UL><LI>Max Depth = 56<LI>Call Chain = MQTT_Subscribe &rArr; u2_TxDataBuf
</UL>
<BR>[Calls]<UL><LI><a href="#[aa]">&gt;&gt;</a>&nbsp;&nbsp;&nbsp;u2_TxDataBuf
<LI><a href="#[5a]">&gt;&gt;</a>&nbsp;&nbsp;&nbsp;strlen
<LI><a href="#[54]">&gt;&gt;</a>&nbsp;&nbsp;&nbsp;__aeabi_memcpy
</UL>
<BR>[Called By]<UL><LI><a href="#[b7]">&gt;&gt;</a>&nbsp;&nbsp;&nbsp;U2PassiveEvent
</UL>

<P><STRONG><a name="[1]"></a>NMI_Handler</STRONG> (Thumb, 2 bytes, Stack size 0 bytes, stm32g0xx_it.o(i.NMI_Handler))
<BR>[Address Reference Count : 1]<UL><LI> startup_stm32g070xx.o(RESET)
</UL>
<P><STRONG><a name="[4]"></a>PendSV_Handler</STRONG> (Thumb, 2 bytes, Stack size 0 bytes, stm32g0xx_it.o(i.PendSV_Handler))
<BR>[Address Reference Count : 1]<UL><LI> startup_stm32g070xx.o(RESET)
</UL>
<P><STRONG><a name="[ae]"></a>SPI2_Init</STRONG> (Thumb, 74 bytes, Stack size 8 bytes, spi.o(i.SPI2_Init))
<BR><BR>[Stack]<UL><LI>Max Depth = 72<LI>Call Chain = SPI2_Init &rArr; HAL_SPI_Init &rArr; HAL_SPI_MspInit &rArr; HAL_GPIO_Init
</UL>
<BR>[Calls]<UL><LI><a href="#[80]">&gt;&gt;</a>&nbsp;&nbsp;&nbsp;HAL_SPI_Init
</UL>
<BR>[Called By]<UL><LI><a href="#[c7]">&gt;&gt;</a>&nbsp;&nbsp;&nbsp;W25Qxx_Init
</UL>

<P><STRONG><a name="[af]"></a>SPI2_Read</STRONG> (Thumb, 28 bytes, Stack size 12 bytes, spi.o(i.SPI2_Read))
<BR><BR>[Stack]<UL><LI>Max Depth = 12<LI>Call Chain = SPI2_Read
</UL>
<BR>[Calls]<UL><LI><a href="#[b0]">&gt;&gt;</a>&nbsp;&nbsp;&nbsp;SPI2_ReadWriteByte
</UL>
<BR>[Called By]<UL><LI><a href="#[bb]">&gt;&gt;</a>&nbsp;&nbsp;&nbsp;W25Qxx_Read
</UL>

<P><STRONG><a name="[c9]"></a>SPI2_ReadByte</STRONG> (Thumb, 56 bytes, Stack size 0 bytes, spi.o(i.SPI2_ReadByte))
<BR><BR>[Called By]<UL><LI><a href="#[c6]">&gt;&gt;</a>&nbsp;&nbsp;&nbsp;W25Qxx_Wait_Busy
</UL>

<P><STRONG><a name="[b0]"></a>SPI2_ReadWriteByte</STRONG> (Thumb, 56 bytes, Stack size 0 bytes, spi.o(i.SPI2_ReadWriteByte))
<BR><BR>[Called By]<UL><LI><a href="#[b3]">&gt;&gt;</a>&nbsp;&nbsp;&nbsp;SPI2_WriteRead
<LI><a href="#[af]">&gt;&gt;</a>&nbsp;&nbsp;&nbsp;SPI2_Read
</UL>

<P><STRONG><a name="[b1]"></a>SPI2_Write</STRONG> (Thumb, 26 bytes, Stack size 12 bytes, spi.o(i.SPI2_Write))
<BR><BR>[Stack]<UL><LI>Max Depth = 12<LI>Call Chain = SPI2_Write
</UL>
<BR>[Calls]<UL><LI><a href="#[b2]">&gt;&gt;</a>&nbsp;&nbsp;&nbsp;SPI2_WriteByte
</UL>
<BR>[Called By]<UL><LI><a href="#[ba]">&gt;&gt;</a>&nbsp;&nbsp;&nbsp;W25Qxx_Write_Page
<LI><a href="#[b9]">&gt;&gt;</a>&nbsp;&nbsp;&nbsp;W25Qxx_Erase_Block
<LI><a href="#[bb]">&gt;&gt;</a>&nbsp;&nbsp;&nbsp;W25Qxx_Read
</UL>

<P><STRONG><a name="[b2]"></a>SPI2_WriteByte</STRONG> (Thumb, 58 bytes, Stack size 0 bytes, spi.o(i.SPI2_WriteByte))
<BR><BR>[Called By]<UL><LI><a href="#[c5]">&gt;&gt;</a>&nbsp;&nbsp;&nbsp;W25Qxx_Write_Enable
<LI><a href="#[c6]">&gt;&gt;</a>&nbsp;&nbsp;&nbsp;W25Qxx_Wait_Busy
<LI><a href="#[b1]">&gt;&gt;</a>&nbsp;&nbsp;&nbsp;SPI2_Write
</UL>

<P><STRONG><a name="[b3]"></a>SPI2_WriteRead</STRONG> (Thumb, 30 bytes, Stack size 16 bytes, spi.o(i.SPI2_WriteRead))
<BR><BR>[Stack]<UL><LI>Max Depth = 16<LI>Call Chain = SPI2_WriteRead
</UL>
<BR>[Calls]<UL><LI><a href="#[b0]">&gt;&gt;</a>&nbsp;&nbsp;&nbsp;SPI2_ReadWriteByte
</UL>
<BR>[Called By]<UL><LI><a href="#[c8]">&gt;&gt;</a>&nbsp;&nbsp;&nbsp;W25Qxx_ReadID
</UL>

<P><STRONG><a name="[3]"></a>SVC_Handler</STRONG> (Thumb, 2 bytes, Stack size 0 bytes, stm32g0xx_it.o(i.SVC_Handler))
<BR>[Address Reference Count : 1]<UL><LI> startup_stm32g070xx.o(RESET)
</UL>
<P><STRONG><a name="[b4]"></a>SysInit</STRONG> (Thumb, 38 bytes, Stack size 8 bytes, cat1.o(i.SysInit))
<BR><BR>[Stack]<UL><LI>Max Depth = 8<LI>Call Chain = SysInit
</UL>
<BR>[Calls]<UL><LI><a href="#[57]">&gt;&gt;</a>&nbsp;&nbsp;&nbsp;__aeabi_memclr4
</UL>
<BR>[Called By]<UL><LI><a href="#[b7]">&gt;&gt;</a>&nbsp;&nbsp;&nbsp;U2PassiveEvent
</UL>

<P><STRONG><a name="[5]"></a>SysTick_Handler</STRONG> (Thumb, 8 bytes, Stack size 8 bytes, stm32g0xx_it.o(i.SysTick_Handler))
<BR><BR>[Stack]<UL><LI>Max Depth = 8<LI>Call Chain = SysTick_Handler
</UL>
<BR>[Calls]<UL><LI><a href="#[b5]">&gt;&gt;</a>&nbsp;&nbsp;&nbsp;HAL_IncTick
</UL>
<BR>[Address Reference Count : 1]<UL><LI> startup_stm32g070xx.o(RESET)
</UL>
<P><STRONG><a name="[22]"></a>SystemInit</STRONG> (Thumb, 8 bytes, Stack size 0 bytes, system_stm32g0xx.o(i.SystemInit))
<BR>[Address Reference Count : 1]<UL><LI> startup_stm32g070xx.o(.text)
</UL>
<P><STRONG><a name="[b6]"></a>U1_Init</STRONG> (Thumb, 36 bytes, Stack size 8 bytes, usart.o(i.U1_Init))
<BR><BR>[Stack]<UL><LI>Max Depth = 100<LI>Call Chain = U1_Init &rArr; HAL_UART_Init &rArr; UART_SetConfig &rArr; HAL_RCC_GetSysClockFreq &rArr; __aeabi_uidivmod
</UL>
<BR>[Calls]<UL><LI><a href="#[91]">&gt;&gt;</a>&nbsp;&nbsp;&nbsp;HAL_UART_Init
</UL>
<BR>[Called By]<UL><LI><a href="#[21]">&gt;&gt;</a>&nbsp;&nbsp;&nbsp;main
</UL>

<P><STRONG><a name="[b7]"></a>U2PassiveEvent</STRONG> (Thumb, 6104 bytes, Stack size 184 bytes, cat1.o(i.U2PassiveEvent))
<BR><BR>[Stack]<UL><LI>Max Depth = 536<LI>Call Chain = U2PassiveEvent &rArr; MQTT_DealPushdatatopic_Qs0 &rArr; pow &rArr; __kernel_poly &rArr; __aeabi_dmul &rArr; _double_epilogue &rArr; __aeabi_llsr
</UL>
<BR>[Calls]<UL><LI><a href="#[ba]">&gt;&gt;</a>&nbsp;&nbsp;&nbsp;W25Qxx_Write_Page
<LI><a href="#[b9]">&gt;&gt;</a>&nbsp;&nbsp;&nbsp;W25Qxx_Erase_Block
<LI><a href="#[71]">&gt;&gt;</a>&nbsp;&nbsp;&nbsp;EEprom_WriteData
<LI><a href="#[bb]">&gt;&gt;</a>&nbsp;&nbsp;&nbsp;W25Qxx_Read
<LI><a href="#[5c]">&gt;&gt;</a>&nbsp;&nbsp;&nbsp;CAT1_PropertyVersion
<LI><a href="#[a5]">&gt;&gt;</a>&nbsp;&nbsp;&nbsp;__ARM_common_switch8
<LI><a href="#[55]">&gt;&gt;</a>&nbsp;&nbsp;&nbsp;u3_TxDataBuf
<LI><a href="#[62]">&gt;&gt;</a>&nbsp;&nbsp;&nbsp;u2_printf
<LI><a href="#[51]">&gt;&gt;</a>&nbsp;&nbsp;&nbsp;u1_printf
<LI><a href="#[50]">&gt;&gt;</a>&nbsp;&nbsp;&nbsp;HAL_GetTick
<LI><a href="#[b4]">&gt;&gt;</a>&nbsp;&nbsp;&nbsp;SysInit
<LI><a href="#[56]">&gt;&gt;</a>&nbsp;&nbsp;&nbsp;CAT1_OTADownload
<LI><a href="#[52]">&gt;&gt;</a>&nbsp;&nbsp;&nbsp;__NVIC_SystemReset
<LI><a href="#[ad]">&gt;&gt;</a>&nbsp;&nbsp;&nbsp;MQTT_Subscribe
<LI><a href="#[ab]">&gt;&gt;</a>&nbsp;&nbsp;&nbsp;MQTT_DealPushdatatopic_Qs0
<LI><a href="#[a9]">&gt;&gt;</a>&nbsp;&nbsp;&nbsp;MQTT_ConectPack
<LI><a href="#[5a]">&gt;&gt;</a>&nbsp;&nbsp;&nbsp;strlen
<LI><a href="#[b8]">&gt;&gt;</a>&nbsp;&nbsp;&nbsp;strstr
<LI><a href="#[57]">&gt;&gt;</a>&nbsp;&nbsp;&nbsp;__aeabi_memclr4
<LI><a href="#[32]">&gt;&gt;</a>&nbsp;&nbsp;&nbsp;__aeabi_memclr
<LI><a href="#[54]">&gt;&gt;</a>&nbsp;&nbsp;&nbsp;__aeabi_memcpy
<LI><a href="#[35]">&gt;&gt;</a>&nbsp;&nbsp;&nbsp;__0sscanf
<LI><a href="#[58]">&gt;&gt;</a>&nbsp;&nbsp;&nbsp;__2sprintf
</UL>
<BR>[Called By]<UL><LI><a href="#[21]">&gt;&gt;</a>&nbsp;&nbsp;&nbsp;main
</UL>

<P><STRONG><a name="[bc]"></a>U2_Init</STRONG> (Thumb, 40 bytes, Stack size 8 bytes, usart.o(i.U2_Init))
<BR><BR>[Stack]<UL><LI>Max Depth = 104<LI>Call Chain = U2_Init &rArr; u2_BuffInit &rArr; HAL_UART_Receive_DMA &rArr; UART_Start_Receive_DMA &rArr; HAL_DMA_Start_IT &rArr; DMA_SetConfig
</UL>
<BR>[Calls]<UL><LI><a href="#[91]">&gt;&gt;</a>&nbsp;&nbsp;&nbsp;HAL_UART_Init
<LI><a href="#[bd]">&gt;&gt;</a>&nbsp;&nbsp;&nbsp;u2_BuffInit
</UL>
<BR>[Called By]<UL><LI><a href="#[21]">&gt;&gt;</a>&nbsp;&nbsp;&nbsp;main
</UL>

<P><STRONG><a name="[be]"></a>U3PassiveEvent</STRONG> (Thumb, 4204 bytes, Stack size 144 bytes, lora.o(i.U3PassiveEvent))
<BR><BR>[Stack]<UL><LI>Max Depth = 596<LI>Call Chain = U3PassiveEvent &rArr; utils_hmac_sha1 &rArr; utils_sha1_finish &rArr; utils_sha1_update &rArr; utils_sha1_process
</UL>
<BR>[Calls]<UL><LI><a href="#[a2]">&gt;&gt;</a>&nbsp;&nbsp;&nbsp;utils_hmac_sha1
<LI><a href="#[bb]">&gt;&gt;</a>&nbsp;&nbsp;&nbsp;W25Qxx_Read
<LI><a href="#[61]">&gt;&gt;</a>&nbsp;&nbsp;&nbsp;HAL_GPIO_WritePin
<LI><a href="#[59]">&gt;&gt;</a>&nbsp;&nbsp;&nbsp;HAL_Delay
<LI><a href="#[64]">&gt;&gt;</a>&nbsp;&nbsp;&nbsp;CAT1_SubDevicePost
<LI><a href="#[63]">&gt;&gt;</a>&nbsp;&nbsp;&nbsp;CAT1_SubDeviceLogin
<LI><a href="#[5e]">&gt;&gt;</a>&nbsp;&nbsp;&nbsp;CAT1_Reset
<LI><a href="#[5c]">&gt;&gt;</a>&nbsp;&nbsp;&nbsp;CAT1_PropertyVersion
<LI><a href="#[a4]">&gt;&gt;</a>&nbsp;&nbsp;&nbsp;LoRa_Get
<LI><a href="#[55]">&gt;&gt;</a>&nbsp;&nbsp;&nbsp;u3_TxDataBuf
<LI><a href="#[51]">&gt;&gt;</a>&nbsp;&nbsp;&nbsp;u1_printf
<LI><a href="#[5a]">&gt;&gt;</a>&nbsp;&nbsp;&nbsp;strlen
[...]
<LI><a href="#[d2]">&gt;&gt;</a>&nbsp;&nbsp;&nbsp;__ARM_scalbn
<LI><a href="#[d8]">&gt;&gt;</a>&nbsp;&nbsp;&nbsp;__set_errno
<LI><a href="#[d9]">&gt;&gt;</a>&nbsp;&nbsp;&nbsp;sqrt
<LI><a href="#[cd]">&gt;&gt;</a>&nbsp;&nbsp;&nbsp;__kernel_poly
<LI><a href="#[da]">&gt;&gt;</a>&nbsp;&nbsp;&nbsp;__ARM_fpclassify
<LI><a href="#[d3]">&gt;&gt;</a>&nbsp;&nbsp;&nbsp;__mathlib_dbl_underflow
<LI><a href="#[d1]">&gt;&gt;</a>&nbsp;&nbsp;&nbsp;__mathlib_dbl_overflow
<LI><a href="#[d0]">&gt;&gt;</a>&nbsp;&nbsp;&nbsp;__mathlib_dbl_invalid
<LI><a href="#[cf]">&gt;&gt;</a>&nbsp;&nbsp;&nbsp;__mathlib_dbl_infnan2
<LI><a href="#[ce]">&gt;&gt;</a>&nbsp;&nbsp;&nbsp;__mathlib_dbl_divzero
</UL>
<BR>[Called By]<UL><LI><a href="#[ab]">&gt;&gt;</a>&nbsp;&nbsp;&nbsp;MQTT_DealPushdatatopic_Qs0
</UL>

<P><STRONG><a name="[d9]"></a>sqrt</STRONG> (Thumb, 66 bytes, Stack size 24 bytes, sqrt.o(i.sqrt))
<BR><BR>[Stack]<UL><LI>Max Depth = 64<LI>Call Chain = sqrt &rArr; _dsqrt &rArr; __aeabi_llsr
</UL>
<BR>[Calls]<UL><LI><a href="#[d8]">&gt;&gt;</a>&nbsp;&nbsp;&nbsp;__set_errno
<LI><a href="#[4e]">&gt;&gt;</a>&nbsp;&nbsp;&nbsp;_dsqrt
</UL>
<BR>[Called By]<UL><LI><a href="#[ac]">&gt;&gt;</a>&nbsp;&nbsp;&nbsp;pow
</UL>

<P><STRONG><a name="[51]"></a>u1_printf</STRONG> (Thumb, 94 bytes, Stack size 32 bytes, usart.o(i.u1_printf))
<BR><BR>[Stack]<UL><LI>Max Depth = 56<LI>Call Chain = u1_printf &rArr; vsprintf
</UL>
<BR>[Calls]<UL><LI><a href="#[5a]">&gt;&gt;</a>&nbsp;&nbsp;&nbsp;strlen
<LI><a href="#[db]">&gt;&gt;</a>&nbsp;&nbsp;&nbsp;vsprintf
</UL>
<BR>[Called By]<UL><LI><a href="#[5e]">&gt;&gt;</a>&nbsp;&nbsp;&nbsp;CAT1_Reset
<LI><a href="#[a7]">&gt;&gt;</a>&nbsp;&nbsp;&nbsp;LoRa_Reset
<LI><a href="#[a4]">&gt;&gt;</a>&nbsp;&nbsp;&nbsp;LoRa_Get
<LI><a href="#[be]">&gt;&gt;</a>&nbsp;&nbsp;&nbsp;U3PassiveEvent
<LI><a href="#[b7]">&gt;&gt;</a>&nbsp;&nbsp;&nbsp;U2PassiveEvent
<LI><a href="#[a6]">&gt;&gt;</a>&nbsp;&nbsp;&nbsp;LoRa_Init
<LI><a href="#[6f]">&gt;&gt;</a>&nbsp;&nbsp;&nbsp;EEprom_ReadInfo
<LI><a href="#[4f]">&gt;&gt;</a>&nbsp;&nbsp;&nbsp;ActiveEvent
<LI><a href="#[21]">&gt;&gt;</a>&nbsp;&nbsp;&nbsp;main
<LI><a href="#[56]">&gt;&gt;</a>&nbsp;&nbsp;&nbsp;CAT1_OTADownload
</UL>

<P><STRONG><a name="[bd]"></a>u2_BuffInit</STRONG> (Thumb, 142 bytes, Stack size 8 bytes, usart.o(i.u2_BuffInit))
<BR><BR>[Stack]<UL><LI>Max Depth = 96<LI>Call Chain = u2_BuffInit &rArr; HAL_UART_Receive_DMA &rArr; UART_Start_Receive_DMA &rArr; HAL_DMA_Start_IT &rArr; DMA_SetConfig
</UL>
<BR>[Calls]<UL><LI><a href="#[83]">&gt;&gt;</a>&nbsp;&nbsp;&nbsp;HAL_UART_Receive_DMA
<LI><a href="#[50]">&gt;&gt;</a>&nbsp;&nbsp;&nbsp;HAL_GetTick
<LI><a href="#[57]">&gt;&gt;</a>&nbsp;&nbsp;&nbsp;__aeabi_memclr4
</UL>
<BR>[Called By]<UL><LI><a href="#[bc]">&gt;&gt;</a>&nbsp;&nbsp;&nbsp;U2_Init
</UL>

<P><STRONG><a name="[aa]"></a>u2_TxDataBuf</STRONG> (Thumb, 118 bytes, Stack size 16 bytes, usart.o(i.u2_TxDataBuf))
<BR><BR>[Stack]<UL><LI>Max Depth = 16<LI>Call Chain = u2_TxDataBuf
</UL>
<BR>[Calls]<UL><LI><a href="#[54]">&gt;&gt;</a>&nbsp;&nbsp;&nbsp;__aeabi_memcpy
</UL>
<BR>[Called By]<UL><LI><a href="#[ad]">&gt;&gt;</a>&nbsp;&nbsp;&nbsp;MQTT_Subscribe
<LI><a href="#[5d]">&gt;&gt;</a>&nbsp;&nbsp;&nbsp;MQTT_PublishQs1
<LI><a href="#[5b]">&gt;&gt;</a>&nbsp;&nbsp;&nbsp;MQTT_PublishQs0
<LI><a href="#[53]">&gt;&gt;</a>&nbsp;&nbsp;&nbsp;MQTT_PingREQ
<LI><a href="#[a9]">&gt;&gt;</a>&nbsp;&nbsp;&nbsp;MQTT_ConectPack
</UL>

<P><STRONG><a name="[62]"></a>u2_printf</STRONG> (Thumb, 94 bytes, Stack size 32 bytes, usart.o(i.u2_printf))
<BR><BR>[Stack]<UL><LI>Max Depth = 56<LI>Call Chain = u2_printf &rArr; vsprintf
</UL>
<BR>[Calls]<UL><LI><a href="#[5a]">&gt;&gt;</a>&nbsp;&nbsp;&nbsp;strlen
<LI><a href="#[db]">&gt;&gt;</a>&nbsp;&nbsp;&nbsp;vsprintf
</UL>
<BR>[Called By]<UL><LI><a href="#[5e]">&gt;&gt;</a>&nbsp;&nbsp;&nbsp;CAT1_Reset
<LI><a href="#[b7]">&gt;&gt;</a>&nbsp;&nbsp;&nbsp;U2PassiveEvent
</UL>

<P><STRONG><a name="[c0]"></a>u3_BuffInit</STRONG> (Thumb, 132 bytes, Stack size 8 bytes, usart.o(i.u3_BuffInit))
<BR><BR>[Stack]<UL><LI>Max Depth = 96<LI>Call Chain = u3_BuffInit &rArr; HAL_UART_Receive_DMA &rArr; UART_Start_Receive_DMA &rArr; HAL_DMA_Start_IT &rArr; DMA_SetConfig
</UL>
<BR>[Calls]<UL><LI><a href="#[83]">&gt;&gt;</a>&nbsp;&nbsp;&nbsp;HAL_UART_Receive_DMA
<LI><a href="#[50]">&gt;&gt;</a>&nbsp;&nbsp;&nbsp;HAL_GetTick
</UL>
<BR>[Called By]<UL><LI><a href="#[bf]">&gt;&gt;</a>&nbsp;&nbsp;&nbsp;U3_Init
</UL>

<P><STRONG><a name="[55]"></a>u3_TxDataBuf</STRONG> (Thumb, 118 bytes, Stack size 16 bytes, usart.o(i.u3_TxDataBuf))
<BR><BR>[Stack]<UL><LI>Max Depth = 16<LI>Call Chain = u3_TxDataBuf
</UL>
<BR>[Calls]<UL><LI><a href="#[54]">&gt;&gt;</a>&nbsp;&nbsp;&nbsp;__aeabi_memcpy
</UL>
<BR>[Called By]<UL><LI><a href="#[a8]">&gt;&gt;</a>&nbsp;&nbsp;&nbsp;LoRa_Set
<LI><a href="#[be]">&gt;&gt;</a>&nbsp;&nbsp;&nbsp;U3PassiveEvent
<LI><a href="#[b7]">&gt;&gt;</a>&nbsp;&nbsp;&nbsp;U2PassiveEvent
<LI><a href="#[4f]">&gt;&gt;</a>&nbsp;&nbsp;&nbsp;ActiveEvent
</UL>

<P><STRONG><a name="[e0]"></a>utils_hb2hex</STRONG> (Thumb, 24 bytes, Stack size 0 bytes, utils_md5.o(i.utils_hb2hex))
<BR><BR>[Called By]<UL><LI><a href="#[a2]">&gt;&gt;</a>&nbsp;&nbsp;&nbsp;utils_hmac_sha1
</UL>

<P><STRONG><a name="[a2]"></a>utils_hmac_sha1</STRONG> (Thumb, 228 bytes, Stack size 280 bytes, utils_hmac.o(i.utils_hmac_sha1))
<BR><BR>[Stack]<UL><LI>Max Depth = 452<LI>Call Chain = utils_hmac_sha1 &rArr; utils_sha1_finish &rArr; utils_sha1_update &rArr; utils_sha1_process
</UL>
<BR>[Calls]<UL><LI><a href="#[57]">&gt;&gt;</a>&nbsp;&nbsp;&nbsp;__aeabi_memclr4
<LI><a href="#[54]">&gt;&gt;</a>&nbsp;&nbsp;&nbsp;__aeabi_memcpy
<LI><a href="#[de]">&gt;&gt;</a>&nbsp;&nbsp;&nbsp;utils_sha1_update
<LI><a href="#[dd]">&gt;&gt;</a>&nbsp;&nbsp;&nbsp;utils_sha1_starts
<LI><a href="#[dc]">&gt;&gt;</a>&nbsp;&nbsp;&nbsp;utils_sha1_init
<LI><a href="#[df]">&gt;&gt;</a>&nbsp;&nbsp;&nbsp;utils_sha1_finish
<LI><a href="#[e0]">&gt;&gt;</a>&nbsp;&nbsp;&nbsp;utils_hb2hex
</UL>
<BR>[Called By]<UL><LI><a href="#[70]">&gt;&gt;</a>&nbsp;&nbsp;&nbsp;IoT_Parameter_Init
<LI><a href="#[be]">&gt;&gt;</a>&nbsp;&nbsp;&nbsp;U3PassiveEvent
</UL>

<P><STRONG><a name="[df]"></a>utils_sha1_finish</STRONG> (Thumb, 254 bytes, Stack size 40 bytes, utils_sha1.o(i.utils_sha1_finish))
<BR><BR>[Stack]<UL><LI>Max Depth = 172<LI>Call Chain = utils_sha1_finish &rArr; utils_sha1_update &rArr; utils_sha1_process
</UL>
<BR>[Calls]<UL><LI><a href="#[de]">&gt;&gt;</a>&nbsp;&nbsp;&nbsp;utils_sha1_update
</UL>
<BR>[Called By]<UL><LI><a href="#[a2]">&gt;&gt;</a>&nbsp;&nbsp;&nbsp;utils_hmac_sha1
</UL>

<P><STRONG><a name="[dc]"></a>utils_sha1_init</STRONG> (Thumb, 14 bytes, Stack size 8 bytes, utils_sha1.o(i.utils_sha1_init))
<BR><BR>[Stack]<UL><LI>Max Depth = 8<LI>Call Chain = utils_sha1_init
</UL>
<BR>[Calls]<UL><LI><a href="#[57]">&gt;&gt;</a>&nbsp;&nbsp;&nbsp;__aeabi_memclr4
</UL>
<BR>[Called By]<UL><LI><a href="#[a2]">&gt;&gt;</a>&nbsp;&nbsp;&nbsp;utils_hmac_sha1
</UL>

<P><STRONG><a name="[e1]"></a>utils_sha1_process</STRONG> (Thumb, 5126 bytes, Stack size 100 bytes, utils_sha1.o(i.utils_sha1_process))
<BR><BR>[Stack]<UL><LI>Max Depth = 100<LI>Call Chain = utils_sha1_process
</UL>
<BR>[Called By]<UL><LI><a href="#[de]">&gt;&gt;</a>&nbsp;&nbsp;&nbsp;utils_sha1_update
</UL>

<P><STRONG><a name="[dd]"></a>utils_sha1_starts</STRONG> (Thumb, 30 bytes, Stack size 0 bytes, utils_sha1.o(i.utils_sha1_starts))
<BR><BR>[Called By]<UL><LI><a href="#[a2]">&gt;&gt;</a>&nbsp;&nbsp;&nbsp;utils_hmac_sha1
</UL>

<P><STRONG><a name="[de]"></a>utils_sha1_update</STRONG> (Thumb, 130 bytes, Stack size 32 bytes, utils_sha1.o(i.utils_sha1_update))
<BR><BR>[Stack]<UL><LI>Max Depth = 132<LI>Call Chain = utils_sha1_update &rArr; utils_sha1_process
</UL>
<BR>[Calls]<UL><LI><a href="#[54]">&gt;&gt;</a>&nbsp;&nbsp;&nbsp;__aeabi_memcpy
<LI><a href="#[e1]">&gt;&gt;</a>&nbsp;&nbsp;&nbsp;utils_sha1_process
</UL>
<BR>[Called By]<UL><LI><a href="#[a2]">&gt;&gt;</a>&nbsp;&nbsp;&nbsp;utils_hmac_sha1
<LI><a href="#[df]">&gt;&gt;</a>&nbsp;&nbsp;&nbsp;utils_sha1_finish
</UL>
<P>
<H3>
Local Symbols
</H3>
<P><STRONG><a name="[68]"></a>__NVIC_SystemReset</STRONG> (Thumb, 44 bytes, Stack size 0 bytes, clock.o(i.__NVIC_SystemReset))
<BR><BR>[Called By]<UL><LI><a href="#[65]">&gt;&gt;</a>&nbsp;&nbsp;&nbsp;CLock_Init
</UL>

<P><STRONG><a name="[52]"></a>__NVIC_SystemReset</STRONG> (Thumb, 44 bytes, Stack size 0 bytes, cat1.o(i.__NVIC_SystemReset))
<BR><BR>[Called By]<UL><LI><a href="#[b7]">&gt;&gt;</a>&nbsp;&nbsp;&nbsp;U2PassiveEvent
<LI><a href="#[4f]">&gt;&gt;</a>&nbsp;&nbsp;&nbsp;ActiveEvent
</UL>

<P><STRONG><a name="[7c]"></a>__NVIC_SetPriority</STRONG> (Thumb, 110 bytes, Stack size 8 bytes, stm32g0xx_hal_cortex.o(i.__NVIC_SetPriority))
<BR><BR>[Stack]<UL><LI>Max Depth = 8<LI>Call Chain = __NVIC_SetPriority
</UL>
<BR>[Called By]<UL><LI><a href="#[7b]">&gt;&gt;</a>&nbsp;&nbsp;&nbsp;HAL_NVIC_SetPriority
<LI><a href="#[7a]">&gt;&gt;</a>&nbsp;&nbsp;&nbsp;HAL_SYSTICK_Config
</UL>

<P><STRONG><a name="[6b]"></a>DMA_CalcDMAMUXChannelBaseAndMask</STRONG> (Thumb, 48 bytes, Stack size 16 bytes, stm32g0xx_hal_dma.o(i.DMA_CalcDMAMUXChannelBaseAndMask))
<BR><BR>[Stack]<UL><LI>Max Depth = 28<LI>Call Chain = DMA_CalcDMAMUXChannelBaseAndMask &rArr; __aeabi_uidivmod
</UL>
<BR>[Calls]<UL><LI><a href="#[6c]">&gt;&gt;</a>&nbsp;&nbsp;&nbsp;__aeabi_uidivmod
</UL>
<BR>[Called By]<UL><LI><a href="#[73]">&gt;&gt;</a>&nbsp;&nbsp;&nbsp;HAL_DMA_Init
</UL>

<P><STRONG><a name="[74]"></a>DMA_CalcDMAMUXRequestGenBaseAndMask</STRONG> (Thumb, 36 bytes, Stack size 0 bytes, stm32g0xx_hal_dma.o(i.DMA_CalcDMAMUXRequestGenBaseAndMask))
<BR><BR>[Called By]<UL><LI><a href="#[73]">&gt;&gt;</a>&nbsp;&nbsp;&nbsp;HAL_DMA_Init
</UL>

<P><STRONG><a name="[76]"></a>DMA_SetConfig</STRONG> (Thumb, 70 bytes, Stack size 16 bytes, stm32g0xx_hal_dma.o(i.DMA_SetConfig))
<BR><BR>[Stack]<UL><LI>Max Depth = 16<LI>Call Chain = DMA_SetConfig
</UL>
<BR>[Called By]<UL><LI><a href="#[75]">&gt;&gt;</a>&nbsp;&nbsp;&nbsp;HAL_DMA_Start_IT
</UL>

<P><STRONG><a name="[29]"></a>UART_DMAAbortOnError</STRONG> (Thumb, 24 bytes, Stack size 16 bytes, stm32g0xx_hal_uart.o(i.UART_DMAAbortOnError))
<BR><BR>[Stack]<UL><LI>Max Depth = 16<LI>Call Chain = UART_DMAAbortOnError
</UL>
<BR>[Calls]<UL><LI><a href="#[8a]">&gt;&gt;</a>&nbsp;&nbsp;&nbsp;HAL_UART_ErrorCallback
</UL>
<BR>[Address Reference Count : 1]<UL><LI> stm32g0xx_hal_uart.o(i.HAL_UART_IRQHandler)
</UL>
<P><STRONG><a name="[2c]"></a>UART_DMAError</STRONG> (Thumb, 90 bytes, Stack size 24 bytes, stm32g0xx_hal_uart.o(i.UART_DMAError))
<BR><BR>[Stack]<UL><LI>Max Depth = 40<LI>Call Chain = UART_DMAError &rArr; UART_EndTxTransfer
</UL>
<BR>[Calls]<UL><LI><a href="#[8a]">&gt;&gt;</a>&nbsp;&nbsp;&nbsp;HAL_UART_ErrorCallback
<LI><a href="#[c2]">&gt;&gt;</a>&nbsp;&nbsp;&nbsp;UART_EndTxTransfer
<LI><a href="#[89]">&gt;&gt;</a>&nbsp;&nbsp;&nbsp;UART_EndRxTransfer
</UL>
<BR>[Address Reference Count : 2]<UL><LI> stm32g0xx_hal_uart.o(i.HAL_UART_Transmit_DMA)
<LI> stm32g0xx_hal_uart.o(i.UART_Start_Receive_DMA)
</UL>
<P><STRONG><a name="[2d]"></a>UART_DMAReceiveCplt</STRONG> (Thumb, 200 bytes, Stack size 16 bytes, stm32g0xx_hal_uart.o(i.UART_DMAReceiveCplt))
<BR><BR>[Stack]<UL><LI>Max Depth = 112<LI>Call Chain = UART_DMAReceiveCplt &rArr; HAL_UART_RxCpltCallback &rArr; HAL_UART_Receive_DMA &rArr; UART_Start_Receive_DMA &rArr; HAL_DMA_Start_IT &rArr; DMA_SetConfig
</UL>
<BR>[Calls]<UL><LI><a href="#[98]">&gt;&gt;</a>&nbsp;&nbsp;&nbsp;HAL_UART_RxCpltCallback
<LI><a href="#[8c]">&gt;&gt;</a>&nbsp;&nbsp;&nbsp;HAL_UARTEx_RxEventCallback
<LI><a href="#[86]">&gt;&gt;</a>&nbsp;&nbsp;&nbsp;__set_PRIMASK
<LI><a href="#[85]">&gt;&gt;</a>&nbsp;&nbsp;&nbsp;__get_PRIMASK
</UL>
<BR>[Address Reference Count : 1]<UL><LI> stm32g0xx_hal_uart.o(i.UART_Start_Receive_DMA)
</UL>
<P><STRONG><a name="[2e]"></a>UART_DMARxHalfCplt</STRONG> (Thumb, 34 bytes, Stack size 16 bytes, stm32g0xx_hal_uart.o(i.UART_DMARxHalfCplt))
<BR><BR>[Stack]<UL><LI>Max Depth = 16<LI>Call Chain = UART_DMARxHalfCplt
</UL>
<BR>[Calls]<UL><LI><a href="#[c3]">&gt;&gt;</a>&nbsp;&nbsp;&nbsp;HAL_UART_RxHalfCpltCallback
<LI><a href="#[8c]">&gt;&gt;</a>&nbsp;&nbsp;&nbsp;HAL_UARTEx_RxEventCallback
</UL>
<BR>[Address Reference Count : 1]<UL><LI> stm32g0xx_hal_uart.o(i.UART_Start_Receive_DMA)
</UL>
<P><STRONG><a name="[28]"></a>UART_DMARxOnlyAbortCallback</STRONG> (Thumb, 48 bytes, Stack size 16 bytes, stm32g0xx_hal_uart.o(i.UART_DMARxOnlyAbortCallback))
<BR><BR>[Stack]<UL><LI>Max Depth = 112<LI>Call Chain = UART_DMARxOnlyAbortCallback &rArr; HAL_UART_AbortReceiveCpltCallback &rArr; HAL_UART_Receive_DMA &rArr; UART_Start_Receive_DMA &rArr; HAL_DMA_Start_IT &rArr; DMA_SetConfig
</UL>
<BR>[Calls]<UL><LI><a href="#[82]">&gt;&gt;</a>&nbsp;&nbsp;&nbsp;HAL_UART_AbortReceiveCpltCallback
</UL>
<BR>[Address Reference Count : 1]<UL><LI> stm32g0xx_hal_uart.o(i.HAL_UART_AbortReceive_IT)
</UL>
<P><STRONG><a name="[2a]"></a>UART_DMATransmitCplt</STRONG> (Thumb, 100 bytes, Stack size 16 bytes, stm32g0xx_hal_uart.o(i.UART_DMATransmitCplt))
<BR><BR>[Stack]<UL><LI>Max Depth = 24<LI>Call Chain = UART_DMATransmitCplt &rArr; HAL_UART_TxCpltCallback
</UL>
<BR>[Calls]<UL><LI><a href="#[9a]">&gt;&gt;</a>&nbsp;&nbsp;&nbsp;HAL_UART_TxCpltCallback
<LI><a href="#[86]">&gt;&gt;</a>&nbsp;&nbsp;&nbsp;__set_PRIMASK
<LI><a href="#[85]">&gt;&gt;</a>&nbsp;&nbsp;&nbsp;__get_PRIMASK
</UL>
<BR>[Address Reference Count : 1]<UL><LI> stm32g0xx_hal_uart.o(i.HAL_UART_Transmit_DMA)
</UL>
<P><STRONG><a name="[2b]"></a>UART_DMATxHalfCplt</STRONG> (Thumb, 14 bytes, Stack size 16 bytes, stm32g0xx_hal_uart.o(i.UART_DMATxHalfCplt))
<BR><BR>[Stack]<UL><LI>Max Depth = 16<LI>Call Chain = UART_DMATxHalfCplt
</UL>
<BR>[Calls]<UL><LI><a href="#[c4]">&gt;&gt;</a>&nbsp;&nbsp;&nbsp;HAL_UART_TxHalfCpltCallback
</UL>
<BR>[Address Reference Count : 1]<UL><LI> stm32g0xx_hal_uart.o(i.HAL_UART_Transmit_DMA)
</UL>
<P><STRONG><a name="[89]"></a>UART_EndRxTransfer</STRONG> (Thumb, 128 bytes, Stack size 16 bytes, stm32g0xx_hal_uart.o(i.UART_EndRxTransfer))
<BR><BR>[Stack]<UL><LI>Max Depth = 16<LI>Call Chain = UART_EndRxTransfer
</UL>
<BR>[Calls]<UL><LI><a href="#[86]">&gt;&gt;</a>&nbsp;&nbsp;&nbsp;__set_PRIMASK
<LI><a href="#[85]">&gt;&gt;</a>&nbsp;&nbsp;&nbsp;__get_PRIMASK
</UL>
<BR>[Called By]<UL><LI><a href="#[88]">&gt;&gt;</a>&nbsp;&nbsp;&nbsp;HAL_UART_IRQHandler
<LI><a href="#[2c]">&gt;&gt;</a>&nbsp;&nbsp;&nbsp;UART_DMAError
</UL>

<P><STRONG><a name="[8e]"></a>UART_EndTransmit_IT</STRONG> (Thumb, 56 bytes, Stack size 16 bytes, stm32g0xx_hal_uart.o(i.UART_EndTransmit_IT))
<BR><BR>[Stack]<UL><LI>Max Depth = 24<LI>Call Chain = UART_EndTransmit_IT &rArr; HAL_UART_TxCpltCallback
</UL>
<BR>[Calls]<UL><LI><a href="#[9a]">&gt;&gt;</a>&nbsp;&nbsp;&nbsp;HAL_UART_TxCpltCallback
<LI><a href="#[86]">&gt;&gt;</a>&nbsp;&nbsp;&nbsp;__set_PRIMASK
<LI><a href="#[85]">&gt;&gt;</a>&nbsp;&nbsp;&nbsp;__get_PRIMASK
</UL>
<BR>[Called By]<UL><LI><a href="#[88]">&gt;&gt;</a>&nbsp;&nbsp;&nbsp;HAL_UART_IRQHandler
</UL>

<P><STRONG><a name="[c2]"></a>UART_EndTxTransfer</STRONG> (Thumb, 82 bytes, Stack size 16 bytes, stm32g0xx_hal_uart.o(i.UART_EndTxTransfer))
<BR><BR>[Stack]<UL><LI>Max Depth = 16<LI>Call Chain = UART_EndTxTransfer
</UL>
<BR>[Calls]<UL><LI><a href="#[86]">&gt;&gt;</a>&nbsp;&nbsp;&nbsp;__set_PRIMASK
<LI><a href="#[85]">&gt;&gt;</a>&nbsp;&nbsp;&nbsp;__get_PRIMASK
</UL>
<BR>[Called By]<UL><LI><a href="#[2c]">&gt;&gt;</a>&nbsp;&nbsp;&nbsp;UART_DMAError
</UL>

<P><STRONG><a name="[85]"></a>__get_PRIMASK</STRONG> (Thumb, 6 bytes, Stack size 0 bytes, stm32g0xx_hal_uart.o(i.__get_PRIMASK))
<BR><BR>[Called By]<UL><LI><a href="#[83]">&gt;&gt;</a>&nbsp;&nbsp;&nbsp;HAL_UART_Receive_DMA
<LI><a href="#[88]">&gt;&gt;</a>&nbsp;&nbsp;&nbsp;HAL_UART_IRQHandler
<LI><a href="#[84]">&gt;&gt;</a>&nbsp;&nbsp;&nbsp;HAL_UART_AbortReceive_IT
<LI><a href="#[99]">&gt;&gt;</a>&nbsp;&nbsp;&nbsp;HAL_UART_Transmit_DMA
<LI><a href="#[c1]">&gt;&gt;</a>&nbsp;&nbsp;&nbsp;UART_WaitOnFlagUntilTimeout
<LI><a href="#[97]">&gt;&gt;</a>&nbsp;&nbsp;&nbsp;UART_Start_Receive_DMA
<LI><a href="#[c2]">&gt;&gt;</a>&nbsp;&nbsp;&nbsp;UART_EndTxTransfer
<LI><a href="#[8e]">&gt;&gt;</a>&nbsp;&nbsp;&nbsp;UART_EndTransmit_IT
<LI><a href="#[89]">&gt;&gt;</a>&nbsp;&nbsp;&nbsp;UART_EndRxTransfer
<LI><a href="#[2a]">&gt;&gt;</a>&nbsp;&nbsp;&nbsp;UART_DMATransmitCplt
<LI><a href="#[2d]">&gt;&gt;</a>&nbsp;&nbsp;&nbsp;UART_DMAReceiveCplt
</UL>

<P><STRONG><a name="[86]"></a>__set_PRIMASK</STRONG> (Thumb, 6 bytes, Stack size 0 bytes, stm32g0xx_hal_uart.o(i.__set_PRIMASK))
<BR><BR>[Called By]<UL><LI><a href="#[83]">&gt;&gt;</a>&nbsp;&nbsp;&nbsp;HAL_UART_Receive_DMA
<LI><a href="#[88]">&gt;&gt;</a>&nbsp;&nbsp;&nbsp;HAL_UART_IRQHandler
<LI><a href="#[84]">&gt;&gt;</a>&nbsp;&nbsp;&nbsp;HAL_UART_AbortReceive_IT
<LI><a href="#[99]">&gt;&gt;</a>&nbsp;&nbsp;&nbsp;HAL_UART_Transmit_DMA
<LI><a href="#[c1]">&gt;&gt;</a>&nbsp;&nbsp;&nbsp;UART_WaitOnFlagUntilTimeout
<LI><a href="#[97]">&gt;&gt;</a>&nbsp;&nbsp;&nbsp;UART_Start_Receive_DMA
<LI><a href="#[c2]">&gt;&gt;</a>&nbsp;&nbsp;&nbsp;UART_EndTxTransfer
<LI><a href="#[8e]">&gt;&gt;</a>&nbsp;&nbsp;&nbsp;UART_EndTransmit_IT
<LI><a href="#[89]">&gt;&gt;</a>&nbsp;&nbsp;&nbsp;UART_EndRxTransfer
<LI><a href="#[2a]">&gt;&gt;</a>&nbsp;&nbsp;&nbsp;UART_DMATransmitCplt
<LI><a href="#[2d]">&gt;&gt;</a>&nbsp;&nbsp;&nbsp;UART_DMAReceiveCplt
</UL>

<P><STRONG><a name="[d4]"></a>_fp_digits</STRONG> (Thumb, 344 bytes, Stack size 64 bytes, printfa.o(i._fp_digits), UNUSED)
<BR><BR>[Calls]<UL><LI><a href="#[40]">&gt;&gt;</a>&nbsp;&nbsp;&nbsp;__aeabi_dmul
<LI><a href="#[39]">&gt;&gt;</a>&nbsp;&nbsp;&nbsp;__aeabi_dadd
<LI><a href="#[47]">&gt;&gt;</a>&nbsp;&nbsp;&nbsp;__aeabi_ddiv
<LI><a href="#[d5]">&gt;&gt;</a>&nbsp;&nbsp;&nbsp;__aeabi_cdrcmple
<LI><a href="#[44]">&gt;&gt;</a>&nbsp;&nbsp;&nbsp;__aeabi_uldivmod
<LI><a href="#[48]">&gt;&gt;</a>&nbsp;&nbsp;&nbsp;__aeabi_d2ulz
</UL>
<BR>[Called By]<UL><LI><a href="#[cb]">&gt;&gt;</a>&nbsp;&nbsp;&nbsp;_printf_core
</UL>

<P><STRONG><a name="[cb]"></a>_printf_core</STRONG> (Thumb, 1754 bytes, Stack size 128 bytes, printfa.o(i._printf_core), UNUSED)
<BR><BR>[Calls]<UL><LI><a href="#[6c]">&gt;&gt;</a>&nbsp;&nbsp;&nbsp;__aeabi_uidivmod
<LI><a href="#[44]">&gt;&gt;</a>&nbsp;&nbsp;&nbsp;__aeabi_uldivmod
<LI><a href="#[d6]">&gt;&gt;</a>&nbsp;&nbsp;&nbsp;_printf_pre_padding
<LI><a href="#[d7]">&gt;&gt;</a>&nbsp;&nbsp;&nbsp;_printf_post_padding
<LI><a href="#[d4]">&gt;&gt;</a>&nbsp;&nbsp;&nbsp;_fp_digits
</UL>
<BR>[Called By]<UL><LI><a href="#[cc]">&gt;&gt;</a>&nbsp;&nbsp;&nbsp;__0vsprintf
<LI><a href="#[ca]">&gt;&gt;</a>&nbsp;&nbsp;&nbsp;__0sprintf
</UL>

<P><STRONG><a name="[d7]"></a>_printf_post_padding</STRONG> (Thumb, 32 bytes, Stack size 24 bytes, printfa.o(i._printf_post_padding), UNUSED)
<BR><BR>[Called By]<UL><LI><a href="#[cb]">&gt;&gt;</a>&nbsp;&nbsp;&nbsp;_printf_core
</UL>

<P><STRONG><a name="[d6]"></a>_printf_pre_padding</STRONG> (Thumb, 44 bytes, Stack size 40 bytes, printfa.o(i._printf_pre_padding), UNUSED)
<BR><BR>[Called By]<UL><LI><a href="#[cb]">&gt;&gt;</a>&nbsp;&nbsp;&nbsp;_printf_core
</UL>

<P><STRONG><a name="[2f]"></a>_sputc</STRONG> (Thumb, 10 bytes, Stack size 0 bytes, printfa.o(i._sputc))
<BR><BR>[Called By]<UL><LI><a href="#[cc]">&gt;&gt;</a>&nbsp;&nbsp;&nbsp;__0vsprintf
<LI><a href="#[ca]">&gt;&gt;</a>&nbsp;&nbsp;&nbsp;__0sprintf
</UL>
<BR>[Address Reference Count : 2]<UL><LI> printfa.o(i.__0sprintf)
<LI> printfa.o(i.__0vsprintf)
</UL>
<P><STRONG><a name="[26]"></a>_scanf_char_input</STRONG> (Thumb, 12 bytes, Stack size 0 bytes, scanf_char.o(.text))
<BR>[Address Reference Count : 1]<UL><LI> scanf_char.o(.text)
</UL><P>
<H3>
Undefined Global Symbols
</H3>
<P><STRONG><a name="[4c]"></a>_scanf_longlong</STRONG> (ARM, 0 bytes, Stack size 0 bytes, UNDEFINED)
<BR><BR>[Called By]<UL><LI><a href="#[45]">&gt;&gt;</a>&nbsp;&nbsp;&nbsp;__vfscanf
</UL>

<P><STRONG><a name="[4b]"></a>_scanf_real</STRONG> (ARM, 0 bytes, Stack size 0 bytes, UNDEFINED)
<BR><BR>[Called By]<UL><LI><a href="#[45]">&gt;&gt;</a>&nbsp;&nbsp;&nbsp;__vfscanf
</UL>
<HR></body></html>
